exit=0
--- stdout tail ---
L01 Beginner  Plate Left         SOLVED pushes=1 states=2
L02 Beginner  Plate Right        SOLVED pushes=1 states=2
L03 Beginner  Above Plate        SOLVED pushes=1 states=2
L04 Beginner  Side Push          SOLVED pushes=1 states=2
L05 Beginner  Long Walk          SOLVED pushes=1 states=2
L06 Beginner  Down Push          SOLVED pushes=1 states=4
L07 Easy      Two Side           SOLVED pushes=2 states=12
L08 Easy      Two Below          SOLVED pushes=2 states=12
L09 Easy      Two Color          SOLVED pushes=2 states=12
L10 Easy      Two Right          SOLVED pushes=2 states=12
L11 Easy      Two Center         SOLVED pushes=2 states=12
L12 Easy      Three Side         SOLVED pushes=3 states=102
L13 Medium    Three Row          SOLVED pushes=3 states=96
L14 Medium    Three Color        SOLVED pushes=3 states=96
L15 Medium    Three Stack        SOLVED pushes=3 states=96
L16 Medium    Three High         SOLVED pushes=3 states=96
L17 Medium    Three Low          SOLVED pushes=3 states=96
L18 Medium    Three Up           SOLVED pushes=3 states=96
L19 Hard      Four Boxes         SOLVED pushes=4 states=809
L20 Hard      Four Color         SOLVED pushes=4 states=809
L21 Hard      Four Wide          SOLVED pushes=4 states=811
L22 Hard      Five Boxes         SOLVED pushes=5 states=6957
L23 Hard      Five Color         SOLVED pushes=5 states=6957
L24 Hard      Four Stack         SOLVED pushes=4 states=809
L25 Expert    Five Big           SOLVED pushes=5 states=6957
L26 Expert    Five Stack         SOLVED pushes=5 states=6957
L27 Expert    Six Boxes          SOLVED pushes=6 states=50348
L28 Expert    Six Center         SOLVED pushes=6 states=50348
L29 Expert    Final Lock         SOLVED pushes=6 states=50348
L30 Expert    Sokoban Switch     SOLVED pushes=6 states=76012

30/30 unique solvable levels, 0 FAILED

--- stderr tail ---

