ok gen-30-all-solvable-by-replay
ok boot-no-errors
ok menu-shown
ok l1-start
ok l1-grid-matches-sim
ok l1-replay-sync
ok l1-won
ok l1-score-sane
ok l1-stars-saved-3
ok l1-best-saved
ok l2-start
ok l2-moves-reset
ok sel-deselect
ok sel-nonmatch-switches
ok undo-after-match
ok undo-restores
ok hint-finds-pair
ok hint-is-legal-move
ok hint-expires
ok shuffle-preserves-multiset
ok deadlock-addline
ok restart-resets
ok l2-replay-win
ok l2-stars-saved-3
ok runtime-errors-a
ok boot-b-no-errors
ok boot-b-menu-level-3
ok boot-b-cells-30
ok boot-b-completed-stars
ok boot-b-current-and-next
ok boot-b-l3-starts
ok boot-b-l3-grid-matches-sim
ok runtime-errors-b

{"pass":33,"fail":0,"total":33,"verdict":"PASS","fails":[],"extra":{"levels":30,"solvability":"all 30 solvable by construction (reverse-insertion replay validated offline)","realWins":["L1 (perfect 18 moves = pairs -> 3 stars)","L2 (perfect -> 3 stars)"],"engineFixes":["P0 random-scatter generator guaranteed nothing about playability — ordinary (greedy) play lost 30/30 levels (deadlocks drew random junk addLine rows into the 12-row GAME OVER); reverse-play constructive generator guarantees a winning line for all 30 (greedy now wins 29/30); odd sizes play one row shorter (odd cell counts can never fully clear)","P2 calcStars thresholds unreachable (min moves = cells/2 but maxMoves = cells/4, ratio always >=2) -> every win scored exactly 1 star; now 3 stars = perfect clear, 2 stars = one bailout row","P3 board never re-checked after a bailout line -> soft-lock when the added row created no match; bailoutCheck chains until a match exists or the board fills for a real loss","P3 analytics bridge assigned bare IIFE-internal names (startCurrent & friends) -> threw \"startCurrent is not defined\" on every page load; aliases now come from window.G"]}}
