exit=0
--- stdout tail ---
Loaded 30 levels
L1 (Beginner 5x5): 1 unique solution + engine-validated ✓
L2 (Beginner 5x5): 1 unique solution + engine-validated ✓
L3 (Beginner 5x5): 1 unique solution + engine-validated ✓
L4 (Beginner 5x5): 1 unique solution + engine-validated ✓
L5 (Beginner 5x5): 1 unique solution + engine-validated ✓
L6 (Beginner 5x5): 1 unique solution + engine-validated ✓
L7 (Easy 6x6): 1 unique solution + engine-validated ✓
L8 (Easy 6x6): 1 unique solution + engine-validated ✓
L9 (Easy 6x6): 1 unique solution + engine-validated ✓
L10 (Easy 6x6): 1 unique solution + engine-validated ✓
L11 (Easy 6x6): 1 unique solution + engine-validated ✓
L12 (Easy 6x6): 1 unique solution + engine-validated ✓
L13 (Medium 7x7): 1 unique solution + engine-validated ✓
L14 (Medium 7x7): 1 unique solution + engine-validated ✓
L15 (Medium 7x7): 1 unique solution + engine-validated ✓
L16 (Medium 7x7): 1 unique solution + engine-validated ✓
L17 (Medium 7x7): 1 unique solution + engine-validated ✓
L18 (Medium 7x7): 1 unique solution + engine-validated ✓
L19 (Hard 8x8): 1 unique solution + engine-validated ✓
L20 (Hard 8x8): 1 unique solution + engine-validated ✓
L21 (Hard 8x8): 1 unique solution + engine-validated ✓
L22 (Hard 8x8): 1 unique solution + engine-validated ✓
L23 (Hard 8x8): 1 unique solution + engine-validated ✓
L24 (Hard 8x8): 1 unique solution + engine-validated ✓
L25 (Expert 9x9): 1 unique solution + engine-validated ✓
L26 (Expert 9x9): 1 unique solution + engine-validated ✓
L27 (Expert 9x9): 1 unique solution + engine-validated ✓
L28 (Expert 9x9): 1 unique solution + engine-validated ✓
L29 (Expert 9x9): 1 unique solution + engine-validated ✓
L30 (Expert 9x9): 1 unique solution + engine-validated ✓

ALL VALID

--- stderr tail ---

