exit=0
--- stdout tail ---
In-engine production checkWin: 30/30 stored solutions accepted
Independent validator:
✅ L1 (Beginner 4x4): VALID — 10 cells, 4 clues
✅ L2 (Beginner 4x4): VALID — 7 cells, 3 clues
✅ L3 (Beginner 4x5): VALID — 9 cells, 3 clues
✅ L4 (Beginner 5x4): VALID — 5 cells, 2 clues
✅ L5 (Beginner 5x5): VALID — 14 cells, 5 clues
✅ L6 (Beginner 5x5): VALID — 9 cells, 3 clues
✅ L7 (Easy 5x6): VALID — 6 cells, 2 clues
✅ L8 (Easy 6x5): VALID — 6 cells, 2 clues
✅ L9 (Easy 6x6): VALID — 12 cells, 4 clues
✅ L10 (Easy 6x6): VALID — 6 cells, 2 clues
✅ L11 (Easy 6x7): VALID — 9 cells, 3 clues
✅ L12 (Easy 7x6): VALID — 8 cells, 2 clues
✅ L13 (Medium 7x7): VALID — 18 cells, 5 clues
✅ L14 (Medium 7x7): VALID — 25 cells, 8 clues
✅ L15 (Medium 7x8): VALID — 12 cells, 3 clues
✅ L16 (Medium 8x7): VALID — 17 cells, 5 clues
✅ L17 (Medium 8x8): VALID — 9 cells, 2 clues
✅ L18 (Medium 8x8): VALID — 19 cells, 5 clues
✅ L19 (Hard 8x9): VALID — 10 cells, 3 clues
✅ L20 (Hard 9x8): VALID — 15 cells, 4 clues
✅ L21 (Hard 9x9): VALID — 12 cells, 3 clues
✅ L22 (Hard 9x9): VALID — 9 cells, 2 clues
✅ L23 (Hard 9x10): VALID — 24 cells, 6 clues
✅ L24 (Hard 10x9): VALID — 23 cells, 6 clues
✅ L25 (Expert 10x10): VALID — 23 cells, 5 clues
✅ L26 (Expert 10x10): VALID — 12 cells, 3 clues
✅ L27 (Expert 10x11): VALID — 38 cells, 9 clues
✅ L28 (Expert 11x10): VALID — 17 cells, 4 clues
✅ L29 (Expert 11x11): VALID — 16 cells, 3 clues
✅ L30 (Expert 11x11): VALID — 15 cells, 3 clues

✅ ALL PASS — 30/30 valid

--- stderr tail ---

