exit=0
--- stdout tail ---
Extracted checkWin: true (661 chars)
Extracted computeStrips: true
Extracted getStripInfo: true
#1 Beginner 5x5: engine checkWin=PASS
#2 Beginner 5x5: engine checkWin=PASS
#3 Beginner 5x5: engine checkWin=PASS
#4 Beginner 5x5: engine checkWin=PASS
#5 Beginner 5x5: engine checkWin=PASS
#6 Beginner 5x5: engine checkWin=PASS
#7 Easy 5x6: engine checkWin=PASS
#8 Easy 5x6: engine checkWin=PASS
#9 Easy 5x6: engine checkWin=PASS
#10 Easy 5x6: engine checkWin=PASS
#11 Easy 5x6: engine checkWin=PASS
#12 Easy 5x6: engine checkWin=PASS
#13 Medium 6x6: engine checkWin=PASS
#14 Medium 6x6: engine checkWin=PASS
#15 Medium 6x6: engine checkWin=PASS
#16 Medium 6x6: engine checkWin=PASS
#17 Medium 6x6: engine checkWin=PASS
#18 Medium 6x6: engine checkWin=PASS
#19 Hard 6x7: engine checkWin=PASS
#20 Hard 6x7: engine checkWin=PASS
#21 Hard 6x7: engine checkWin=PASS
#22 Hard 6x7: engine checkWin=PASS
#23 Hard 6x7: engine checkWin=PASS
#24 Hard 6x7: engine checkWin=PASS
#25 Expert 7x7: engine checkWin=PASS
#26 Expert 7x7: engine checkWin=PASS
#27 Expert 7x7: engine checkWin=PASS
#28 Expert 7x7: engine checkWin=PASS
#29 Expert 7x7: engine checkWin=PASS
#30 Expert 7x7: engine checkWin=PASS

=== IN-ENGINE VERIFICATION (real checkWin from index.html) ===
Engine checkWin pass: 30/30
FAILED: 0

--- stderr tail ---

