exit=0
--- stdout tail ---
Source checks:
  ✓ hasCanvas
  ✓ hasCoreLoop
  ✓ hasStateObj
  ✓ hasUpgradeTable
  ✓ hasMovement
  ✓ hasCustomerLoop
  ✓ hasSaveFn
  ✓ hasVersionGuard
  ✓ hasTutorial
  ✓ hasTutorialDismiss
  ✓ hasShopBtn
  ✓ hasUpgradeBtn
  ✓ hasHireBtn
  ✓ hasGoalBtn
  ✓ hasStatBtn
  ✓ hasAudioBtn
  ✓ hasAudioCtx
  ✓ hasAudioResume
  ✓ monetag
  ✓ adDiv
  ✓ footer
  ✓ h1

PASS: monkey-mart static checks (continuous sim, no level catalog)
Note: full game-loop verification requires live browser (canvas + state machine)

--- stderr tail ---

