exit=0
--- stdout tail ---
Loaded 30 levels from index.html
======================================================================
In-Engine Verifier — Trebuchet Trajectory
======================================================================
  L 1 T1 | h=1 | unique=true | solvable=true | sol=(0,3) ✅
  L 2 T1 | h=1 | unique=true | solvable=true | sol=(1,3) ✅
  L 3 T1 | h=1 | unique=true | solvable=true | sol=(2,3) ✅
  L 4 T1 | h=1 | unique=true | solvable=true | sol=(0,3) ✅
  L 5 T1 | h=1 | unique=true | solvable=true | sol=(0,3) ✅
  L 6 T2 | h=1 | unique=true | solvable=true | sol=(0,4) ✅
  L 7 T2 | h=1 | unique=true | solvable=true | sol=(1,4) ✅
  L 8 T2 | h=1 | unique=true | solvable=true | sol=(0,5) ✅
  L 9 T2 | h=1 | unique=true | solvable=true | sol=(1,4) ✅
  L10 T2 | h=1 | unique=true | solvable=true | sol=(0,4) ✅
  L11 T3 | h=1 | unique=true | solvable=true | sol=(0,6) ✅
  L12 T3 | h=1 | unique=true | solvable=true | sol=(1,4) ✅
  L13 T3 | h=1 | unique=true | solvable=true | sol=(0,4) ✅
  L14 T3 | h=1 | unique=true | solvable=true | sol=(0,4) ✅
  L15 T3 | h=1 | unique=true | solvable=true | sol=(0,6) ✅
  L16 T4 | h=1 | unique=true | solvable=true | sol=(0,7) ✅
  L17 T4 | h=1 | unique=true | solvable=true | sol=(2,7) ✅
  L18 T4 | h=1 | unique=true | solvable=true | sol=(3,4) ✅
  L19 T4 | h=1 | unique=true | solvable=true | sol=(3,4) ✅
  L20 T4 | h=1 | unique=true | solvable=true | sol=(0,7) ✅
  L21 T5 | h=1 | unique=true | solvable=true | sol=(0,8) ✅
  L22 T5 | h=1 | unique=true | solvable=true | sol=(0,8) ✅
  L23 T5 | h=1 | unique=true | solvable=true | sol=(0,8) ✅
  L24 T5 | h=1 | unique=true | solvable=true | sol=(0,8) ✅
  L25 T5 | h=1 | unique=true | solvable=true | sol=(0,8) ✅
  L26 T6 | h=1 | unique=true | solvable=true | sol=(6,9) ✅
  L27 T6 | h=1 | unique=true | solvable=true | sol=(2,9) ✅
  L28 T6 | h=1 | unique=true | solvable=true | sol=(6,9) ✅
  L29 T6 | h=1 | unique=true | solvable=true | sol=(6,9) ✅
  L30 T6 | h=1 | unique=true | solvable=true | sol=(6,9) ✅
======================================================================
RESULTS: 30/30 unique, 30/30 solvable
Overall: ✅ ALL PASS
======================================================================

--- stderr tail ---

