ok   data:121-puzzles-present
ok   data:cages-partition-81
ok   data:cages-connected
ok   data:cage-sizes-bounded
ok   data:cage-sums-correct
ok   data:cages-distinct-digits
ok   data:solutions-latin
ok   data:daily-replica-deterministic
ok   win:easy-all-30  [30/30 zero-mistake wins]
ok   win:stats-overlay-content
ok   win:medium-all-30  [30/30 zero-mistake wins]
ok   win:hard-all-30  [30/30 zero-mistake wins]
ok   win:expert-all-30  [30/30 zero-mistake wins]
ok   win:daily
ok   ui:done-mark-after-win
ok   flow:lose-3-mistakes  [mistakes=3]
ok   flow:lose-alert+reveal  [Game Over — Too many mistakes. The solution has been revealed.]
ok   flow:undo-refunds-mistake
ok   flow:erase-then-win
ok   flow:notes-never-place
ok   flow:keyboard-arrows-digits-undo-del
ok   flow:hint-given-protected  [mistakes=0]
ok   ui:combos-toggle
ok   ui:how-overlay
ok   ui:menu-pause
ok   ui:stats-overlay+reset  [ks-stats=null]
ok   flow:visibility-pause+resume  [00:02->00:02->00:04]
ok   save:beforeunload-writes-board
ok   resume:full-state-then-win  [timer=00:05]
ok   resume:no-load-errors-2
ok   resume:ks-last-fallback
ok   resume:no-load-errors-3
ok   cleanup:cleanupGame-inert
ok   runtime:no-load-errors
ok   runtime:no-async-errors
{"pass":35,"fail":0,"total":35,"verdict":"PASS","fails":[],"extra":{"puzzles":121,"engineBugsFixed":["P1 checkWin exact-match: cages are carved from one solved grid with no uniqueness proof — 53 of 121 puzzles admit valid alternate completions and were rejected as losses. Now validates the real killer-sudoku win condition (full board, Latin rows/cols/boxes, every cage summing to its clue with distinct digits).","P2 visibilitychange: handler paused the clock on hide but never resumed on show — one tab-away permanently froze the timer mid-game. Now resumes when a game is in progress and the menu is closed, and re-arms the interval stopTimer() cleared (the flag alone ticks nothing)."],"harnessFixes":["parseMarkupChildren now populates el.dataset from data-* attributes (static .diff-btn / innerHTML .puzzle-btn handlers read this.dataset.diff/.idx — parsed nodes silently yielded NaN before)","document.querySelectorAll class/tag walk now also walks the parsed body tree, deduped (static class-wired markup like the .diff-btn menu only exists there)","document.dispatchEvent added (engine endGame dispatches new Event('gameover'))"],"notes":[],"dataIntegrity":{"partitionErr":0,"connectErr":0,"sizeErr":0,"sumErr":0,"dupErr":0,"latinErr":0},"perDiff":{"Easy":30,"Medium":30,"Hard":30,"Expert":30},"timerTrace":["00:02","00:02","00:04"],"runtimeErrors":[]}}
