exit=0
--- stdout tail ---
Level  1 [Beginner ] 5x5: engine -> OK
Level  2 [Beginner ] 5x5: engine -> OK
Level  3 [Beginner ] 5x5: engine -> OK
Level  4 [Beginner ] 5x5: engine -> OK
Level  5 [Beginner ] 5x5: engine -> OK
Level  6 [Beginner ] 5x5: engine -> OK
Level  7 [Easy     ] 5x6: engine -> OK
Level  8 [Easy     ] 5x6: engine -> OK
Level  9 [Easy     ] 5x6: engine -> OK
Level 10 [Easy     ] 5x6: engine -> OK
Level 11 [Easy     ] 5x6: engine -> OK
Level 12 [Easy     ] 5x6: engine -> OK
Level 13 [Medium   ] 6x6: engine -> OK
Level 14 [Medium   ] 6x6: engine -> OK
Level 15 [Medium   ] 6x6: engine -> OK
Level 16 [Medium   ] 6x6: engine -> OK
Level 17 [Medium   ] 6x6: engine -> OK
Level 18 [Medium   ] 6x6: engine -> OK
Level 19 [Hard     ] 6x7: engine -> OK
Level 20 [Hard     ] 6x7: engine -> OK
Level 21 [Hard     ] 6x7: engine -> OK
Level 22 [Hard     ] 6x7: engine -> OK
Level 23 [Hard     ] 6x7: engine -> OK
Level 24 [Hard     ] 6x7: engine -> OK
Level 25 [Expert   ] 7x8: engine -> OK
Level 26 [Expert   ] 7x8: engine -> OK
Level 27 [Expert   ] 7x8: engine -> OK
Level 28 [Expert   ] 7x8: engine -> OK
Level 29 [Expert   ] 7x8: engine -> OK
Level 30 [Expert   ] 7x8: engine -> OK

RESULT: ALL 30 VALID (engine)

--- stderr tail ---

