exit=0
--- stdout tail ---
L1 solved 12
L2 solved 18
L3 solved 16
L4 solved 22
L5 solved 19
L6 solved 20
L7 solved 12
L8 solved 22
L9 solved 27
L10 solved 22
L11 solved 27
L12 solved 30
L13 solved 18
L14 solved 26
L15 solved 30
L17 solved 32
L18 solved 30
L19 solved 18
L20 solved 30
L21 solved 28
L22 solved 32
L23 solved 28
L24 solved 34
L16 hard solved 32
L25 hard solved 36
L26 hard solved 34
L27 hard solved 42
L28 hard solved 40
L29 hard solved 46
L30 hard solved 38
L1 PASS replay 12 moves (search 12) stars=2/2
L2 PASS replay 18 moves (search 18) stars=2/2
L3 PASS replay 16 moves (search 16) stars=3/3
L4 PASS replay 22 moves (search 22) stars=3/3
L5 PASS replay 19 moves (search 19) stars=3/3
L6 PASS replay 20 moves (search 20) stars=5/5
L7 PASS replay 12 moves (search 12) stars=2/2
L8 PASS replay 22 moves (search 22) stars=3/3
L9 PASS replay 27 moves (search 27) stars=3/3
L10 PASS replay 22 moves (search 22) stars=4/4
L11 PASS replay 27 moves (search 27) stars=4/4
L12 PASS replay 30 moves (search 30) stars=5/5
L13 PASS replay 18 moves (search 18) stars=2/2
L14 PASS replay 26 moves (search 26) stars=3/3
L15 PASS replay 30 moves (search 30) stars=3/3
L16 PASS replay 32 moves (search 32) stars=4/4
L17 PASS replay 32 moves (search 32) stars=5/5
L18 PASS replay 30 moves (search 30) stars=5/5
L19 PASS replay 18 moves (search 18) stars=2/2
L20 PASS replay 30 moves (search 30) stars=3/3
L21 PASS replay 28 moves (search 28) stars=3/3
L22 PASS replay 32 moves (search 32) stars=4/4
L23 PASS replay 28 moves (search 28) stars=4/4
L24 PASS replay 34 moves (search 34) stars=5/5
L25 PASS replay 36 moves (search 36) stars=5/5
L26 PASS replay 34 moves (search 34) stars=4/4
L27 PASS replay 42 moves (search 42) stars=6/6
L28 PASS replay 40 moves (search 40) stars=6/6
L29 PASS replay 46 moves (search 46) stars=6/6
L30 PASS replay 38 moves (search 38) stars=6/6
{"pass":30,"fail":0,"fails":[],"total":30,"verdict":"PASS","extra":{"levels":30,"durS":54.9}}

--- stderr tail ---

