exit=0
--- stdout tail ---
ms  intended=?  replay-ok=true
L11  SOLVED       optimal=6 slides  states=    1157      5.9ms  intended=?  replay-ok=true
L12  SOLVED       optimal=3 slides  states=      46      0.2ms  intended=?  replay-ok=true
L13  SOLVED       optimal=5 slides  states=    1430      1.8ms  intended=?  replay-ok=true
L14  SOLVED       optimal=4 slides  states=     334      0.3ms  intended=?  replay-ok=true
L15  SOLVED       optimal=6 slides  states=     248      0.3ms  intended=?  replay-ok=true
L16  SOLVED       optimal=7 slides  states=    4774      5.9ms  intended=?  replay-ok=true
L17  SOLVED       optimal=5 slides  states=     607      0.6ms  intended=?  replay-ok=true
L18  SOLVED       optimal=7 slides  states=    2097      2.9ms  intended=?  replay-ok=true
L19  SOLVED       optimal=8 slides  states=     594      1.4ms  intended=?  replay-ok=true
L20  SOLVED       optimal=6 slides  states=    2008      1.9ms  intended=?  replay-ok=true
L21  SOLVED       optimal=6 slides  states=    2519      3.2ms  intended=?  replay-ok=true
L22  SOLVED       optimal=9 slides  states=    1658      2.4ms  intended=?  replay-ok=true
L23  SOLVED       optimal=11 slides  states=     440      0.5ms  intended=?  replay-ok=true
L24  SOLVED       optimal=9 slides  states=     762      0.9ms  intended=?  replay-ok=true
L25  SOLVED       optimal=9 slides  states=    1495      2.4ms  intended=?  replay-ok=true
L26  SOLVED       optimal=7 slides  states=    2040      3.6ms  intended=?  replay-ok=true
L27  SOLVED       optimal=9 slides  states=     337      0.5ms  intended=?  replay-ok=true
L28  SOLVED       optimal=9 slides  states=   14204     51.1ms  intended=?  replay-ok=true
L29  SOLVED       optimal=10 slides  states=     833      1.5ms  intended=?  replay-ok=true
L30  SOLVED       optimal=9 slides  states=      92      0.4ms  intended=?  replay-ok=true
L31  SOLVED       optimal=12 slides  states=      88      0.3ms  intended=?  replay-ok=true
L32  SOLVED       optimal=14 slides  states=     490      1.2ms  intended=?  replay-ok=true
L33  SOLVED       optimal=14 slides  states=     312      0.5ms  intended=?  replay-ok=true
L34  SOLVED       optimal=12 slides  states=     120      0.3ms  intended=?  replay-ok=true
L35  SOLVED       optimal=13 slides  states=     293      0.7ms  intended=?  replay-ok=true
L36  SOLVED       optimal=10 slides  states=     100      0.2ms  intended=?  replay-ok=true
L37  SOLVED       optimal=12 slides  states=     328      0.5ms  intended=?  replay-ok=true
L38  SOLVED       optimal=13 slides  states=      45      0.1ms  intended=?  replay-ok=true
L39  SOLVED       optimal=13 slides  states=     277      0.4ms  intended=?  replay-ok=true
L40  SOLVED       optimal=13 slides  states=     113      0.2ms  intended=?  replay-ok=true
L41  SOLVED       optimal=13 slides  states=     536      0.7ms  intended=?  replay-ok=true
L42  SOLVED       optimal=12 slides  states=     922      1.1ms  intended=?  replay-ok=true
L43  SOLVED       optimal=12 slides  states=      47      0.6ms  intended=?  replay-ok=true
L44  SOLVED       optimal=12 slides  states=     218      0.4ms  intended=?  replay-ok=true
L45  SOLVED       optimal=15 slides  states=     424      0.6ms  intended=?  replay-ok=true
L46  SOLVED       optimal=15 slides  states=     189      0.3ms  intended=?  replay-ok=true
L47  SOLVED       optimal=12 slides  states=    1310      1.8ms  intended=?  replay-ok=true
L48  SOLVED       optimal=12 slides  states=     100      0.2ms  intended=?  replay-ok=true
L49  SOLVED       optimal=12 slides  states=      44      0.2ms  intended=?  replay-ok=true
L50  SOLVED       optimal=15 slides  states=    1050      1.4ms  intended=?  replay-ok=true

SUMMARY: 50 levels | SOLVED 50 | UNSOLVABLE 0 | INCONCLUSIVE 0 | total 0.14s
All SOLVED solutions replay-verified against game canMove rules: true
AUDIT: COMPLETE - every level has a definitive verdict
GAME CONTENT: PASS (all levels solvable)
VERDICT: PASS
{"pass":50,"fail":0,"total":50,"verdict":"PASS"}

--- stderr tail ---

