ok   boot:clean
ok   boot:title-visible
ok   boot:no-unsolvable
ok   play:starts-L1-playing  [{"st":"playing","lvl":0,"daily":false,"won":false,"moves":0,"par":3,"tray":3,"hints":3,"placed":0,"complete":false}]
ok   play:tutorial-hintbox
ok   resize:chairs-in-bounds
ok   L01:engine-solver
ok   L01:drag-replay+win  [{"st":"won","lvl":0,"daily":false,"won":true,"moves":3,"par":3,"tray":0,"hints":3,"placed":3,"complete":true}]
ok   L01:victory-modal
ok   L01:stars-3-saved
ok   L02:drag-miss-returns-to-tray
ok   L02:seated-pickup-to-tray
ok   L02:undo-restores  [{"twoPlaced":true,"oneLeft":"c_t0_1","zeroLeft":true}]
ok   L02:engine-solver
ok   L02:drag-replay+win  [{"st":"won","lvl":1,"daily":false,"won":true,"moves":4,"par":3,"tray":0,"hints":3,"placed":3,"complete":true}]
ok   L02:victory-modal
ok   L02:retry-resets-level  [{"st":"playing","lvl":1,"daily":false,"won":false,"moves":0,"par":3,"tray":3,"hints":3,"placed":0,"complete":false}]
ok   L02-retry:engine-solver
ok   L02-retry:drag-replay+win  [{"st":"won","lvl":1,"daily":false,"won":true,"moves":3,"par":3,"tray":0,"hints":3,"placed":3,"complete":true}]
ok   L02-retry:victory-modal
ok   L03:engine-solver
ok   L03:drag-replay+win  [{"st":"won","lvl":2,"daily":false,"won":true,"moves":4,"par":4,"tray":0,"hints":3,"placed":4,"complete":true}]
ok   L03:victory-modal
ok   L04:engine-solver
ok   L04:drag-replay+win  [{"st":"won","lvl":3,"daily":false,"won":true,"moves":5,"par":5,"tray":0,"hints":3,"placed":5,"complete":true}]
ok   L04:victory-modal
ok   L05:engine-solver
ok   L05:drag-replay+win  [{"st":"won","lvl":4,"daily":false,"won":true,"moves":5,"par":5,"tray":0,"hints":3,"placed":5,"complete":true}]
ok   L05:victory-modal
ok   L06:engine-solver
ok   L06:drag-replay+win  [{"st":"won","lvl":5,"daily":false,"won":true,"moves":5,"par":5,"tray":0,"hints":3,"placed":5,"complete":true}]
ok   L06:victory-modal
ok   L07:engine-solver
ok   L07:drag-replay+win  [{"st":"won","lvl":6,"daily":false,"won":true,"moves":6,"par":6,"tray":0,"hints":3,"placed":6,"complete":true}]
ok   L07:victory-modal
ok   L08:engine-solver
ok   L08:drag-replay+win  [{"st":"won","lvl":7,"daily":false,"won":true,"moves":6,"par":6,"tray":0,"hints":3,"placed":6,"complete":true}]
ok   L08:victory-modal
ok   L09:engine-solver
ok   L09:drag-replay+win  [{"st":"won","lvl":8,"daily":false,"won":true,"moves":7,"par":7,"tray":0,"hints":3,"placed":7,"complete":true}]
ok   L09:victory-modal
ok   L10:engine-solver
ok   L10:drag-replay+win  [{"st":"won","lvl":9,"daily":false,"won":true,"moves":7,"par":7,"tray":0,"hints":3,"placed":7,"complete":true}]
ok   L10:victory-modal
ok   L11:engine-solver
ok   L11:drag-replay+win  [{"st":"won","lvl":10,"daily":false,"won":true,"moves":8,"par":8,"tray":0,"hints":3,"placed":8,"complete":true}]
ok   L11:victory-modal
ok   L12:engine-solver
ok   L12:drag-replay+win  [{"st":"won","lvl":11,"daily":false,"won":true,"moves":9,"par":9,"tray":0,"hints":3,"placed":9,"complete":true}]
ok   L12:victory-modal
ok   L13:engine-solver
ok   L13:drag-replay+win  [{"st":"won","lvl":12,"daily":false,"won":true,"moves":9,"par":9,"tray":0,"hints":3,"placed":9,"complete":true}]
ok   L13:victory-modal
ok   L14:engine-solver
ok   L14:drag-replay+win  [{"st":"won","lvl":13,"daily":false,"won":true,"moves":10,"par":10,"tray":0,"hints":3,"placed":10,"complete":true}]
ok   L14:victory-modal
ok   L15:engine-solver
ok   L15:drag-replay+win  [{"st":"won","lvl":14,"daily":false,"won":true,"moves":9,"par":9,"tray":0,"hints":3,"placed":9,"complete":true}]
ok   L15:victory-modal
ok   L16:engine-solver
ok   L16:drag-replay+win  [{"st":"won","lvl":15,"daily":false,"won":true,"moves":11,"par":11,"tray":0,"hints":3,"placed":11,"complete":true}]
ok   L16:victory-modal
ok   L17:engine-solver
ok   L17:drag-replay+win  [{"st":"won","lvl":16,"daily":false,"won":true,"moves":11,"par":11,"tray":0,"hints":3,"placed":11,"complete":true}]
ok   L17:victory-modal
ok   L18:engine-solver
ok   L18:drag-replay+win  [{"st":"won","lvl":17,"daily":false,"won":true,"moves":12,"par":12,"tray":0,"hints":3,"placed":12,"complete":true}]
ok   L18:victory-modal
ok   L19:engine-solver
ok   L19:drag-replay+win  [{"st":"won","lvl":18,"daily":false,"won":true,"moves":12,"par":12,"tray":0,"hints":3,"placed":12,"complete":true}]
ok   L19:victory-modal
ok   L20:engine-solver
ok   L20:drag-replay+win  [{"st":"won","lvl":19,"daily":false,"won":true,"moves":12,"par":12,"tray":0,"hints":3,"placed":12,"complete":true}]
ok   L20:victory-modal
ok   L21:engine-solver
ok   L21:drag-replay+win  [{"st":"won","lvl":20,"daily":false,"won":true,"moves":13,"par":13,"tray":0,"hints":3,"placed":13,"complete":true}]
ok   L21:victory-modal
ok   L22:engine-solver
ok   L22:drag-replay+win  [{"st":"won","lvl":21,"daily":false,"won":true,"moves":13,"par":13,"tray":0,"hints":3,"placed":13,"complete":true}]
ok   L22:victory-modal
ok   L23:engine-solver
ok   L23:drag-replay+win  [{"st":"won","lvl":22,"daily":false,"won":true,"moves":14,"par":14,"tray":0,"hints":3,"placed":14,"complete":true}]
ok   L23:victory-modal
ok   L24:engine-solver
ok   L24:drag-replay+win  [{"st":"won","lvl":23,"daily":false,"won":true,"moves":14,"par":14,"tray":0,"hints":3,"placed":14,"complete":true}]
ok   L24:victory-modal
ok   L25:engine-solver
ok   L25:drag-replay+win  [{"st":"won","lvl":24,"daily":false,"won":true,"moves":15,"par":15,"tray":0,"hints":3,"placed":15,"complete":true}]
ok   L25:victory-modal
ok   flow:all-25-levels-done  [{"st":"levelSelect","lvl":24,"daily":false,"won":true,"moves":15,"par":15,"tray":0,"hints":3,"placed":15,"complete":true}]
ok   flow:modalNext-says-LEVELS-on-last  [LEVELS]
ok   save:persisted-25-levels-3stars  [unlocked=25]
ok   grid:25-buttons-all-completed  [["level-btn completed","level-btn completed","level-btn completed","level-btn completed","level-btn completed","level-bt]
ok   grid:click-L10-starts-level  [{"st":"playing","lvl":9,"daily":false,"won":false,"moves":0,"par":7,"tray":7,"hints":3,"placed":0,"complete":false}]
ok   L10:reset-clears-board  [{"placedOne":true,"rs":{"st":"playing","lvl":9,"daily":false,"won":false,"moves":0,"par":7,"tray":7,"hints":3,"placed":0,"complete":false}}]
ok   L10:quit-to-levelselect
ok   settings:sfx-toggle-persists  [{"open":true,"s0":true,"s1":false,"s2":true,"persisted":true}]
ok   flow:play-resumes-at-L25  [{"st":"playing","lvl":24,"daily":false,"won":false,"moves":0,"par":15,"tray":15,"hints":3,"placed":0,"complete":false}]
ok   hud:mute-quick-toggle  [{"m0":true,"m1":false,"m2":true}]
ok   daily:starts-playing  [{"st":"playing","lvl":24,"daily":true,"won":false,"moves":0,"par":12,"tray":12,"hints":3,"placed":0,"complete":false}]
ok   daily:constraints-survived  [daily fell back to constraint-clear]
ok   DAILY:engine-solver
ok   DAILY:drag-replay+win  [{"st":"won","lvl":24,"daily":true,"won":true,"moves":12,"par":12,"tray":0,"hints":3,"placed":12,"complete":true}]
ok   DAILY:victory-modal
ok   daily:win-saved  [{"date":0,"stars":3,"score":1798}]
ok   daily:modalNext-says-LEVELS
ok   daily:next-to-levelselect
ok   specs:all-6-constraint-types-used  [["next","notnext","face","tablenum","tabletype","near"]]
ok   cleanup:beforeunload-clean
{"pass":109,"fail":0,"total":109,"verdict":"PASS","fails":[],"extra":{"levels":25,"constraintsCleared":[],"typeCensus":{},"engineBugsFixed":[],"daily":{"date":0,"stars":3,"score":1798},"specCensus":{"L1":["next"],"L2":["next"],"L3":["next"],"L4":["next","notnext"],"L5":["next","notnext"],"L6":["next","notnext"],"L7":["next","notnext"],"L8":["next","notnext"],"L9":["next","notnext","face","tablenum"],"L10":["next","notnext","face","tablenum","tabletype"],"L11":["next","notnext","face","tablenum","tabletype"],"L12":["next","notnext","face","tablenum"],"L13":["next","notnext","face","tablenum","tabletype"],"L14":["next","notnext","face","tablenum"],"L15":["next","notnext","face","tablenum","tabletype"],"L16":["next","notnext","face","tablenum","tabletype","near"],"L17":["next","notnext","face","tablenum","near"],"L18":["next","notnext","face","tablenum","tabletype","near"],"L19":["next","notnext","face","tablenum","tabletype","near"],"L20":["next","notnext","face","tablenum","near"],"L21":["next","notnext","face","tablenum","tabletype","near"],"L22":["next","notnext","face","tablenum","near"],"L23":["next","notnext","face","tablenum","tabletype","near"],"L24":["next","notnext","face","tablenum","tabletype","near"],"L25":["next","notnext","face","tablenum","near"]},"runtimeErrors":[]}}
