exit=0
--- stdout tail ---
, saved
  OK L6 (Stacked Up, par 5) — solved in 1 clicks (BFS optimal), 3 stars, saved
  OK L7 (Block Party, par 4) — solved in 2 clicks (BFS optimal), 3 stars, saved
  OK L8 (Simple Path, par 4) — solved in 3 clicks (BFS optimal), 3 stars, saved
  OK L9 (Medium Start, par 5) — solved in 1 clicks (BFS optimal), 3 stars, saved
  OK L10 (Chain Reaction, par 6) — solved in 1 clicks (BFS optimal), 3 stars, saved
  OK L11 (Maze Runner, par 7) — solved in 1 clicks (BFS optimal), 3 stars, saved
  OK L12 (Tight Squeeze, par 6) — solved in 1 clicks (BFS optimal), 3 stars, saved
  OK L13 (Traffic Jam, par 7) — solved in 1 clicks (BFS optimal), 3 stars, saved
  OK L14 (Cross Path, par 6) — solved in 1 clicks (BFS optimal), 3 stars, saved
  OK L15 (Staggered, par 8) — solved in 2 clicks (BFS optimal), 3 stars, saved
  OK L16 (Downtown, par 6) — solved in 1 clicks (BFS optimal), 3 stars, saved
  OK L17 (Hard Start, par 9) — solved in 2 clicks (BFS optimal), 3 stars, saved
  OK L18 (Boss: Intersection, par 12) — solved in 3 clicks (BFS optimal), 3 stars, saved
  OK L19 (Truck Route, par 8) — solved in 2 clicks (BFS optimal), 3 stars, saved
  OK L20 (Gridlock, par 9) — solved in 1 clicks (BFS optimal), 3 stars, saved
  OK L21 (Busy Street, par 10) — solved in 1 clicks (BFS optimal), 3 stars, saved
  OK L22 (Rush Hour, par 10) — solved in 3 clicks (BFS optimal), 3 stars, saved
  OK L23 (Detour, par 11) — solved in 1 clicks (BFS optimal), 3 stars, saved
  OK L24 (Boss: Rush, par 13) — solved in 1 clicks (BFS optimal), 3 stars, saved
  OK L25 (Expert Start, par 11) — solved in 2 clicks (BFS optimal), 3 stars, saved
  OK L26 (Truck Stop, par 11) — solved in 2 clicks (BFS optimal), 3 stars, saved
  OK L27 (Bus Terminal, par 12) — solved in 1 clicks (BFS optimal), 3 stars, saved
  OK L28 (Double Trouble, par 10) — solved in 1 clicks (BFS optimal), 3 stars, saved
  OK L29 (Wide Load, par 12) — solved in 1 clicks (BFS optimal), 3 stars, saved
  OK L30 (Long Haul, par 11) — solved in 1 clicks (BFS optimal), 3 stars, saved
  OK L31 (Interstate, par 12) — solved in 1 clicks (BFS optimal), 3 stars, saved
  OK L32 (Grand Master, par 14) — solved in 1 clicks (BFS optimal), 3 stars, saved
  OK L33 (Master Start, par 13) — solved in 1 clicks (BFS optimal), 3 stars, saved
  OK L34 (Boss: Grid, par 16) — solved in 1 clicks (BFS optimal), 3 stars, saved
  OK L35 (Cargo Bay, par 14) — solved in 2 clicks (BFS optimal), 3 stars, saved
  OK L36 (Freight Train, par 14) — solved in 2 clicks (BFS optimal), 3 stars, saved
  OK L37 (Night Traffic, par 14) — solved in 1 clicks (BFS optimal), 3 stars, saved
  OK L38 (Boss: Summit, par 18) — solved in 1 clicks (BFS optimal), 3 stars, saved
  OK L39 (Marathon, par 15) — solved in 2 clicks (BFS optimal), 3 stars, saved
  OK L40 (Final Approach, par 15) — solved in 2 clicks (BFS optimal), 3 stars, saved
  OK L41 (GM Start, par 14) — solved in 1 clicks (BFS optimal), 3 stars, saved
  OK L42 (Ultimate Grid, par 15) — solved in 1 clicks (BFS optimal), 3 stars, saved
  OK L43 (Chaos Theory, par 16) — solved in 1 clicks (BFS optimal), 3 stars, saved
  OK L44 (Grid Master, par 16) — solved in 3 clicks (BFS optimal), 3 stars, saved
  OK L45 (Maximum Overload, par 15) — solved in 1 clicks (BFS optimal), 3 stars, saved
  OK L46 (Gridlock Extreme, par 17) — solved in 1 clicks (BFS optimal), 3 stars, saved
  OK L47 (Traffic Chaos, par 16) — solved in 2 clicks (BFS optimal), 3 stars, saved
  OK L48 (The Gauntlet, par 17) — solved in 2 clicks (BFS optimal), 3 stars, saved
  OK L49 (Final Boss, par 20) — solved in 2 clicks (BFS optimal), 3 stars, saved
  OK L50 (Champion, par 18) — solved in 1 clicks (BFS optimal), 3 stars, saved
  OK blocked click + undo — blocked car rejected; undo restored car+moves
  OK restart mid-level — restart restored board
  OK all 50 boards data-valid + BFS <= par — 50/50 valid, solvable, longest optimum 3 clicks
  OK save persistence — 57 coins, 50 star records
{"pass":54,"fail":0,"total":54,"verdict":"PASS"}

--- stderr tail ---

