ok   boot:clean
ok   boot:tutorial-first-visit
ok   tut:starts-L1
ok   tut:save-marks-seen
ok   L01:solve-4/6/9=4px
ok   L01:complete-screen
ok   L02:solve-4/6/9=4px
ok   L02:complete-screen
ok   L03:solve-4/6/9=4px
ok   L03:complete-screen
ok   L04:solve-4/6/9=4px
ok   L04:complete-screen
ok   L05:solve-4/6/9=6px
ok   L05:complete-screen
ok   L06:solve-4/6/9=6px
ok   L06:complete-screen
ok   L07:solve-4/6/9=6px
ok   L07:complete-screen
ok   L08:solve-4/6/9=6px
ok   L08:complete-screen
ok   L09:solve-4/6/9=6px
ok   L09:complete-screen
ok   L10:solve-4/6/9=6px
ok   L10:complete-screen
ok   L11:solve-4/6/9=6px
ok   L11:complete-screen
ok   L12:solve-4/6/9=6px
ok   L12:complete-screen
ok   L13:solve-4/6/9=9px
ok   L13:complete-screen
ok   L14:solve-4/6/9=9px
ok   L14:complete-screen
ok   L15:solve-4/6/9=9px
ok   L15:complete-screen
ok   L16:solve-4/6/9=9px
ok   L16:complete-screen
ok   L17:solve-4/6/9=9px
ok   L17:complete-screen
ok   L18:solve-4/6/9=9px
ok   L18:complete-screen
ok   L19:solve-4/6/9=9px
ok   L19:complete-screen
ok   L20:solve-4/6/9=9px
ok   L20:complete-screen
ok   L21:solve-4/6/9=9px
ok   L21:complete-screen
ok   L22:solve-4/6/9=9px
ok   L22:complete-screen
ok   L23:solve-4/6/9=9px
ok   L23:complete-screen
ok   L24:solve-4/6/9=9px
ok   L24:complete-screen
ok   L25:solve-4/6/9=9px
ok   L25:complete-screen
ok   L26:solve-4/6/9=9px
ok   L26:complete-screen
ok   L27:solve-4/6/9=9px
ok   L27:complete-screen
ok   flow:level-select-after-last
ok   save:27-levels-3stars  [27 entries]
ok   grid:27-cells-all-done-unlocked  [cells=27]
ok   grid:7-tier-pills  [pills=7]
ok   grid:replay-L2-loads
ok   L02-replay:mistake+undo+erase  [{"m1":true,"undone":true,"placed":true,"erased":true}]
ok   L02-replay:notes-mode
ok   L02-replay:finish-after-tests
ok   L02-replay:2-stars-with-mistake  [★★☆]
ok   L02-replay:best-stars-stays-3
ok   grid:replay-L3-loads
ok   L03-replay:hint-reveals-cell  [{"h1":true,"revealed":true}]
ok   L03-replay:finish-with-hint
ok   L03-replay:2-stars-with-hint
ok   hud:sound-toggle-persists
ok   settings:music-toggle-persists  [{"open":true,"musicOff":true}]
ok   settings:reset-clears-save-back-to-splash  [save={"v":1,"progress":{},"daily":{},"lastTier":"All","muted":false,"music":true,"tutSeen":true}]
ok   settings:splash-after-reset
ok   settings:grid-locked-after-reset  [locked=26]
ok   daily:loads-daily-level  [seed=19700101 idx=10]
ok   daily:solve
ok   daily:complete-screen
ok   daily:win-saved  [{"19700101":{"stars":3,"bestTime":0,"played":true}}]
ok   daily:close-to-splash
ok   flow:play-resumes-fresh-L1
ok   input:given-cell-protected
ok   input:mistake-capped-hud  [1/3]
ok   cleanup:beforeunload-clean
{"pass":86,"fail":0,"total":86,"verdict":"PASS","fails":[],"extra":{"levels":27,"engineBugsFixed":[],"tiers":{"Beginner":4,"Easy":4,"Medium":4,"Hard":6,"Expert":5,"Master":4},"runtimeErrors":[]}}
