exit=0
--- stdout tail ---
  ..L1 5x5 done
  ..L2 5x5 done
  ..L3 5x5 done
  ..L4 5x5 done
  ..L5 5x5 done
  ..L6 5x5 done
  ..L7 5x5 done
  ..L8 5x5 done
  ..L9 7x7 done
  ..L10 7x7 done
  ..L11 7x7 done
  ..L12 7x7 done
  ..L13 7x7 done
  ..L14 7x7 done
  ..L15 7x7 done
  ..L16 7x7 done
  ..L17 9x9 done
  ..L18 9x9 done
  ..L19 9x9 done
  ..L20 9x9 done
  ..L21 9x9 done
  ..L22 9x9 done
  ..L23 9x9 done
  ..L24 9x9 done
  ..L25 12x12 done
  ..L26 12x12 done
  ..L27 12x12 done
  ..L28 12x12 done
  ..L29 12x12 done
  ..L30 12x12 done
kuromasu in-engine verification: 31/31 (30 static levels + daily; independent row-pattern solver -> replay via engine toggleCell -> checkSolution win)
  L1 5x5 [easy]: embedded solution (3ms) validated + won in-engine, stars=3
  L9 7x7 [medium]: embedded solution (5ms) validated + won in-engine, stars=3
  L17 9x9 [hard]: embedded solution (8ms) validated + won in-engine, stars=3
  L25 12x12 [expert]: embedded solution (1ms) validated + won in-engine, stars=3
  L30 12x12 [expert]: embedded solution (3ms) validated + won in-engine, stars=3
  daily 7x7 (15 clues): solved independently and won in-engine
{"pass":31,"fail":0,"total":31,"verdict":"PASS"}

--- stderr tail ---

