exit=0
--- stdout tail ---
In-engine production checkSolution: 30/30 stored line sets accepted
Independent validator:
L1 Beginner 5x5: PASS (11 edges, 8 circles)
L2 Beginner 5x5: PASS (14 edges, 8 circles)
L3 Beginner 5x5: PASS (9 edges, 8 circles)
L4 Beginner 5x5: PASS (8 edges, 8 circles)
L5 Beginner 5x5: PASS (11 edges, 8 circles)
L6 Beginner 5x5: PASS (12 edges, 8 circles)
L7 Easy 6x6: PASS (23 edges, 12 circles)
L8 Easy 6x6: PASS (20 edges, 12 circles)
L9 Easy 6x6: PASS (18 edges, 12 circles)
L10 Easy 6x6: PASS (16 edges, 12 circles)
L11 Easy 6x6: PASS (16 edges, 12 circles)
L12 Easy 6x6: PASS (19 edges, 12 circles)
L13 Medium 7x7: PASS (29 edges, 16 circles)
L14 Medium 7x7: PASS (22 edges, 16 circles)
L15 Medium 7x7: PASS (32 edges, 16 circles)
L16 Medium 7x7: PASS (29 edges, 16 circles)
L17 Medium 7x7: PASS (20 edges, 16 circles)
L18 Medium 7x7: PASS (24 edges, 16 circles)
L19 Hard 8x8: PASS (37 edges, 20 circles)
L20 Hard 8x8: PASS (31 edges, 20 circles)
L21 Hard 8x8: PASS (33 edges, 20 circles)
L22 Hard 8x8: PASS (33 edges, 20 circles)
L23 Hard 8x8: PASS (38 edges, 20 circles)
L24 Hard 8x8: PASS (38 edges, 20 circles)
L25 Expert 9x9: PASS (46 edges, 24 circles)
L26 Expert 9x9: PASS (38 edges, 24 circles)
L27 Expert 9x9: PASS (40 edges, 24 circles)
L28 Expert 9x9: PASS (45 edges, 24 circles)
L29 Expert 9x9: PASS (48 edges, 24 circles)
L30 Expert 9x9: PASS (45 edges, 24 circles)

✓ ALL 30 LEVELS PASS

--- stderr tail ---

