exit=0
--- stdout tail ---
L1: SOLVABLE (BFS=13, stored par=13, sol=13) PAR OK
L2: SOLVABLE (BFS=10, stored par=10, sol=53) PAR OK
L3: SOLVABLE (BFS=20, stored par=20, sol=40) PAR OK
L4: SOLVABLE (BFS=12, stored par=12, sol=12) PAR OK
L5: SOLVABLE (BFS=4, stored par=4, sol=52) PAR OK
L6: SOLVABLE (BFS=11, stored par=11, sol=11) PAR OK
L7: SOLVABLE (BFS=13, stored par=13, sol=13) PAR OK
L8: SOLVABLE (BFS=25, stored par=25, sol=25) PAR OK
L9: SOLVABLE (BFS=16, stored par=16, sol=40) PAR OK
L10: SOLVABLE (BFS=34, stored par=34, sol=36) PAR OK
L11: SOLVABLE (BFS=10, stored par=10, sol=26) PAR OK
L12: SOLVABLE (BFS=9, stored par=9, sol=9) PAR OK
L13: SOLVABLE (BFS=15, stored par=15, sol=57) PAR OK
L14: SOLVABLE (BFS=21, stored par=21, sol=39) PAR OK
L15: SOLVABLE (BFS=30, stored par=30, sol=42) PAR OK
L16: SOLVABLE (BFS=3, stored par=3, sol=3) PAR OK
L17: SOLVABLE (BFS=10, stored par=10, sol=50) PAR OK
L18: SOLVABLE (BFS=6, stored par=6, sol=54) PAR OK
L19: SOLVABLE (BFS=17, stored par=17, sol=17) PAR OK
L20: SOLVABLE (BFS=4, stored par=4, sol=4) PAR OK
L21: SOLVABLE (BFS=33, stored par=33, sol=57) PAR OK
L22: SOLVABLE (BFS=36, stored par=36, sol=36) PAR OK
L23: SOLVABLE (BFS=3, stored par=3, sol=3) PAR OK
L24: SOLVABLE (BFS=8, stored par=8, sol=40) PAR OK
L25: SOLVABLE (BFS=14, stored par=14, sol=14) PAR OK
L26: SOLVABLE (BFS=31, stored par=31, sol=113) PAR OK
L27: SOLVABLE (BFS=8, stored par=8, sol=8) PAR OK
L28: SOLVABLE (BFS=21, stored par=21, sol=21) PAR OK
L29: SOLVABLE (BFS=33, stored par=33, sol=87) PAR OK
L30: SOLVABLE (BFS=58, stored par=58, sol=58) PAR OK

=== In-Engine BFS Verification ===
Total levels: 30
All solvable with correct par: YES

--- stderr tail ---

