exit=0
--- stdout tail ---
L1 5x5 ENGINE PASS
L2 5x5 ENGINE PASS
L3 5x5 ENGINE PASS
L4 5x5 ENGINE PASS
L5 5x5 ENGINE PASS
L6 5x5 ENGINE PASS
L7 6x6 ENGINE PASS
L8 6x6 ENGINE PASS
L9 6x6 ENGINE PASS
L10 6x6 ENGINE PASS
L11 6x6 ENGINE PASS
L12 6x6 ENGINE PASS
L13 7x7 ENGINE PASS
L14 7x7 ENGINE PASS
L15 7x7 ENGINE PASS
L16 7x7 ENGINE PASS
L17 7x7 ENGINE PASS
L18 7x7 ENGINE PASS
L19 7x7 ENGINE PASS
L20 7x7 ENGINE PASS
L21 7x7 ENGINE PASS
L22 7x7 ENGINE PASS
L23 7x7 ENGINE PASS
L24 7x7 ENGINE PASS
L25 8x8 ENGINE PASS
L26 8x8 ENGINE PASS
L27 8x8 ENGINE PASS
L28 8x8 ENGINE PASS
L29 8x8 ENGINE PASS
L30 8x8 ENGINE PASS

30/30 engine-verified, 0 fail

--- stderr tail ---

