yajilin in-engine verification: 0/31 items (30 levels + daily, per-level child processes: engine genPuzzle + independent clue/non-adjacency validation + independent Hamiltonian cycle over grid-shaded-clues + played via cellAction to win), verdict=FAIL
  FAIL L1 (2448ms): no winnable state: intended shading has no cycle over grid-shaded-clues (free=23 (odd — bipartite grid admits no cycle), cluesOnEngineHc=5) and bounded alternate-shading search found none (7455 candidates)
  FAIL L2 (2752ms): no winnable state: intended shading has no cycle over grid-shaded-clues (degree<2, cluesOnEngineHc=5) and bounded alternate-shading search found none (19643 candidates)
  FAIL L3 (9411ms): startLevel failed: genPuzzle returned null (200 attempts), engine bounces to title screen — level unplayable
  FAIL L4 (9344ms): startLevel failed: genPuzzle returned null (200 attempts), engine bounces to title screen — level unplayable
  FAIL L5 (10298ms): startLevel failed: genPuzzle returned null (200 attempts), engine bounces to title screen — level unplayable
  FAIL L6 (3187ms): no winnable state: intended shading has no cycle over grid-shaded-clues (free=17 (odd — bipartite grid admits no cycle), cluesOnEngineHc=9) and bounded alternate-shading search found none (2321 candidates)
  FAIL L7: worker killed at 100s — engine search (genPuzzle/findHC) does not terminate; in-browser this hangs the tab
  FAIL L8 (10025ms): no winnable state: intended shading has no cycle over grid-shaded-clues (degree<2, cluesOnEngineHc=6) and bounded alternate-shading search found none (38773 candidates)
  FAIL L9 (5257ms): no winnable state: intended shading has no cycle over grid-shaded-clues (degree<2, cluesOnEngineHc=7) and bounded alternate-shading search found none (23412 candidates)
  FAIL L10 (12209ms): startLevel failed: genPuzzle returned null (200 attempts), engine bounces to title screen — level unplayable
  FAIL L11: worker killed at 100s — engine search (genPuzzle/findHC) does not terminate; in-browser this hangs the tab
  FAIL L12: worker killed at 100s — engine search (genPuzzle/findHC) does not terminate; in-browser this hangs the tab
  FAIL L13: worker killed at 100s — engine search (genPuzzle/findHC) does not terminate; in-browser this hangs the tab
  FAIL L14: worker killed at 100s — engine search (genPuzzle/findHC) does not terminate; in-browser this hangs the tab
  FAIL L15: worker killed at 100s — engine search (genPuzzle/findHC) does not terminate; in-browser this hangs the tab
  FAIL L16: worker killed at 100s — engine search (genPuzzle/findHC) does not terminate; in-browser this hangs the tab
  FAIL L17: worker killed at 100s — engine search (genPuzzle/findHC) does not terminate; in-browser this hangs the tab
  FAIL L18: worker killed at 100s — engine search (genPuzzle/findHC) does not terminate; in-browser this hangs the tab
  FAIL L19: worker killed at 100s — engine search (genPuzzle/findHC) does not terminate; in-browser this hangs the tab
  FAIL L20: worker killed at 100s — engine search (genPuzzle/findHC) does not terminate; in-browser this hangs the tab
  FAIL L21: worker killed at 100s — engine search (genPuzzle/findHC) does not terminate; in-browser this hangs the tab
  FAIL L22: worker killed at 100s — engine search (genPuzzle/findHC) does not terminate; in-browser this hangs the tab
  FAIL L23: worker killed at 100s — engine search (genPuzzle/findHC) does not terminate; in-browser this hangs the tab
  FAIL L24: worker killed at 100s — engine search (genPuzzle/findHC) does not terminate; in-browser this hangs the tab
  FAIL L25: worker killed at 100s — engine search (genPuzzle/findHC) does not terminate; in-browser this hangs the tab
  FAIL L26: worker killed at 100s — engine search (genPuzzle/findHC) does not terminate; in-browser this hangs the tab
  FAIL L27: worker killed at 100s — engine search (genPuzzle/findHC) does not terminate; in-browser this hangs the tab
  FAIL L28: worker killed at 100s — engine search (genPuzzle/findHC) does not terminate; in-browser this hangs the tab
  FAIL L29: worker killed at 100s — engine search (genPuzzle/findHC) does not terminate; in-browser this hangs the tab
  FAIL L30: worker killed at 100s — engine search (genPuzzle/findHC) does not terminate; in-browser this hangs the tab
  FAIL daily: worker killed at 100s — engine search (genPuzzle/findHC) does not terminate; in-browser this hangs the tab
{"pass":0,"fail":31,"total":31,"failIdx":[1,2,3,4,5,6,7,8,9,10,11,12,13,14,15,16,17,18,19,20,21,22,23,24,25,26,27,28,29,30,99],"verdict":"FAIL","fails":["L1 (2448ms): no winnable state: intended shading has no cycle over grid-shaded-clues (free=23 (odd — bipartite grid admits no cycle), cluesOnEngineHc=5) and bounded alternate-shading search found none (7455 candidates)","L2 (2752ms): no winnable state: intended shading has no cycle over grid-shaded-clues (degree<2, cluesOnEngineHc=5) and bounded alternate-shading search found none (19643 candidates)","L3 (9411ms): startLevel failed: genPuzzle returned null (200 attempts), engine bounces to title screen — level unplayable","L4 (9344ms): startLevel failed: genPuzzle returned null (200 attempts), engine bounces to title screen — level unplayable","L5 (10298ms): startLevel failed: genPuzzle returned null (200 attempts), engine bounces to title screen — level unplayable","L6 (3187ms): no winnable state: intended shading has no cycle over grid-shaded-clues (free=17 (odd — bipartite grid admits no cycle), cluesOnEngineHc=9) and bounded alternate-shading search found none (2321 candidates)","L7: worker killed at 100s — engine search (genPuzzle/findHC) does not terminate; in-browser this hangs the tab","L8 (10025ms): no winnable state: intended shading has no cycle over grid-shaded-clues (degree<2, cluesOnEngineHc=6) and bounded alternate-shading search found none (38773 candidates)","L9 (5257ms): no winnable state: intended shading has no cycle over grid-shaded-clues (degree<2, cluesOnEngineHc=7) and bounded alternate-shading search found none (23412 candidates)","L10 (12209ms): startLevel failed: genPuzzle returned null (200 attempts), engine bounces to title screen — level unplayable","L11: worker killed at 100s — engine search (genPuzzle/findHC) does not terminate; in-browser this hangs the tab","L12: worker killed at 100s — engine search (genPuzzle/findHC) does not terminate; in-browser this hangs the tab","L13: worker killed at 100s — engine search (genPuzzle/findHC) does not terminate; in-browser this hangs the tab","L14: worker killed at 100s — engine search (genPuzzle/findHC) does not terminate; in-browser this hangs the tab","L15: worker killed at 100s — engine search (genPuzzle/findHC) does not terminate; in-browser this hangs the tab"]}

[exit 1]
