exit=0
--- stdout tail ---
{
  "total": 30,
  "passed": 30,
  "failed": 0,
  "levelResults": [
    {
      "idx": 0,
      "ok": true,
      "tier": 1,
      "dim": "3x3",
      "target": 15,
      "sol_cells": 3
    },
    {
      "idx": 1,
      "ok": true,
      "tier": 1,
      "dim": "3x3",
      "target": 14,
      "sol_cells": 4
    },
    {
      "idx": 2,
      "ok": true,
      "tier": 1,
      "dim": "3x3",
      "target": 10,
      "sol_cells": 2
    },
    {
      "idx": 3,
      "ok": true,
      "tier": 1,
      "dim": "3x3",
      "target": 10,
      "sol_cells": 4
    },
    {
      "idx": 4,
      "ok": true,
      "tier": 1,
      "dim": "3x3",
      "target": 15,
      "sol_cells": 5
    },
    {
      "idx": 5,
      "ok": true,
      "tier": 2,
      "dim": "4x4",
      "target": 24,
      "sol_cells": 6
    },
    {
      "idx": 6,
      "ok": true,
      "tier": 2,
      "dim": "4x4",
      "target": 20,
      "sol_cells": 4
    },
    {
      "idx": 7,
      "ok": true,
      "tier": 2,
      "dim": "4x4",
      "target": 25,
      "sol_cells": 4
    },
    {
      "idx": 8,
      "ok": true,
      "tier": 2,
      "dim": "4x4",
      "target": 21,
      "sol_cells": 3
    },
    {
      "idx": 9,
      "ok": true,
      "tier": 2,
      "dim": "4x4",
      "target": 21,
      "sol_cells": 7
    },
    {
      "idx": 10,
      "ok": true,
      "tier": 3,
      "dim": "5x5",
      "target": 35,
      "sol_cells": 5
    },
    {
      "idx": 11,
      "ok": true,
      "tier": 3,
      "dim": "5x5",
      "target": 26,
      "sol_cells": 6
    },
    {
      "idx": 12,
      "ok": true,
      "tier": 3,
      "dim": "5x5",
      "target": 28,
      "sol_cells": 5
    },
    {
      "idx": 13,
      "ok": true,
      "tier": 3,
      "dim": "5x5",
      "target": 34,
      "sol_cells": 6
    },
    {
      "idx": 14,
      "ok": true,
      "tier": 3,
      "dim": "5x5",
      "target": 38,
      "sol_cells": 5
    },
    {
      "idx": 15,
      "ok": true,
      "tier": 3,
      "dim": "5x5",
      "target": 37,
      "sol_cells": 6
    },
    {
      "idx": 16,
      "ok": true,
      "tier": 3,
      "dim": "5x5",
      "target": 36,
      "sol_cells": 6
    },
    {
      "idx": 17,
      "ok": true,
      "tier": 3,
      "dim": "5x5",
      "target": 32,
      "sol_cells": 6
    },
    {
      "idx": 18,
      "ok": true,
      "tier": 3,
      "dim": "5x5",
      "target": 32,
      "sol_cells": 5
    },
    {
      "idx": 19,
      "ok": true,
      "tier": 3,
      "dim": "5x5",
      "target": 34,
      "sol_cells": 6
    },
    {
      "idx": 20,
      "ok": true,
      "tier": 4,
      "dim": "6x6",
      "target": 41,
      "sol_cells": 6
    },
    {
      "idx": 21,
      "ok": true,
      "tier": 4,
      "dim": "6x6",
      "target": 43,
      "sol_cells": 6
    },
    {
      "idx": 22,
      "ok": true,
      "tier": 4,
      "dim": "6x6",
      "target": 40,
      "sol_cells": 6
    },
    {
      "idx": 23,
      "ok": true,
      "tier": 4,
      "dim": "6x6",
      "target": 46,
      "sol_cells": 6
    },
    {
      "idx": 24,
      "ok": true,
      "tier": 4,
      "dim": "6x6",
      "target": 45,
      "sol_cells": 6
    },
    {
      "idx": 25,
      "ok": true,
      "tier": 5,
      "dim": "6x6",
      "target": 51,
      "sol_cells": 4
    },
    {
      "idx": 26,
      "ok": true,
      "tier": 5,
      "dim": "6x6",
      "target": 51,
      "sol_cells": 6
    },
    {
      "idx": 27,
      "ok": true,
      "tier": 5,
      "dim": "6x6",
      "target": 58,
      "sol_cells": 6
    },
    {
      "idx": 28,
      "ok": true,
      "tier": 5,
      "dim": "6x6",
      "target": 55,
      "sol_cells": 6
    },
    {
      "idx": 29,
      "ok": true,
      "tier": 5,
      "dim": "6x6",
      "target": 51,
      "sol_cells": 6
    }
  ],
  "failReasons": [],
  "verdict": "PASS 30/30"
}

--- stderr tail ---

