exit=0
--- stdout tail ---
L1 WIN via hint steps=204 minD=54 used=1 stars=3
L2 WIN via hint steps=221 minD=55 used=1 stars=3
L3 WIN via grid1 steps=285 minD=54 used=1 stars=3
L4 WIN via hint steps=194 minD=54 used=1 stars=3
L5 WIN via grid1 steps=236 minD=55 used=1 stars=3
L6 WIN via hint steps=230 minD=55 used=1 stars=3
L7 WIN via grid2 steps=380 minD=54 used=2 stars=3
L8 WIN via hint steps=285 minD=55 used=1 stars=3
L9 WIN via grid2 steps=344 minD=55 used=2 stars=3
L10 WIN via grid2 steps=249 minD=54 used=2 stars=3
L11 WIN via grid2 steps=295 minD=55 used=2 stars=3
L12 WIN via grid2 steps=338 minD=54 used=2 stars=3
L13 WIN via grid2 steps=286 minD=55 used=2 stars=3
L14 WIN via grid2 steps=311 minD=54 used=2 stars=3
L15 WIN via grid2 steps=251 minD=55 used=2 stars=3
L16 WIN via grid2 steps=248 minD=54 used=2 stars=3
L17 WIN via grid2 steps=338 minD=54 used=2 stars=3
L18 WIN via grid2 steps=245 minD=55 used=2 stars=3
L19 WIN via hint steps=285 minD=54 used=2 stars=3
L20 WIN via grid2 steps=274 minD=55 used=2 stars=3
L21 WIN via hint steps=247 minD=54 used=1 stars=3
L22 WIN via random steps=256 minD=55 used=2 stars=3
L23 WIN via hint steps=215 minD=54 used=1 stars=3
L24 WIN via random steps=304 minD=55 used=2 stars=3
L25 WIN via grid2 steps=311 minD=54 used=2 stars=3
L26 WIN via grid2 steps=441 minD=515 used=2 stars=3
L27 WIN via hint steps=159 minD=55 used=3 stars=3
L28 WIN via random steps=271 minD=55 used=3 stars=3
L29 WIN via grid2 steps=149 minD=639 used=2 stars=3
L30 WIN via random steps=223 minD=55 used=3 stars=3
{"pass":31,"fail":0,"fails":[],"total":31,"verdict":"PASS","extra":{"durS":4.9}}

--- stderr tail ---

