exit=0
--- stdout tail ---
In-engine production checkSolution: 30/30 stored solutions accepted
Independent validator:
Extracted 30 production levels from index.html
✅ Level 1 (Beginner 4×4): VALID
✅ Level 2 (Beginner 4×4): VALID
✅ Level 3 (Beginner 4×4): VALID
✅ Level 4 (Beginner 4×4): VALID
✅ Level 5 (Beginner 4×4): VALID
✅ Level 6 (Beginner 4×4): VALID
✅ Level 7 (Easy 4×6): VALID
✅ Level 8 (Easy 4×6): VALID
✅ Level 9 (Easy 4×6): VALID
✅ Level 10 (Easy 4×6): VALID
✅ Level 11 (Easy 4×6): VALID
✅ Level 12 (Easy 4×6): VALID
✅ Level 13 (Medium 6×6): VALID
✅ Level 14 (Medium 6×6): VALID
✅ Level 15 (Medium 6×6): VALID
✅ Level 16 (Medium 6×6): VALID
✅ Level 17 (Medium 6×6): VALID
✅ Level 18 (Medium 6×6): VALID
✅ Level 19 (Hard 6×8): VALID
✅ Level 20 (Hard 6×8): VALID
✅ Level 21 (Hard 6×8): VALID
✅ Level 22 (Hard 6×8): VALID
✅ Level 23 (Hard 6×8): VALID
✅ Level 24 (Hard 6×8): VALID
✅ Level 25 (Expert 8×8): VALID
✅ Level 26 (Expert 8×8): VALID
✅ Level 27 (Expert 8×8): VALID
✅ Level 28 (Expert 8×8): VALID
✅ Level 29 (Expert 8×8): VALID
✅ Level 30 (Expert 8×8): VALID

✅ ALL 30 LEVELS VALID (Node.js independent verifier)

--- stderr tail ---

