exit=0
--- stdout tail ---
Extracted 30 levels from index.html
L 1 N=6 solvable=true opt=2 ✅
L 2 N=6 solvable=true opt=2 ✅
L 3 N=6 solvable=true opt=2 ✅
L 4 N=6 solvable=true opt=6 ✅
L 5 N=6 solvable=true opt=2 ✅
L 6 N=8 solvable=true opt=2 ✅
L 7 N=8 solvable=true opt=3 ✅
L 8 N=8 solvable=true opt=3 ✅
L 9 N=8 solvable=true opt=3 ✅
L10 N=8 solvable=true opt=3 ✅
L11 N=8 solvable=true opt=2 ✅
L12 N=8 solvable=true opt=3 ✅
L13 N=8 solvable=true opt=6 ✅
L14 N=8 solvable=true opt=6 ✅
L15 N=8 solvable=true opt=3 ✅
L16 N=10 solvable=true opt=4 ✅
L17 N=10 solvable=true opt=7 ✅
L18 N=10 solvable=true opt=8 ✅
L19 N=10 solvable=true opt=6 ✅
L20 N=10 solvable=true opt=3 ✅
L21 N=12 solvable=true opt=8 ✅
L22 N=12 solvable=true opt=6 ✅
L23 N=12 solvable=true opt=2 ✅
L24 N=12 solvable=true opt=3 ✅
L25 N=12 solvable=true opt=3 ✅
L26 N=12 solvable=true opt=4 ✅
L27 N=12 solvable=true opt=2 ✅
L28 N=12 solvable=true opt=4 ✅
L29 N=12 solvable=true opt=3 ✅
L30 N=12 solvable=true opt=4 ✅

30/30 SOLVABLE (in-engine exact rules)
Independent validator:
L 1 N=6 K=2 opt=2 unique=true sols=1 ✅
L 2 N=6 K=2 opt=2 unique=true sols=1 ✅
L 3 N=6 K=2 opt=2 unique=true sols=1 ✅
L 4 N=6 K=2 opt=6 unique=true sols=1 ✅
L 5 N=6 K=2 opt=2 unique=true sols=1 ✅
L 6 N=8 K=2 opt=2 unique=true sols=1 ✅
L 7 N=8 K=2 opt=3 unique=true sols=1 ✅
L 8 N=8 K=2 opt=3 unique=true sols=1 ✅
L 9 N=8 K=2 opt=3 unique=true sols=1 ✅
L10 N=8 K=2 opt=3 unique=true sols=1 ✅
L11 N=8 K=3 opt=2 unique=true sols=1 ✅
L12 N=8 K=3 opt=3 unique=true sols=1 ✅
L13 N=8 K=3 opt=6 unique=true sols=1 ✅
L14 N=8 K=3 opt=6 unique=true sols=1 ✅
L15 N=8 K=3 opt=3 unique=true sols=1 ✅
L16 N=10 K=3 opt=4 unique=true sols=1 ✅
L17 N=10 K=3 opt=7 unique=true sols=1 ✅
L18 N=10 K=3 opt=8 unique=true sols=1 ✅
L19 N=10 K=3 opt=6 unique=true sols=1 ✅
L20 N=10 K=3 opt=3 unique=true sols=1 ✅
L21 N=12 K=4 opt=8 unique=true sols=1 ✅
L22 N=12 K=4 opt=6 unique=true sols=1 ✅
L23 N=12 K=4 opt=2 unique=true sols=1 ✅
L24 N=12 K=4 opt=3 unique=true sols=1 ✅
L25 N=12 K=4 opt=3 unique=true sols=1 ✅
L26 N=12 K=5 opt=4 unique=true sols=1 ✅
L27 N=12 K=5 opt=2 unique=true sols=1 ✅
L28 N=12 K=5 opt=4 unique=true sols=1 ✅
L29 N=12 K=5 opt=3 unique=true sols=1 ✅
L30 N=12 K=5 opt=4 unique=true sols=1 ✅

30/30 UNIQUE+VALID

--- stderr tail ---

