exit=0
--- stdout tail ---
L1 (Beginner N=6) replayed 29 digits -> winLevel, unique
L2 (Beginner N=6) replayed 29 digits -> winLevel, unique
L3 (Beginner N=6) replayed 29 digits -> winLevel, unique
L4 (Beginner N=6) replayed 29 digits -> winLevel, unique
L5 (Easy N=6) replayed 31 digits -> winLevel, unique
L6 (Easy N=6) replayed 31 digits -> winLevel, unique
L7 (Easy N=6) replayed 31 digits -> winLevel, unique
L8 (Easy N=6) replayed 31 digits -> winLevel, unique
L9 (Medium N=6) replayed 33 digits -> winLevel, unique
L10 (Medium N=6) replayed 33 digits -> winLevel, unique
L11 (Medium N=6) replayed 33 digits -> winLevel, unique
L12 (Medium N=6) replayed 33 digits -> winLevel, unique
L13 (Hard N=9) replayed 69 digits -> winLevel, unique
L14 (Hard N=9) replayed 69 digits -> winLevel, unique
L15 (Hard N=9) replayed 69 digits -> winLevel, unique
L16 (Hard N=9) replayed 69 digits -> winLevel, unique
L17 (Hard N=9) replayed 69 digits -> winLevel, unique
L18 (Hard N=9) replayed 69 digits -> winLevel, unique
L19 (Expert N=9) replayed 74 digits -> winLevel, unique
L20 (Expert N=9) replayed 74 digits -> winLevel, unique
L21 (Expert N=9) replayed 74 digits -> winLevel, unique
L22 (Expert N=9) replayed 74 digits -> winLevel, unique
L23 (Expert N=9) replayed 74 digits -> winLevel, unique
L24 (Master N=9) replayed 78 digits -> winLevel, unique
L25 (Master N=9) replayed 78 digits -> winLevel, unique
L26 (Master N=9) replayed 78 digits -> winLevel, unique
L27 (Master N=9) replayed 78 digits -> winLevel, unique
{"pass":28,"fail":0,"fails":[],"total":28,"verdict":"PASS","extra":{"levels":27,"durS":1.1}}

--- stderr tail ---

