ok   data:27-valid-sudoku  [0 bad rows/cols]
ok   data:puzzle-subset  [0 clashes]
ok   data:regions-are-perms  [0 bad regions]
ok   data:regionCells-match-regions  [0 mismatched lists]
ok   boot:clean
ok   tut:auto-open-first-visit  [total(stub)=1]
ok   tut:markup-has-3-steps
ok   boot:splash-region-illus-built  [L1 6x6 grid]
ok   tut:reaches-last-step-got-it
ok   tut:close-and-persist
ok   flow:level-select-open
ok   grid:26-locked-fresh
ok   grid:7-tier-pills
ok   grid:tier-filter-hard-6
ok   grid:tier-filter-all-27
ok   grid:locked-cell-no-op
ok   L01:starts
ok   hud:timer-ticks  [0:01]
ok   L01:solve
ok   L01:win-3stars  [★★★]
ok   L01:next-starts-L2-modal-hidden
ok   L02:solve
ok   L02:win-3stars  [★★★]
ok   L02:next-starts-L3-modal-hidden
ok   L03:solve
ok   L03:win-3stars  [★★★]
ok   L03:next-starts-L4-modal-hidden
ok   L04:solve
ok   L04:win-3stars  [★★★]
ok   L04:next-starts-L5-modal-hidden
ok   L05:solve
ok   L05:win-3stars  [★★★]
ok   L05:next-starts-L6-modal-hidden
ok   L06:solve
ok   L06:win-3stars  [★★★]
ok   L06:next-starts-L7-modal-hidden
ok   L07:solve
ok   L07:win-3stars  [★★★]
ok   L07:next-starts-L8-modal-hidden
ok   L08:solve
ok   L08:win-3stars  [★★★]
ok   L08:next-starts-L9-modal-hidden
ok   L09:solve
ok   L09:win-3stars  [★★★]
ok   L09:next-starts-L10-modal-hidden
ok   L10:solve
ok   L10:win-3stars  [★★★]
ok   L10:next-starts-L11-modal-hidden
ok   L11:solve
ok   L11:win-3stars  [★★★]
ok   L11:next-starts-L12-modal-hidden
ok   L12:solve
ok   L12:win-3stars  [★★★]
ok   L12:next-starts-L13-modal-hidden
ok   L13:solve
ok   L13:win-3stars  [★★★]
ok   L13:next-starts-L14-modal-hidden
ok   L14:solve
ok   L14:win-3stars  [★★★]
ok   L14:next-starts-L15-modal-hidden
ok   L15:solve
ok   L15:win-3stars  [★★★]
ok   L15:next-starts-L16-modal-hidden
ok   L16:solve
ok   L16:win-3stars  [★★★]
ok   L16:next-starts-L17-modal-hidden
ok   L17:solve
ok   L17:win-3stars  [★★★]
ok   L17:next-starts-L18-modal-hidden
ok   L18:solve
ok   L18:win-3stars  [★★★]
ok   L18:next-starts-L19-modal-hidden
ok   L19:solve
ok   L19:win-3stars  [★★★]
ok   L19:next-starts-L20-modal-hidden
ok   L20:solve
ok   L20:win-3stars  [★★★]
ok   L20:next-starts-L21-modal-hidden
ok   L21:solve
ok   L21:win-3stars  [★★★]
ok   L21:next-starts-L22-modal-hidden
ok   L22:solve
ok   L22:win-3stars  [★★★]
ok   L22:next-starts-L23-modal-hidden
ok   L23:solve
ok   L23:win-3stars  [★★★]
ok   L23:next-starts-L24-modal-hidden
ok   L24:solve
ok   L24:win-3stars  [★★★]
ok   L24:next-starts-L25-modal-hidden
ok   L25:solve
ok   L25:win-3stars  [★★★]
ok   L25:next-starts-L26-modal-hidden
ok   L26:solve
ok   L26:win-3stars  [★★★]
ok   L26:next-starts-L27-modal-hidden
ok   L27:solve
ok   L27:win-3stars  [★★★]
ok   flow:level-select-after-L27
ok   save:27-levels-3stars  [27 entries]
ok   grid:27-done-0-locked  [done=27]
ok   replay:L2-loads
ok   replay:mistake+undo  [{"m1":true,"B":[1,0]}]
ok   replay:notes+clearRelatedNotes  [{"seeded":true}]
ok   replay:erase-tool
ok   replay:L2-finish-2stars  [Solved in 0:00 · 1 mistake · 0 hints]
ok   replay:best-stars-stays-3
ok   replay:winLevels-to-grid
ok   replay:hint-reveals+finish-2stars
ok   replay:winNext-L4
ok   pause:modal+flag
ok   pause:resume-closes-modal
ok   pause:levels-escape
ok   hud:sound-toggle-persists
ok   daily:loads-hashed-level  [idx=13 want=13]
ok   daily:solve+save-3stars  [{"stars":3,"time":0}]
ok   input:given-cell-protected
ok   cleanup:beforeunload-clean
ok   runtime:no-errors
{"pass":119,"fail":0,"total":119,"verdict":"PASS","fails":[],"extra":{"levels":27,"engineBugsFixed":[],"tiers":{"Beginner":4,"Easy":4,"Medium":4,"Hard":6,"Expert":5,"Master":4},"dataIntegrity":{"sudokuErr":0,"subErr":0,"regErr":0,"regListErr":0},"daily":{"date":"1970-01-01","idx":13,"stars":3},"notes":["P2 (documented, not fixed): winNext propagates S.isDaily — finishing the daily then Next starts the FOLLOWING level still flagged daily, so its win overwrites the daily-<date> save key instead of crediting lvl-<idx> (same family-wide quirk as outside-sudoku)"],"runtimeErrors":[]}}
