exit=0
--- stdout tail ---
In-engine Node.js BFS verification of 30 levels (rules extracted from index.html)
  L1: K=3 SOLVABLE ✓ (simulated clicks → readings match)
  L2: K=3 SOLVABLE ✓ (simulated clicks → readings match)
  L3: K=3 SOLVABLE ✓ (simulated clicks → readings match)
  L4: K=3 SOLVABLE ✓ (simulated clicks → readings match)
  L5: K=3 SOLVABLE ✓ (simulated clicks → readings match)
  L6: K=3 SOLVABLE ✓ (simulated clicks → readings match)
  L7: K=3 SOLVABLE ✓ (simulated clicks → readings match)
  L8: K=3 SOLVABLE ✓ (simulated clicks → readings match)
  L9: K=3 SOLVABLE ✓ (simulated clicks → readings match)
  L10: K=3 SOLVABLE ✓ (simulated clicks → readings match)
  L11: K=4 SOLVABLE ✓ (simulated clicks → readings match)
  L12: K=4 SOLVABLE ✓ (simulated clicks → readings match)
  L13: K=4 SOLVABLE ✓ (simulated clicks → readings match)
  L14: K=4 SOLVABLE ✓ (simulated clicks → readings match)
  L15: K=4 SOLVABLE ✓ (simulated clicks → readings match)
  L16: K=4 SOLVABLE ✓ (simulated clicks → readings match)
  L17: K=4 SOLVABLE ✓ (simulated clicks → readings match)
  L18: K=4 SOLVABLE ✓ (simulated clicks → readings match)
  L19: K=4 SOLVABLE ✓ (simulated clicks → readings match)
  L20: K=4 SOLVABLE ✓ (simulated clicks → readings match)
  L21: K=5 SOLVABLE ✓ (simulated clicks → readings match)
  L22: K=5 SOLVABLE ✓ (simulated clicks → readings match)
  L23: K=5 SOLVABLE ✓ (simulated clicks → readings match)
  L24: K=5 SOLVABLE ✓ (simulated clicks → readings match)
  L25: K=5 SOLVABLE ✓ (simulated clicks → readings match)
  L26: K=6 SOLVABLE ✓ (simulated clicks → readings match)
  L27: K=6 SOLVABLE ✓ (simulated clicks → readings match)
  L28: K=6 SOLVABLE ✓ (simulated clicks → readings match)
  L29: K=6 SOLVABLE ✓ (simulated clicks → readings match)
  L30: K=6 SOLVABLE ✓ (simulated clicks → readings match)

✅ All 30 levels SOLVABLE via in-engine simulation
Independent validator:
Independent Node.js BFS verification of 30 levels
  L1: K=3 UNIQUE+VALID ✓
  L2: K=3 UNIQUE+VALID ✓
  L3: K=3 UNIQUE+VALID ✓
  L4: K=3 UNIQUE+VALID ✓
  L5: K=3 UNIQUE+VALID ✓
  L6: K=3 UNIQUE+VALID ✓
  L7: K=3 UNIQUE+VALID ✓
  L8: K=3 UNIQUE+VALID ✓
  L9: K=3 UNIQUE+VALID ✓
  L10: K=3 UNIQUE+VALID ✓
  L11: K=4 UNIQUE+VALID ✓
  L12: K=4 UNIQUE+VALID ✓
  L13: K=4 UNIQUE+VALID ✓
  L14: K=4 UNIQUE+VALID ✓
  L15: K=4 UNIQUE+VALID ✓
  L16: K=4 UNIQUE+VALID ✓
  L17: K=4 UNIQUE+VALID ✓
  L18: K=4 UNIQUE+VALID ✓
  L19: K=4 UNIQUE+VALID ✓
  L20: K=4 UNIQUE+VALID ✓
  L21: K=5 UNIQUE+VALID ✓
  L22: K=5 UNIQUE+VALID ✓
  L23: K=5 UNIQUE+VALID ✓
  L24: K=5 UNIQUE+VALID ✓
  L25: K=5 UNIQUE+VALID ✓
  L26: K=6 UNIQUE+VALID ✓
  L27: K=6 UNIQUE+VALID ✓
  L28: K=6 UNIQUE+VALID ✓
  L29: K=6 UNIQUE+VALID ✓
  L30: K=6 UNIQUE+VALID ✓

✅ All 30 levels UNIQUE+VALID (independent Node BFS)

--- stderr tail ---

