exit=0
--- stdout tail ---
MASS_RADIUS_SCALE = 5
Loaded 30 levels
smallest orb: size=1, radius=5
initial hole: mass=1, radius=5.00
✅ hole radius (5.00) ≥ smallest orb radius (5)

Level 1: target=3, mass_per_orb=1, orbs_needed=2
  after 1 eats: mass=2.0, radius=7.07
  after 2 eats: mass=3.0, radius=8.66
  after 3 eats: mass=4.0, radius=10.00
  after 4 eats: mass=5.0, radius=11.18
  after 5 eats: mass=6.0, radius=12.25
  after 6 eats: mass=7.0, radius=13.23
  after 7 eats: mass=8.0, radius=14.14
  after 8 eats: mass=9.0, radius=15.00
  after 9 eats: mass=10.0, radius=15.81
  after 10 eats: mass=11.0, radius=16.58

=== PASS: level 1 + general radius invariant ===

--- stderr tail ---

