exit=0
--- stdout tail ---
In-engine production checkSolution: 30/30 stored solutions accepted
Independent validator:
Level 1/30 beginner 6x6: ✅ VALID (unique)
Level 2/30 beginner 6x6: ✅ VALID (unique)
Level 3/30 beginner 6x6: ✅ VALID (unique)
Level 4/30 beginner 7x7: ✅ VALID (unique)
Level 5/30 beginner 7x7: ✅ VALID (unique)
Level 6/30 easy 7x7: ✅ VALID (unique)
Level 7/30 easy 7x7: ✅ VALID (unique)
Level 8/30 easy 8x8: ✅ VALID (unique)
Level 9/30 easy 8x8: ✅ VALID (unique)
Level 10/30 easy 8x8: ✅ VALID (unique)
Level 11/30 medium 9x9: ✅ VALID (unique)
Level 12/30 medium 9x9: ✅ VALID (unique)
Level 13/30 medium 9x9: ✅ VALID (unique)
Level 14/30 medium 9x9: ✅ VALID (unique)
Level 15/30 medium 10x10: ✅ VALID (unique)
Level 16/30 hard 10x10: ✅ VALID (unique)
Level 17/30 hard 10x10: ✅ VALID (unique)
Level 18/30 hard 10x10: ✅ VALID (unique)
Level 19/30 hard 11x11: ✅ VALID (unique)
Level 20/30 hard 11x11: ✅ VALID (unique)
Level 21/30 expert 12x12: ✅ VALID (unique)
Level 22/30 expert 12x12: ✅ VALID (unique)
Level 23/30 expert 12x12: ✅ VALID (unique)
Level 24/30 expert 13x13: ✅ VALID (unique)
Level 25/30 expert 13x13: ✅ VALID (unique)
Level 26/30 expert 13x13: ✅ VALID (unique)
Level 27/30 expert 14x14: ✅ VALID (unique)
Level 28/30 expert 14x14: ✅ VALID (unique)
Level 29/30 expert 14x14: ✅ VALID (unique)
Level 30/30 expert 15x15: ✅ VALID (unique)

✅ ALL 30 LEVELS VERIFIED (independent Node.js)

--- stderr tail ---

