exit=0
--- stdout tail ---
=== Cloud & Sheep verifier ===

--- Source checks ---
  ✓ sheepEntity
  ✓ cloudEntity
  ✓ grassGrid
  ✓ shopItems
  ✓ challenges
  ✓ raindrops
  ✓ particles
  ✓ babySheep
  ✓ dayCycle
  ✓ stats
  ✓ saveKey
  ✓ saveFn
  ✓ loadFn
  ✓ inputTap
  ✓ inputDrag
  ✓ restart
  ✓ audio
  ✓ hasH1
  ✓ hasMonetag
  ✓ hasAdDiv
  ✓ hasFooter

--- Challenge/entity counts ---
  Challenges defined: 20 (expect 11+)
  Sheep names: present

--- Input handlers ---
  ✓ clickOnSheep
  ✓ dragCloud
  ✓ shopClick

=== Source check: 24/25 passed, 0 failed ===
=== Challenge count: 20 (>=11 expected) ===
=== Verdict: PASS ===

--- stderr tail ---

