ok   data:108-valid-sudoku-grids  [0 bad groups]
ok   data:108-puzzles-subset  [0 clashes]
ok   data:shared-corners-agree  [sol=0 given=0]
ok   boot:clean
ok   boot:L1-loaded
ok   board:288-cells  [4x81 - 4x9 shared]
ok   board:36-shared-cells
ok   L01:solve-166cells
ok   L01:win-3stars  [★★★]
ok   L02:solve-174cells
ok   L02:win-3stars  [★★★]
ok   L03:solve-174cells
ok   L03:win-3stars  [★★★]
ok   L04:solve-174cells
ok   L04:win-3stars  [★★★]
ok   L05:solve-186cells
ok   L05:win-3stars  [★★★]
ok   L06:solve-189cells
ok   L06:win-3stars  [★★★]
ok   L07:solve-182cells
ok   L07:win-3stars  [★★★]
ok   L08:solve-186cells
ok   L08:win-3stars  [★★★]
ok   L09:solve-189cells
ok   L09:win-3stars  [★★★]
ok   L10:solve-189cells
ok   L10:win-3stars  [★★★]
ok   L11:solve-192cells
ok   L11:win-3stars  [★★★]
ok   L12:solve-188cells
ok   L12:win-3stars  [★★★]
ok   L13:solve-191cells
ok   L13:win-3stars  [★★★]
ok   L14:solve-192cells
ok   L14:win-3stars  [★★★]
ok   L15:solve-194cells
ok   L15:win-3stars  [★★★]
ok   L16:solve-192cells
ok   L16:win-3stars  [★★★]
ok   L17:solve-192cells
ok   L17:win-3stars  [★★★]
ok   L18:solve-191cells
ok   L18:win-3stars  [★★★]
ok   L19:solve-186cells
ok   L19:win-3stars  [★★★]
ok   L20:solve-190cells
ok   L20:win-3stars  [★★★]
ok   L21:solve-195cells
ok   L21:win-3stars  [★★★]
ok   L22:solve-191cells
ok   L22:win-3stars  [★★★]
ok   L23:solve-192cells
ok   L23:win-3stars  [★★★]
ok   L24:solve-192cells
ok   L24:win-3stars  [★★★]
ok   L25:solve-192cells
ok   L25:win-3stars  [★★★]
ok   L26:solve-195cells
ok   L26:win-3stars  [★★★]
ok   L27:solve-190cells
ok   L27:win-3stars  [★★★]
ok   flow:last-level-toast  [All 27 levels complete!]
ok   save:27-completed  [27]
ok   save:27-best-times
ok   levels:modal-27-all-done
ok   levels:replay-L1
ok   input:given-protected
ok   input:keyboard-digit
ok   notes:seed+clearRelatedNotes  [{"seeded":true,"cleared":true}]
ok   notes:undo-restores-snapshot
ok   flow:mistake+check+undo  [{"m1":true,"checked":true,"undone":true}]
ok   flow:lose-at-3+restart  [{"lost":true,"restarted":true}]
ok   flow:hint-solve-2stars  [★★☆]
ok   flow:win-next-L2
ok   hud:mute-toggle
ok   save:resume-restores-user-cells  [{"structured":true,"resumed":true}]
ok   cleanup:exports+beforeunload
ok   runtime:no-errors
{"pass":78,"fail":0,"total":78,"verdict":"PASS","fails":[],"extra":{"levels":27,"engineBugsFixed":[],"tiers":{"Beginner":4,"Easy":4,"Medium":5,"Hard":5,"Expert":5,"Master":4},"dataIntegrity":{"sudokuErr":0,"subErr":0,"sharedErr":0,"givenClash":0},"flow":{},"notes":["P3 (documented, not fixed): placeValue only re-checks mistakes>=3 AFTER incrementing — a tap within the 400ms before the lose modal appears logs a 4th mistake (toast \"4/3\"); modal still opens and restart recovers"],"runtimeErrors":[]}}
