exit=0
--- stdout tail ---
L1 Beginner 4x4: PASS
L2 Beginner 4x4: PASS
L3 Beginner 4x4: PASS
L4 Beginner 4x4: PASS
L5 Beginner 4x4: PASS
L6 Beginner 4x4: PASS
L7 Easy 5x5: PASS
L8 Easy 5x5: PASS
L9 Easy 5x5: PASS
L10 Easy 5x5: PASS
L11 Easy 5x5: PASS
L12 Easy 5x5: PASS
L13 Medium 5x6: PASS
L14 Medium 5x6: PASS
L15 Medium 5x6: PASS
L16 Medium 5x6: PASS
L17 Medium 5x6: PASS
L18 Medium 5x6: PASS
L19 Hard 6x6: PASS
L20 Hard 6x6: PASS
L21 Hard 6x6: PASS
L22 Hard 6x6: PASS
L23 Hard 6x6: PASS
L24 Hard 6x6: PASS
L25 Expert 6x7: PASS
L26 Expert 6x7: PASS
L27 Expert 6x7: PASS
L28 Expert 6x7: PASS
L29 Expert 6x7: PASS
L30 Expert 6x7: PASS

In-engine checkWin from index.html: 30/30 PASS, 0 FAIL

--- stderr tail ---

