exit=0
--- stdout tail ---
{
  "total": 30,
  "passed": 30,
  "failed": 0,
  "failReasons": [],
  "levelReports": [
    {
      "idx": 0,
      "tier": 1,
      "placed": 1,
      "fixed": 1
    },
    {
      "idx": 1,
      "tier": 1,
      "placed": 1,
      "fixed": 1
    },
    {
      "idx": 2,
      "tier": 1,
      "placed": 1,
      "fixed": 1
    },
    {
      "idx": 3,
      "tier": 1,
      "placed": 1,
      "fixed": 1
    },
    {
      "idx": 4,
      "tier": 1,
      "placed": 1,
      "fixed": 1
    },
    {
      "idx": 5,
      "tier": 2,
      "placed": 2,
      "fixed": 0
    },
    {
      "idx": 6,
      "tier": 2,
      "placed": 2,
      "fixed": 0
    },
    {
      "idx": 7,
      "tier": 2,
      "placed": 2,
      "fixed": 0
    },
    {
      "idx": 8,
      "tier": 2,
      "placed": 2,
      "fixed": 1
    },
    {
      "idx": 9,
      "tier": 2,
      "placed": 2,
      "fixed": 0
    },
    {
      "idx": 10,
      "tier": 3,
      "placed": 0,
      "fixed": 2
    },
    {
      "idx": 11,
      "tier": 3,
      "placed": 0,
      "fixed": 2
    },
    {
      "idx": 12,
      "tier": 3,
      "placed": 0,
      "fixed": 2
    },
    {
      "idx": 13,
      "tier": 3,
      "placed": 0,
      "fixed": 2
    },
    {
      "idx": 14,
      "tier": 3,
      "placed": 0,
      "fixed": 2
    },
    {
      "idx": 15,
      "tier": 4,
      "placed": 2,
      "fixed": 1
    },
    {
      "idx": 16,
      "tier": 4,
      "placed": 2,
      "fixed": 1
    },
    {
      "idx": 17,
      "tier": 4,
      "placed": 2,
      "fixed": 2
    },
    {
      "idx": 18,
      "tier": 4,
      "placed": 2,
      "fixed": 1
    },
    {
      "idx": 19,
      "tier": 4,
      "placed": 2,
      "fixed": 2
    },
    {
      "idx": 20,
      "tier": 5,
      "placed": 5,
      "fixed": 2
    },
    {
      "idx": 21,
      "tier": 5,
      "placed": 5,
      "fixed": 2
    },
    {
      "idx": 22,
      "tier": 5,
      "placed": 5,
      "fixed": 1
    },
    {
      "idx": 23,
      "tier": 5,
      "placed": 4,
      "fixed": 2
    },
    {
      "idx": 24,
      "tier": 5,
      "placed": 5,
      "fixed": 2
    },
    {
      "idx": 25,
      "tier": 6,
      "placed": 3,
      "fixed": 2
    },
    {
      "idx": 26,
      "tier": 6,
      "placed": 3,
      "fixed": 3
    },
    {
      "idx": 27,
      "tier": 6,
      "placed": 3,
      "fixed": 3
    },
    {
      "idx": 28,
      "tier": 6,
      "placed": 3,
      "fixed": 3
    },
    {
      "idx": 29,
      "tier": 6,
      "placed": 3,
      "fixed": 3
    }
  ],
  "verdict": "PASS 30/30"
}

--- stderr tail ---

