exit=0
--- stdout tail ---
Loaded 30 levels from index.html engine

  Level 1: ✅ VALID (4x4, Beginner)
  Level 2: ✅ VALID (4x4, Beginner)
  Level 3: ✅ VALID (4x4, Beginner)
  Level 4: ✅ VALID (4x4, Beginner)
  Level 5: ✅ VALID (4x4, Beginner)
  Level 6: ✅ VALID (4x4, Beginner)
  Level 7: ✅ VALID (5x4, Easy)
  Level 8: ✅ VALID (5x4, Easy)
  Level 9: ✅ VALID (5x4, Easy)
  Level 10: ✅ VALID (5x4, Easy)
  Level 11: ✅ VALID (5x4, Easy)
  Level 12: ✅ VALID (5x4, Easy)
  Level 13: ✅ VALID (6x5, Medium)
  Level 14: ✅ VALID (6x5, Medium)
  Level 15: ✅ VALID (6x5, Medium)
  Level 16: ✅ VALID (6x5, Medium)
  Level 17: ✅ VALID (6x5, Medium)
  Level 18: ✅ VALID (6x5, Medium)
  Level 19: ✅ VALID (6x6, Hard)
  Level 20: ✅ VALID (6x6, Hard)
  Level 21: ✅ VALID (6x6, Hard)
  Level 22: ✅ VALID (6x6, Hard)
  Level 23: ✅ VALID (6x6, Hard)
  Level 24: ✅ VALID (6x6, Hard)
  Level 25: ✅ VALID (7x6, Expert)
  Level 26: ✅ VALID (7x6, Expert)
  Level 27: ✅ VALID (7x6, Expert)
  Level 28: ✅ VALID (7x6, Expert)
  Level 29: ✅ VALID (7x6, Expert)
  Level 30: ✅ VALID (7x6, Expert)

=== IN-ENGINE VERIFICATION RESULTS ===
PASS: 30/30
FAIL: 0/30

✅ ALL LEVELS VALID (in-engine verification)

--- stderr tail ---

