ok   data:30-latin-squares  [0 bad]
ok   data:givens-subset  [0 clashes]
ok   data:constraints-valid  [0 bad]
ok   data:30-unique-solutions  [0 non-unique]
ok   boot:clean
ok   boot:menu-active  [Solved 0/30 · ⭐ 0/90 · 🏆 0/8]
ok   flow:howto-open
ok   flow:howto-back-menu
ok   levels:5-tier-sections  [5 tiers]
ok   levels:2-unlocked-28-locked-fresh  [28 locked]
ok   levels:locked-no-op  [screen=level-select N=0]
ok   L01:starts  [board children=49]
ok   L01:cell-dataset
ok   hud:timer-ticks  [Beginner 4×4 · #1  ⏱ 0:01  &nbsp; 💡 0]
ok   L01:solve
ok   L01:win-3stars  [⭐⭐⭐]
ok   L02:solve
ok   L02:win-3stars  [⭐⭐⭐]
ok   L03:solve
ok   L03:win-3stars  [⭐⭐⭐]
ok   L04:solve
ok   L04:win-3stars  [⭐⭐⭐]
ok   L05:solve
ok   L05:win-3stars  [⭐⭐⭐]
ok   L06:solve
ok   L06:win-3stars  [⭐⭐⭐]
ok   L07:solve
ok   L07:win-3stars  [⭐⭐⭐]
ok   L08:solve
ok   L08:win-3stars  [⭐⭐⭐]
ok   L09:solve
ok   L09:win-3stars  [⭐⭐⭐]
ok   L10:solve
ok   L10:win-3stars  [⭐⭐⭐]
ok   L11:solve
ok   L11:win-3stars  [⭐⭐⭐]
ok   L12:solve
ok   L12:win-3stars  [⭐⭐⭐]
ok   L13:solve
ok   L13:win-3stars  [⭐⭐⭐]
ok   L14:solve
ok   L14:win-3stars  [⭐⭐⭐]
ok   L15:solve
ok   L15:win-3stars  [⭐⭐⭐]
ok   L16:solve
ok   L16:win-3stars  [⭐⭐⭐]
ok   L17:solve
ok   L17:win-3stars  [⭐⭐⭐]
ok   L18:solve
ok   L18:win-3stars  [⭐⭐⭐]
ok   L19:solve
ok   L19:win-3stars  [⭐⭐⭐]
ok   L20:solve
ok   L20:win-3stars  [⭐⭐⭐]
ok   L21:solve
ok   L21:win-3stars  [⭐⭐⭐]
ok   L22:solve
ok   L22:win-3stars  [⭐⭐⭐]
ok   L23:solve
ok   L23:win-3stars  [⭐⭐⭐]
ok   L24:solve
ok   L24:win-3stars  [⭐⭐⭐]
ok   L25:solve
ok   L25:win-3stars  [⭐⭐⭐]
ok   L26:solve
ok   L26:win-3stars  [⭐⭐⭐]
ok   L27:solve
ok   L27:win-3stars  [⭐⭐⭐]
ok   L28:solve
ok   L28:win-3stars  [⭐⭐⭐]
ok   L29:solve
ok   L29:win-3stars  [⭐⭐⭐]
ok   L30:solve
ok   L30:win-3stars  [⭐⭐⭐]
ok   L30:win-stats-name
ok   flow:after-L30-levelselect+toast  [🎉 You finished all levels!]
ok   save:30-levels-3stars  [30 entries]
ok   levels:30-unlocked-after  [unlocked=30]
ok   ach:first+tiers+nohint  ["{\"first\":true,\"nohint\":true,\"tier1\":true,\"tier2\":true,\"tier3\":true,\"tier4\":true,\"tier5\":true}"]
ok   menu:stats-30/30  [Solved 30/30 · ⭐ 90/90 · 🏆 7/8]
ok   replay:L2-loads
ok   replay:wrong-full-no-win-then-fix  [{"noWin":true}]
ok   replay:win-to-levelselect
ok   replay:L3-loads
ok   replay:place+undo  [{"placed":true,"undone":true}]
ok   replay:notes-toggle+clear-on-place  [{"seeded":true}]
ok   replay:erase-btn
ok   replay:same-number-tap-erases
ok   replay:check-progress-toast  [10 empty cells remaining]
ok   input:given-protected
ok   replay:reset-level  [{"preReset":true,"afterReset":true}]
ok   replay:hint-2stars-best-stays-3  [⭐⭐☆]
ok   replay:slow-time-2stars  [⭐⭐☆]
ok   replay:slow-best-stays-3
ok   daily:relabel-puzzle-valid  [{"dOk":true,"latin":true,"givens":true,"consOk":true}]
ok   daily:solve+save+next-hidden  [3]
ok   flow:play-resume-all-solved-L1
ok   runtime:no-errors
{"pass":98,"fail":0,"total":98,"verdict":"PASS","fails":[],"extra":{"levels":30,"engineBugsFixed":[],"tiers":{"Beginner":6,"Easy":6,"Medium":6,"Hard":6,"Master":6},"dataIntegrity":{"latinErr":0,"givErr":0,"consErr":0,"uniqBad":0,"uniqCap":0},"daily":{"key":"daily1970-1-1","id":10200},"notes":[],"runtimeErrors":[]}}
