exit=0
--- stdout tail ---
L01 ENGINE PASS stars=3
L02 ENGINE PASS stars=3
L03 ENGINE PASS stars=3
L04 ENGINE PASS stars=3
L05 ENGINE PASS stars=3
L06 ENGINE PASS stars=3
L07 ENGINE PASS stars=3
L08 ENGINE PASS stars=3
L09 ENGINE PASS stars=3
L10 ENGINE PASS stars=3
L11 ENGINE PASS stars=3
L12 ENGINE PASS stars=3
L13 ENGINE PASS stars=3
L14 ENGINE PASS stars=3
L15 ENGINE PASS stars=3
L16 ENGINE PASS stars=3
L17 ENGINE PASS stars=3
L18 ENGINE PASS stars=3
L19 ENGINE PASS stars=3
L20 ENGINE PASS stars=3
L21 ENGINE PASS stars=3
L22 ENGINE PASS stars=3
L23 ENGINE PASS stars=3
L24 ENGINE PASS stars=3
L25 ENGINE PASS stars=3
L26 ENGINE PASS stars=3
L27 ENGINE PASS stars=3
L28 ENGINE PASS stars=3
L29 ENGINE PASS stars=3
L30 ENGINE PASS stars=3

30/30 IN-ENGINE PASS (solution injection + checkSolution + save/restart)

--- stderr tail ---

