ok all-50-solvable
ok tiers-shape
ok gen-deterministic
ok lose-path-reachability-doc
ok boot-a-no-errors
ok menu-stats-init
ok howto-open
ok howto-close
ok sfx-toggle-off
ok sfx-toggle-on
ok settings-close
ok tut-step1
ok tut-step2
ok tut-step4-play
ok tut-exit-starts-l1
ok layout-match-after-load
ok l1-play-sync
ok l1-win
ok l1-3stars
ok l1-score
ok l1-ls
ok l2-label
ok l2-win
ok controls-5
ok l3-hint
ok l3-undo
ok l3-undo-state
ok l3-shuffle
ok l3-win-after-boosters
ok l3-ls-boosters
ok menu-stats-3
ok play-resumes-l4
ok lsel-50
ok lsel-cells
ok lsel-jump-l2
ok restart-resets
ok runtime-errors-a
ok boot-b-no-errors
ok boot-b-stats
ok boot-b-all-unlocked
ok b-l21-start
ok b-l21-locked-rejected
ok b-l21-win
ok b-l22-label
ok b-l22-win
ok b-l31-start
ok b-l31-win
ok b-l50-start
ok b-l50-win
ok b-ls-completed
ok b-tut-resumes-l50
ok runtime-errors-b

{"pass":52,"fail":0,"total":52,"verdict":"PASS","fails":[],"extra":{"levels":50,"realWins":["L1","L2","L3","L6(partial+restart)","L21","L22","L31","L50"],"engineFixes":["P0 30/50 levels unwinnable: bobbin distribution consumed every knot (pad loop dead, zero surplus) so locked knots L21-30 locked REQUIRED yarn and frozen +2 L31-50 had no yarn; generator now reserves slack (locks + frozen*2 + 2) and a per-color balancer recolors surplus before unlocking","P1 exponential rAF storm: drawGame re-queued a frame from BOTH drawParticles and drawAnimatingYarn on every yarn move -> queued callbacks doubled per frame (billions within ~15 frames); single-schedule guard added","P2 3 stars unreachable in 50/50 levels (efficiency ignored the 2 moves per yarn); optimalMoves=2*needed","P3 Play button + tutorial exit always restarted at L1; now resume at furthest unlocked"],"losePathUnreachable":"max surplus yarn across all 50 levels = 4 (<7) — tray can never be 7/7 unmatchable; showLose verified by inspection, not driven"}}
