exit=0
--- stdout tail ---
L1 (First Slither) solved+replayed: 6 moves (par 6, limit 13) -> win, stars=3
L2 (Gentle Curve) solved+replayed: 5 moves (par 6, limit 13) -> win, stars=3
L3 (Star Garden) solved+replayed: 6 moves (par 7, limit 14) -> win, stars=3
L4 (Winding Path) solved+replayed: 8 moves (par 8, limit 15) -> win, stars=3
L5 (Forest Deep) solved+replayed: 7 moves (par 8, limit 15) -> win, stars=3
L6 (Magnet Lesson) solved+replayed: 9 moves (par 9, limit 16) -> win, stars=3
L7 (Box Push) solved+replayed: 15 moves (par 9, limit 16) -> win, stars=1
L8 (Double Duty) solved+replayed: 29 moves (par 29, limit 40) -> win, stars=3
L9 (Cavern Maze) solved+replayed: 19 moves (par 12, limit 19) -> win, stars=1
L10 (Deep Cavern) solved+replayed: 24 moves (par 24, limit 32) -> win, stars=3
L11 (Warp Gate) solved+replayed: 11 moves (par 11, limit 17) -> win, stars=3
L12 (Dual Warp) solved+replayed: 11 moves (par 11, limit 17) -> win, stars=3
L13 (Sky High) solved+replayed: 10 moves (par 10, limit 15) -> win, stars=3
L14 (Cloud Nine) solved+replayed: 9 moves (par 9, limit 14) -> win, stars=3
L15 (Nimbus) solved+replayed: 9 moves (par 9, limit 14) -> win, stars=3
L16 (Danger Zone) solved+replayed: 16 moves (par 16, limit 23) -> win, stars=3
L17 (Spike Maze) solved+replayed: 17 moves (par 11, limit 18) -> win, stars=1
L18 (Tight Squeeze) solved+replayed: 17 moves (par 17, limit 24) -> win, stars=3
L19 (Void Walk) solved+replayed: 20 moves (par 14, limit 21) -> win, stars=1
L20 (Dark Void) solved+replayed: 21 moves (par 15, limit 22) -> win, stars=1
L21 (Cosmic Start) solved+replayed: 23 moves (par 23, limit 31) -> win, stars=3
L22 (Star Forge) solved+replayed: 19 moves (par 13, limit 20) -> win, stars=1
L23 (Event Horizon) solved+replayed: 26 moves (par 26, limit 35) -> win, stars=3
L24 (Supernova) solved+replayed: 11 moves (par 11, limit 17) -> win, stars=3
L25 (Final Frontier) solved+replayed: 15 moves (par 15, limit 23) -> win, stars=3
{"pass":25,"fail":0,"fails":[],"total":25,"verdict":"PASS","extra":{"levels":25,"durS":14.5}}

--- stderr tail ---

