ok   a-boot-clean
ok   a-render-loop-live
ok   a-howto-open
ok   a-howto-close
ok   a-settings-open
ok   a-sfx-toggle-off
ok   a-sfx-toggle-on
ok   a-music-toggle-roundtrip
ok   a-settings-close
ok   a-play-levelselect
ok   a-levelgrid-29
ok   a-locked-inert
ok   a-enter-l1
ok   a-tray-l1
ok   a-l1-beam-active
ok   a-l1-win
ok   a-l1-stars-shown
ok   a-next-l2
ok   a-select-mirror
ok   a-select-deselect
ok   a-place-l2
ok   a-place-occupied-rejected
ok   a-tap-empty-noselect
ok   a-undo-restores
ok   a-solve-l2
ok   a-next-l3-doubleback
ok   a-tray-l3-wallpiece
ok   a-rotate-mirror
ok   a-reset-clears
ok   a-solve-l3
ok   a-solve-l4
ok   a-next-l5-two-targets
ok   a-tray-l5-splitter
ok   a-splitter-autodeselect
ok   a-solve-l5-p0-fix
ok   a-next-l6
ok   a-hint-particles
ok   a-back-to-levels-unlocks
ok   a-visibility-pause
ok   a-visibility-resume
ok   a-back-to-title-bgmstop
ok   a-save-shape
ok   o-levels-count
ok   o-solve-01-first-light
ok   o-solve-02-turn-up
ok   o-solve-03-double-back
ok   o-solve-04-corner-work
ok   o-solve-05-two-targets
ok   o-solve-06-the-loop
ok   o-solve-07-obstacle-course
ok   o-solve-08-cross-paths
ok   o-solve-09-maze-runner
ok   o-solve-10-triple-hit
ok   o-solve-11-wall-street
ok   o-solve-12-split-decision
ok   o-solve-13-beam-split
ok   o-solve-14-network
ok   o-solve-15-crossover
ok   o-solve-16-the-hub
ok   o-solve-17-obstacle-field
ok   o-solve-18-four-corners
ok   o-solve-19-color-theory
ok   o-solve-20-red-light
ok   o-solve-21-spectrum
ok   o-solve-22-color-split
ok   o-solve-23-filter-maze
ok   o-solve-24-prism
ok   o-solve-25-bomb-run
ok   o-solve-26-avoid-danger
ok   o-solve-27-safe-path
ok   o-solve-28-dual-source
ok   o-solve-29-grand-finale
ok   b-boot-clean
ok   b-muted-toggles
ok   b-unlock-gating
ok   b-enter-l3
ok   b-wall-place
ok   b-wall-remove-refund
ok   b-save-untouched-by-play
ok   c-boot-clean
ok   c-all-unlocked
ok   c-enter-hub
ok   c-hub-win
ok   c-enter-colortheory
ok   c-colortheory-filter-color
ok   c-enter-redlight
ok   c-redlight-win
ok   c-next-spectrum
ok   c-spectrum-win
ok   c-enter-bombrun
ok   c-bombrun-bombhit
ok   c-bombrun-nowin
ok   c-bombrun-undo-bad-mirror
ok   c-bombrun-fix-2star
ok   c-enter-dualsource
ok   c-dualsource-win
ok   c-next-finale
ok   c-finale-win
ok   c-finale-next-to-map
ok   c-save-final
{"pass":100,"fail":0,"total":100,"verdict":"PASS","fails":[],"extra":{"boots":3,"levelsSolver":"all-29","realTaps":true}}
