exit=0
--- stdout tail ---
L01 ENGINE PASS stars=2 rating=3 last=1 next=2
L02 ENGINE PASS stars=2 rating=3 last=2 next=3
L03 ENGINE PASS stars=2 rating=3 last=3 next=4
L04 ENGINE PASS stars=2 rating=3 last=4 next=5
L05 ENGINE PASS stars=2 rating=3 last=5 next=6
L06 ENGINE PASS stars=4 rating=3 last=6 next=7
L07 ENGINE PASS stars=2 rating=3 last=7 next=8
L08 ENGINE PASS stars=2 rating=3 last=8 next=9
L09 ENGINE PASS stars=3 rating=3 last=9 next=10
L10 ENGINE PASS stars=3 rating=3 last=10 next=11
L11 ENGINE PASS stars=3 rating=3 last=11 next=12
L12 ENGINE PASS stars=2 rating=3 last=12 next=13
L13 ENGINE PASS stars=1 rating=3 last=13 next=14
L14 ENGINE PASS stars=3 rating=3 last=14 next=15
L15 ENGINE PASS stars=2 rating=3 last=15 next=16
L16 ENGINE PASS stars=2 rating=3 last=16 next=17
L17 ENGINE PASS stars=1 rating=3 last=17 next=18
L18 ENGINE PASS stars=3 rating=3 last=18 next=19
L19 ENGINE PASS stars=2 rating=3 last=19 next=20
L20 ENGINE PASS stars=3 rating=3 last=20 next=21
L21 ENGINE PASS stars=2 rating=3 last=21 next=22
L22 ENGINE PASS stars=4 rating=3 last=22 next=23
L23 ENGINE PASS stars=4 rating=3 last=23 next=24
L24 ENGINE PASS stars=3 rating=3 last=24 next=25
L25 ENGINE PASS stars=9 rating=3 last=25 next=26
L26 ENGINE PASS stars=4 rating=3 last=26 next=27
L27 ENGINE PASS stars=6 rating=3 last=27 next=28
L28 ENGINE PASS stars=3 rating=3 last=28 next=29
L29 ENGINE PASS stars=4 rating=3 last=29 next=30
L30 ENGINE PASS stars=4 rating=3 last=30 next=30

30/30 IN-ENGINE PASS (load/win/save/next/restart)

--- stderr tail ---

