exit=0
--- stdout tail ---
{
  "levels_count": 20,
  "sizes": [
    3,
    3,
    3,
    3,
    3,
    4,
    4,
    4,
    4,
    4,
    5,
    5,
    5,
    5,
    5,
    6,
    6,
    6,
    7,
    7
  ],
  "ai_levels": [
    "easy",
    "easy",
    "easy",
    "easy",
    "easy",
    "medium",
    "medium",
    "medium",
    "medium",
    "medium",
    "medium",
    "medium",
    "medium",
    "medium",
    "medium",
    "hard",
    "hard",
    "hard",
    "hard",
    "hard"
  ],
  "size_3_to_7": 20,
  "ai_easy_or_medium_or_hard": 20
}
helpers_present: getValidLines=true getAIMove=true
VERDICT: PASS

--- stderr tail ---

