exit=0
--- stdout tail ---
Extracted 30 levels and 30 optima from index.html
L 1 N=6 K=2 start=[2,2,3] engineMin=3 opt=3 OK
L 2 N=6 K=2 start=[3,2,5] engineMin=2 opt=2 OK
L 3 N=6 K=2 start=[0,2,2] engineMin=2 opt=2 OK
L 4 N=6 K=2 start=[5,1,1] engineMin=2 opt=2 OK
L 5 N=6 K=2 start=[4,0,0] engineMin=4 opt=4 OK
L 6 N=6 K=2 start=[5,1,3] engineMin=2 opt=2 OK
L 7 N=8 K=3 start=[7,5,0] engineMin=3 opt=3 OK
L 8 N=8 K=3 start=[5,1,2] engineMin=3 opt=3 OK
L 9 N=8 K=3 start=[4,4,6] engineMin=6 opt=6 OK
L10 N=8 K=3 start=[1,0,4] engineMin=3 opt=3 OK
L11 N=8 K=3 start=[7,6,6] engineMin=6 opt=6 OK
L12 N=8 K=3 start=[3,3,1] engineMin=4 opt=4 OK
L13 N=10 K=3 start=[8,0,8] engineMin=4 opt=4 OK
L14 N=10 K=3 start=[0,0,2] engineMin=5 opt=5 OK
L15 N=10 K=3 start=[3,6,2] engineMin=7 opt=7 OK
L16 N=10 K=3 start=[0,9,1] engineMin=4 opt=4 OK
L17 N=10 K=3 start=[9,8,2] engineMin=6 opt=6 OK
L18 N=10 K=3 start=[0,8,5] engineMin=3 opt=3 OK
L19 N=12 K=4 start=[1,3,8] engineMin=6 opt=6 OK
L20 N=12 K=4 start=[5,7,0] engineMin=5 opt=5 OK
L21 N=12 K=4 start=[11,0,2] engineMin=2 opt=2 OK
L22 N=12 K=4 start=[11,10,9] engineMin=6 opt=6 OK
L23 N=12 K=4 start=[0,10,8] engineMin=2 opt=2 OK
L24 N=12 K=4 start=[5,6,8] engineMin=5 opt=5 OK
L25 N=12 K=5 start=[11,2,2] engineMin=2 opt=2 OK
L26 N=12 K=5 start=[2,3,2] engineMin=5 opt=5 OK
L27 N=12 K=5 start=[8,2,4] engineMin=3 opt=3 OK
L28 N=12 K=5 start=[10,9,4] engineMin=5 opt=5 OK
L29 N=12 K=5 start=[7,8,10] engineMin=5 opt=5 OK
L30 N=12 K=5 start=[2,2,6] engineMin=2 opt=2 OK

✅ ALL 30 LEVELS SOLVABLE IN-ENGINE (Node BFS, exact game rules)
Independent validator:
L 1 N=6 K=2 start=[2,2,3] best=3 opt=3 unique=true OK
L 2 N=6 K=2 start=[3,2,5] best=2 opt=2 unique=true OK
L 3 N=6 K=2 start=[0,2,2] best=2 opt=2 unique=true OK
L 4 N=6 K=2 start=[5,1,1] best=2 opt=2 unique=true OK
L 5 N=6 K=2 start=[4,0,0] best=4 opt=4 unique=true OK
L 6 N=6 K=2 start=[5,1,3] best=2 opt=2 unique=true OK
L 7 N=8 K=3 start=[7,5,0] best=3 opt=3 unique=true OK
L 8 N=8 K=3 start=[5,1,2] best=3 opt=3 unique=true OK
L 9 N=8 K=3 start=[4,4,6] best=6 opt=6 unique=true OK
L10 N=8 K=3 start=[1,0,4] best=3 opt=3 unique=true OK
L11 N=8 K=3 start=[7,6,6] best=6 opt=6 unique=true OK
L12 N=8 K=3 start=[3,3,1] best=4 opt=4 unique=true OK
L13 N=10 K=3 start=[8,0,8] best=4 opt=4 unique=true OK
L14 N=10 K=3 start=[0,0,2] best=5 opt=5 unique=true OK
L15 N=10 K=3 start=[3,6,2] best=7 opt=7 unique=true OK
L16 N=10 K=3 start=[0,9,1] best=4 opt=4 unique=true OK
L17 N=10 K=3 start=[9,8,2] best=6 opt=6 unique=true OK
L18 N=10 K=3 start=[0,8,5] best=3 opt=3 unique=true OK
L19 N=12 K=4 start=[1,3,8] best=6 opt=6 unique=true OK
L20 N=12 K=4 start=[5,7,0] best=5 opt=5 unique=true OK
L21 N=12 K=4 start=[11,0,2] best=2 opt=2 unique=true OK
L22 N=12 K=4 start=[11,10,9] best=6 opt=6 unique=true OK
L23 N=12 K=4 start=[0,10,8] best=2 opt=2 unique=true OK
L24 N=12 K=4 start=[5,6,8] best=5 opt=5 unique=true OK
L25 N=12 K=5 start=[11,2,2] best=2 opt=2 unique=true OK
L26 N=12 K=5 start=[2,3,2] best=5 opt=5 unique=true OK
L27 N=12 K=5 start=[8,2,4] best=3 opt=3 unique=true OK
L28 N=12 K=5 start=[10,9,4] best=5 opt=5 unique=true OK
L29 N=12 K=5 start=[7,8,10] best=5 opt=5 unique=true OK
L30 N=12 K=5 start=[2,2,6] best=2 opt=2 unique=true OK

✅ ALL 30 LEVELS UNIQUE+VALID (independent Node BFS)

--- stderr tail ---

