exit=0
--- stdout tail ---
L1 PASS par=3 bfsDepth=2
L2 PASS par=6 bfsDepth=3
L3 PASS par=5 bfsDepth=2
L4 PASS par=4 bfsDepth=3
L5 PASS par=5 bfsDepth=4
L6 PASS par=7 bfsDepth=8
L7 PASS par=5 bfsDepth=3
L8 PASS par=6 bfsDepth=5
L9 PASS par=4 bfsDepth=3
L10 PASS par=3 bfsDepth=2
L11 PASS par=5 bfsDepth=3
L12 PASS par=6 bfsDepth=4
L13 PASS par=7 bfsDepth=7
L14 PASS par=6 bfsDepth=5
L15 PASS par=5 bfsDepth=4
L16 PASS par=8 bfsDepth=7
L17 PASS par=6 bfsDepth=3
L18 PASS par=9 bfsDepth=7
L19 PASS par=7 bfsDepth=7
L20 PASS par=8 bfsDepth=9
L21 PASS par=8 bfsDepth=5
L22 PASS par=6 bfsDepth=5
L23 PASS par=10 bfsDepth=8
L24 PASS par=10 bfsDepth=9
L25 PASS par=8 bfsDepth=7
L26 PASS par=14 bfsDepth=16
L27 PASS par=18 bfsDepth=26
L28 PASS par=8 bfsDepth=4
L29 PASS par=8 bfsDepth=5
L30 PASS par=10 bfsDepth=9
SUMMARY levels=30 pass=30 fail=0

--- stderr tail ---

