exit=0
--- stdout tail ---
Loaded 30 levels from in-engine code

✓ Engine functions loaded: hexKey, rotatePiece, hexNeighbors

Level 1 (T1): 7 cells, 3 pieces → UNIQUE ✓
Level 2 (T1): 7 cells, 3 pieces → UNIQUE ✓
Level 3 (T1): 7 cells, 3 pieces → UNIQUE ✓
Level 4 (T1): 7 cells, 3 pieces → UNIQUE ✓
Level 5 (T1): 7 cells, 3 pieces → UNIQUE ✓
Level 6 (T1): 7 cells, 3 pieces → UNIQUE ✓
Level 7 (T2): 13 cells, 3 pieces → UNIQUE ✓
Level 8 (T2): 13 cells, 3 pieces → UNIQUE ✓
Level 9 (T2): 13 cells, 3 pieces → UNIQUE ✓
Level 10 (T2): 13 cells, 3 pieces → UNIQUE ✓
Level 11 (T2): 13 cells, 3 pieces → UNIQUE ✓
Level 12 (T2): 13 cells, 3 pieces → UNIQUE ✓
Level 13 (T3): 14 cells, 3 pieces → UNIQUE ✓
Level 14 (T3): 14 cells, 3 pieces → UNIQUE ✓
Level 15 (T3): 14 cells, 3 pieces → UNIQUE ✓
Level 16 (T3): 14 cells, 3 pieces → UNIQUE ✓
Level 17 (T3): 14 cells, 3 pieces → UNIQUE ✓
Level 18 (T3): 14 cells, 3 pieces → UNIQUE ✓
Level 19 (T4): 18 cells, 3 pieces → UNIQUE ✓
Level 20 (T4): 18 cells, 3 pieces → UNIQUE ✓
Level 21 (T4): 18 cells, 3 pieces → UNIQUE ✓
Level 22 (T4): 18 cells, 3 pieces → UNIQUE ✓
Level 23 (T4): 18 cells, 3 pieces → UNIQUE ✓
Level 24 (T4): 18 cells, 3 pieces → UNIQUE ✓
Level 25 (T5): 19 cells, 3 pieces → UNIQUE ✓
Level 26 (T5): 19 cells, 3 pieces → UNIQUE ✓
Level 27 (T5): 19 cells, 3 pieces → UNIQUE ✓
Level 28 (T5): 19 cells, 3 pieces → UNIQUE ✓
Level 29 (T5): 19 cells, 3 pieces → UNIQUE ✓
Level 30 (T5): 19 cells, 3 pieces → UNIQUE ✓

=== IN-ENGINE VERIFICATION SUMMARY ===
30/30 levels UNIQUE+VALID via in-engine BFS
✅ ALL PASS — engine rules match mathematical solution
Independent validator:
Level 1 (T1): 7 cells, 3 pieces → UNIQUE ✓
Level 2 (T1): 7 cells, 3 pieces → UNIQUE ✓
Level 3 (T1): 7 cells, 3 pieces → UNIQUE ✓
Level 4 (T1): 7 cells, 3 pieces → UNIQUE ✓
Level 5 (T1): 7 cells, 3 pieces → UNIQUE ✓
Level 6 (T1): 7 cells, 3 pieces → UNIQUE ✓
Level 7 (T2): 13 cells, 3 pieces → UNIQUE ✓
Level 8 (T2): 13 cells, 3 pieces → UNIQUE ✓
Level 9 (T2): 13 cells, 3 pieces → UNIQUE ✓
Level 10 (T2): 13 cells, 3 pieces → UNIQUE ✓
Level 11 (T2): 13 cells, 3 pieces → UNIQUE ✓
Level 12 (T2): 13 cells, 3 pieces → UNIQUE ✓
Level 13 (T3): 14 cells, 3 pieces → UNIQUE ✓
Level 14 (T3): 14 cells, 3 pieces → UNIQUE ✓
Level 15 (T3): 14 cells, 3 pieces → UNIQUE ✓
Level 16 (T3): 14 cells, 3 pieces → UNIQUE ✓
Level 17 (T3): 14 cells, 3 pieces → UNIQUE ✓
Level 18 (T3): 14 cells, 3 pieces → UNIQUE ✓
Level 19 (T4): 18 cells, 3 pieces → UNIQUE ✓
Level 20 (T4): 18 cells, 3 pieces → UNIQUE ✓
Level 21 (T4): 18 cells, 3 pieces → UNIQUE ✓
Level 22 (T4): 18 cells, 3 pieces → UNIQUE ✓
Level 23 (T4): 18 cells, 3 pieces → UNIQUE ✓
Level 24 (T4): 18 cells, 3 pieces → UNIQUE ✓
Level 25 (T5): 19 cells, 3 pieces → UNIQUE ✓
Level 26 (T5): 19 cells, 3 pieces → UNIQUE ✓
Level 27 (T5): 19 cells, 3 pieces → UNIQUE ✓
Level 28 (T5): 19 cells, 3 pieces → UNIQUE ✓
Level 29 (T5): 19 cells, 3 pieces → UNIQUE ✓
Level 30 (T5): 19 cells, 3 pieces → UNIQUE ✓

=== SUMMARY ===
30/30 levels UNIQUE+VALID
✅ ALL PASS (independent Node.js BFS)

--- stderr tail ---

