exit=1
--- stdout tail ---
{
  "total": 30,
  "passed": 8,
  "failed": 22,
  "failReasons": [
    {
      "idx": 6,
      "reasons": "exhausted (ops=17)"
    },
    {
      "idx": 7,
      "reasons": "exhausted (ops=117)"
    },
    {
      "idx": 8,
      "reasons": "exhausted (ops=17)"
    },
    {
      "idx": 9,
      "reasons": "exhausted (ops=31)"
    },
    {
      "idx": 10,
      "reasons": "exhausted (ops=2021)"
    }
  ],
  "levelReports": [
    {
      "idx": 0,
      "par": 4,
      "blocks": 4,
      "ops": 5
    },
    {
      "idx": 1,
      "par": 3,
      "blocks": 3,
      "ops": 4
    },
    {
      "idx": 2,
      "par": 4,
      "blocks": 4,
      "ops": 5
    },
    {
      "idx": 3,
      "par": 4,
      "blocks": 4,
      "ops": 5
    },
    {
      "idx": 4,
      "par": 5,
      "blocks": 5,
      "ops": 6
    },
    {
      "idx": 5,
      "par": 5,
      "blocks": 5,
      "ops": 6
    },
    {
      "idx": 11,
      "par": 10,
      "blocks": 10,
      "ops": 11
    },
    {
      "idx": 13,
      "par": 13,
      "blocks": 13,
      "ops": 14
    }
  ],
  "verdict": "FAIL 22/30"
}

--- stderr tail ---

