exit=0
--- stdout tail ---
{
  "total": 30,
  "passed": 30,
  "failed": 0,
  "failReasons": [],
  "levelReports": [
    {
      "idx": 0,
      "par": 4,
      "blocks": 4,
      "ops": 5
    },
    {
      "idx": 1,
      "par": 3,
      "blocks": 3,
      "ops": 4
    },
    {
      "idx": 2,
      "par": 4,
      "blocks": 4,
      "ops": 5
    },
    {
      "idx": 3,
      "par": 4,
      "blocks": 4,
      "ops": 5
    },
    {
      "idx": 4,
      "par": 5,
      "blocks": 5,
      "ops": 6
    },
    {
      "idx": 5,
      "par": 5,
      "blocks": 5,
      "ops": 6
    },
    {
      "idx": 6,
      "par": 8,
      "blocks": 8,
      "ops": 9
    },
    {
      "idx": 7,
      "par": 8,
      "blocks": 8,
      "ops": 9
    },
    {
      "idx": 8,
      "par": 9,
      "blocks": 9,
      "ops": 10
    },
    {
      "idx": 9,
      "par": 7,
      "blocks": 7,
      "ops": 8
    },
    {
      "idx": 10,
      "par": 10,
      "blocks": 10,
      "ops": 11
    },
    {
      "idx": 11,
      "par": 10,
      "blocks": 10,
      "ops": 11
    },
    {
      "idx": 12,
      "par": 19,
      "blocks": 19,
      "ops": 20
    },
    {
      "idx": 13,
      "par": 13,
      "blocks": 13,
      "ops": 14
    },
    {
      "idx": 14,
      "par": 12,
      "blocks": 12,
      "ops": 13
    },
    {
      "idx": 15,
      "par": 16,
      "blocks": 16,
      "ops": 17
    },
    {
      "idx": 16,
      "par": 14,
      "blocks": 14,
      "ops": 15
    },
    {
      "idx": 17,
      "par": 16,
      "blocks": 16,
      "ops": 17
    },
    {
      "idx": 18,
      "par": 20,
      "blocks": 20,
      "ops": 21
    },
    {
      "idx": 19,
      "par": 16,
      "blocks": 16,
      "ops": 17
    },
    {
      "idx": 20,
      "par": 20,
      "blocks": 20,
      "ops": 21
    },
    {
      "idx": 21,
      "par": 15,
      "blocks": 15,
      "ops": 16
    },
    {
      "idx": 22,
      "par": 17,
      "blocks": 17,
      "ops": 18
    },
    {
      "idx": 23,
      "par": 21,
      "blocks": 21,
      "ops": 22
    },
    {
      "idx": 24,
      "par": 28,
      "blocks": 28,
      "ops": 29
    },
    {
      "idx": 25,
      "par": 23,
      "blocks": 23,
      "ops": 24
    },
    {
      "idx": 26,
      "par": 30,
      "blocks": 30,
      "ops": 31
    },
    {
      "idx": 27,
      "par": 28,
      "blocks": 28,
      "ops": 29
    },
    {
      "idx": 28,
      "par": 31,
      "blocks": 31,
      "ops": 32
    },
    {
      "idx": 29,
      "par": 33,
      "blocks": 33,
      "ops": 34
    }
  ],
  "verdict": "PASS 30/30"
}

--- stderr tail ---

