tower-stacker-3d in-engine verification: 33/33 (30 levels all-perfect playthrough via canvas taps + engine raf pump; 3 stars/highScores persisted; miss->gameOver negative; daily complete; save + pause paths), verdict=PASS
  OK L1 (biome 0, target 8) — 8 taps, score 2900, 3 stars
  OK L2 (biome 0, target 9) — 9 taps, score 3400, 3 stars
  OK L3 (biome 0, target 10) — 10 taps, score 4400, 3 stars
  OK L4 (biome 0, target 11) — 11 taps, score 5400, 3 stars
  OK L5 (biome 0, target 12) — 12 taps, score 6400, 3 stars
  OK L6 (biome 1, target 10) — 10 taps, score 4400, 3 stars
  OK L7 (biome 1, target 11) — 11 taps, score 5400, 3 stars
  OK L8 (biome 1, target 12) — 12 taps, score 6400, 3 stars
  OK L9 (biome 1, target 13) — 13 taps, score 7400, 3 stars
  OK L10 (biome 1, target 14) — 14 taps, score 8400, 3 stars
  OK L11 (biome 2, target 12) — 12 taps, score 6400, 3 stars
  OK L12 (biome 2, target 13) — 13 taps, score 7400, 3 stars
  OK L13 (biome 2, target 14) — 14 taps, score 8400, 3 stars
  OK L14 (biome 2, target 15) — 15 taps, score 9400, 3 stars
  OK L15 (biome 2, target 16) — 16 taps, score 10400, 3 stars
  OK L16 (biome 3, target 14) — 14 taps, score 8400, 3 stars
  OK L17 (biome 3, target 15) — 15 taps, score 9400, 3 stars
  OK L18 (biome 3, target 16) — 16 taps, score 10400, 3 stars
  OK L19 (biome 3, target 17) — 17 taps, score 11400, 3 stars
  OK L20 (biome 3, target 18) — 18 taps, score 12400, 3 stars
  OK L21 (biome 4, target 16) — 16 taps, score 10400, 3 stars
  OK L22 (biome 4, target 17) — 17 taps, score 11400, 3 stars
  OK L23 (biome 4, target 18) — 18 taps, score 12400, 3 stars
  OK L24 (biome 4, target 19) — 19 taps, score 13400, 3 stars
  OK L25 (biome 4, target 20) — 20 taps, score 14400, 3 stars
  OK L26 (biome 5, target 18) — 18 taps, score 12400, 3 stars
  OK L27 (biome 5, target 19) — 19 taps, score 13400, 3 stars
  OK L28 (biome 5, target 20) — 20 taps, score 14400, 3 stars
  OK L29 (biome 5, target 21) — 21 taps, score 15400, 3 stars
  OK L30 (biome 5, target 22) — 22 taps, score 16400, 3 stars
  OK miss -> gameOver — state GAMEOVER reached via real miss path
  OK daily challenge complete — target 17, dailyCompleted stamped
  OK save persist + pause — 30 star records persisted; Escape pauses/resumes
{"pass":33,"fail":0,"total":33,"verdict":"PASS"}
