📋 Daily SEO Health — 2026-10-06 00:01
==================================================

🔧 技术SEO检查:
  ✅ gamezipper.com: robots.txt:✅ | sitemap.xml:✅ | indexnowkey.txt:✅ | with lastmod:819/819 (100%)
  ✅ tools.gamezipper.com: robots.txt:✅ | sitemap.xml:✅ | 027a0cd216fe45e6aeb738f2f49d59ff.txt:✅ | with lastmod:4894/4894 (100%)

📡 IndexNow 增量提交:
  [sitemap] gamezipper.com: unique_locs=819 with_lastmod=819 coverage=100.0% tracked=823
  ⏭️ gamezipper.com: 无新URL (819 URLs 已知)
  [indexnow] gamezipper.com: skipped no_new_urls last_status=200 last_ok=2026-09-25T13:04:21 tracked=823
  [sitemap] tools.gamezipper.com: unique_locs=4894 with_lastmod=4894 coverage=100.0% tracked=4894
  ⏭️ tools.gamezipper.com: 无新URL (4894 URLs 已知)
  [indexnow] tools.gamezipper.com: skipped no_new_urls last_status=200 last_ok=2026-09-22T03:37:02 tracked=4894

🔍 GSC organic 流量:
  ✅ GSC: 58 展示 / 14 点击 / CTR 24.14% (近7天)
     sites: https://gamezipper.com, https://tools.gamezipper.com · last_run: 2026-10-06T00:00:51
     Top queries:
       • gamezipper — 14 clicks / 21 imp
       • 2048 game online free — 0 clicks / 5 imp
       • 2048 game play — 0 clicks / 1 imp
       • cloud and sheep — 0 clicks / 1 imp
       • fly with rope unblocked — 0 clicks / 2 imp

📊 本轮: 0 URLs 新提交
==================================================
