exit=0
--- stdout tail ---
  L 1 N=5: PASS reason=undefined
  L 2 N=5: PASS reason=undefined
  L 3 N=5: PASS reason=undefined
  L 4 N=5: PASS reason=undefined
  L 5 N=5: PASS reason=undefined
  L 6 N=5: PASS reason=undefined
  L 7 N=6: PASS reason=undefined
  L 8 N=6: PASS reason=undefined
  L 9 N=6: PASS reason=undefined
  L10 N=6: PASS reason=undefined
  L11 N=6: PASS reason=undefined
  L12 N=6: PASS reason=undefined
  L13 N=7: PASS reason=undefined
  L14 N=7: PASS reason=undefined
  L15 N=7: PASS reason=undefined
  L16 N=7: PASS reason=undefined
  L17 N=7: PASS reason=undefined
  L18 N=7: PASS reason=undefined
  L19 N=7: PASS reason=undefined
  L20 N=7: PASS reason=undefined
  L21 N=7: PASS reason=undefined
  L22 N=7: PASS reason=undefined
  L23 N=7: PASS reason=undefined
  L24 N=7: PASS reason=undefined
  L25 N=7: PASS reason=undefined
  L26 N=7: PASS reason=undefined
  L27 N=7: PASS reason=undefined
  L28 N=7: PASS reason=undefined
  L29 N=7: PASS reason=undefined
  L30 N=7: PASS reason=undefined

30/30 levels PASS

--- stderr tail ---

