[1/551] 8-ball-billiards play=Y cls=rendered err=0 req=0
[2/551] 100-doors play=n cls=rendered err=0 req=0
[3/551] 2048 play=n cls=rendered err=0 req=0
[4/551] admin play=n cls=dom-ok err=0 req=0
[5/551] abyss-chef play=n cls=rendered err=0 req=0
[6/551] akichiwake play=Y cls=dom-only err=0 req=0
[7/551] akinator play=Y cls=dom-only err=0 req=0
[8/551] akari play=n cls=dom-ok err=0 req=0
[9/551] anagram play=Y cls=dom-ok err=0 req=0
[10/551] amibo play=Y cls=rendered err=0 req=0
[11/551] alien-whack play=n cls=dom-ok err=0 req=0
[12/551] anglers play=Y cls=rendered err=0 req=0
[13/551] anemometer-wind-map play=Y cls=rendered err=0 req=0
[14/551] antikythera-mechanism play=Y cls=rendered err=0 req=0
[15/551] antistress play=Y cls=rendered err=0 req=0
[16/551] anti-king-sudoku play=n cls=dom-only err=0 req=0
[17/551] anti-knight-sudoku play=n cls=dom-only err=0 req=0
[18/551] aqre play=Y cls=dom-only err=0 req=0
[19/551] aqua-digger play=Y cls=rendered err=0 req=0
[20/551] aquarium play=Y cls=rendered err=0 req=0
[21/551] araf play=n cls=rendered err=0 req=0
[22/551] armillary-align play=Y cls=rendered err=0 req=0
[23/551] arrow-block-escape play=n cls=dom-only err=0 req=0
[24/551] arrow-puzzle play=Y cls=dom-only err=0 req=0
[25/551] arrow-escape play=n cls=dom-only err=0 req=0
[26/551] arrow-sudoku play=n cls=dom-only err=0 req=0
[27/551] audio-rhythm-puzzle play=n cls=dom-only err=0 req=0
[28/551] baba-is-you play=Y cls=rendered err=0 req=0
[29/551] atomas play=n cls=rendered err=0 req=0
[30/551] bag-puzzle play=Y cls=rendered err=0 req=0
[31/551] balance-loop play=n cls=dom-only err=0 req=0
[32/551] backgammon play=Y cls=rendered err=0 req=0
[33/551] balance-scale play=Y cls=rendered err=0 req=0
[34/551] ball-catch play=n cls=rendered err=0 req=0
[35/551] balloon-pop play=Y cls=dom-only err=0 req=0
[36/551] balls-vs-bricks play=Y cls=rendered err=0 req=0
[37/551] ball-sort play=n cls=rendered err=0 req=0
[38/551] battleship play=Y cls=rendered err=0 req=0
[39/551] basketball-shoot play=n cls=rendered err=0 req=0
[40/551] beads-out play=Y cls=rendered err=0 req=0
[41/551] barns play=n cls=dom-only err=0 req=0
[42/551] beat-battle play=Y cls=dom-only err=0 req=0
[43/551] bejeweled play=Y cls=rendered err=0 req=0
[44/551] big-tall-small play=Y cls=rendered err=0 req=0
[45/551] black play=n cls=dom-ok err=0 req=0
[46/551] black-box play=Y cls=dom-only err=0 req=0
[47/551] black-hole play=Y cls=rendered err=0 req=0
[48/551] binairo play=n cls=dom-only err=0 req=0
[49/551] blackjack play=Y cls=dom-ok err=0 req=0
[50/551] blind-spot play=Y cls=rendered err=0 req=0
[51/551] blob-pop play=Y cls=rendered err=0 req=0
[52/551] block-blast-bingo play=Y cls=rendered err=0 req=0
[53/551] block-out play=Y cls=rendered err=0 req=0
[54/551] block-blast play=n cls=rendered err=1 req=0 *
[55/551] blog play=Y cls=dom-ok err=0 req=0
[56/551] blockudoku play=n cls=dom-only err=0 req=0
[57/551] blocky-blast play=n cls=dom-only err=0 req=0
[58/551] bloxorz play=Y cls=rendered err=0 req=0
[59/551] blue play=n cls=dom-ok err=0 req=0
[60/551] blumgi-slime play=Y cls=dom-only err=0 req=0
[61/551] boggle play=Y cls=dom-ok err=0 req=0
[62/551] bottle-flip-3d play=Y cls=rendered err=0 req=0
[63/551] bounce-bot play=n cls=rendered err=0 req=0
[64/551] bolt-jam-3d play=n cls=dom-only err=0 req=0
[65/551] bonsai-prune play=n cls=rendered err=0 req=0
[66/551] boxrob play=Y cls=rendered err=0 req=0
[67/551] brain-it-on play=Y cls=rendered err=0 req=0
[68/551] brain-out play=Y cls=rendered err=0 req=0
[69/551] brainrot-blocks play=Y cls=rendered err=0 req=0
[70/551] bowling-master play=n cls=? err=0 req=0 *
[71/551] brick-breaker play=n cls=rendered err=0 req=0
[72/551] bridge-builder play=Y cls=rendered err=0 req=0
[73/551] bubble-pop play=Y cls=dom-only err=0 req=0
[74/551] bubble-shooter play=Y cls=dom-only err=0 req=0
[75/551] build-a-queen play=Y cls=rendered err=0 req=0
[76/551] burger-stack play=Y cls=dom-only err=0 req=0
[77/551] bus-jam-3d play=Y cls=rendered err=0 req=0
[78/551] butterfly-sudoku play=Y cls=dom-only err=0 req=0
[79/551] bus-traffic-fever play=Y cls=rendered err=0 req=0
[80/551] camshaft-timing play=Y cls=rendered err=0 req=0
[81/551] canal-lock play=Y cls=dom-only err=0 req=0
[82/551] candle-crafter play=Y cls=dom-only err=0 req=0
[83/551] castle-wall play=Y cls=dom-only err=0 req=0
[84/551] catch-the-cat play=n cls=dom-only err=0 req=0
[85/551] carrom play=n cls=rendered err=0 req=0
[86/551] cave play=Y cls=rendered err=0 req=0
[87/551] centrifuge-separation play=Y cls=dom-only err=0 req=0
[88/551] catch-turkey play=n cls=dom-ok err=0 req=0
[89/551] chain-reaction play=Y cls=rendered err=0 req=0
[90/551] checkers play=Y cls=dom-only err=0 req=0
[91/551] chess play=Y cls=dom-ok err=0 req=0
[92/551] chinese-checkers play=Y cls=dom-only err=0 req=0
[93/551] chinese-chess play=Y cls=dom-only err=0 req=0
[94/551] chocolate-bean-storm play=Y cls=dom-only err=0 req=0
[95/551] circuit-logic play=Y cls=dom-only err=0 req=0
[96/551] chocona play=n cls=dom-only err=0 req=0
[97/551] claw-machine play=Y cls=dom-only err=0 req=0
[98/551] code-robot play=Y cls=dom-only err=0 req=0
[99/551] cloud-sheep play=Y cls=rendered err=0 req=0
[100/551] coin-pusher play=Y cls=rendered err=0 req=0
[101/551] coin-machine play=Y cls=rendered err=0 req=0
[102/551] codewords play=n cls=? err=0 req=0 *
[103/551] color-blend play=Y cls=dom-only err=0 req=0
[104/551] coin-sort play=n cls=rendered err=0 req=0
[105/551] color-block-jam play=Y cls=dom-only err=0 req=0
[106/551] color-by-number play=Y cls=dom-only err=0 req=0
[107/551] color-cars-parking play=Y cls=dom-only err=0 req=0
[108/551] color-helix-smash play=Y cls=rendered err=0 req=0
[109/551] color-hole-3d play=Y cls=rendered err=0 req=0
[110/551] color-cascade play=n cls=dom-only err=0 req=0
[111/551] color-pour play=n cls=rendered err=0 req=0
[112/551] color-sort play=n cls=rendered err=0 req=0
[113/551] color-sudoku play=Y cls=dom-only err=0 req=0
[114/551] color-switch play=Y cls=dom-only err=0 req=0
[115/551] compass play=Y cls=dom-only err=0 req=0
[116/551] compound-word play=n cls=dom-only err=1 req=0 *
[117/551] consecutive-sudoku play=Y cls=rendered err=0 req=0
[118/551] connect-four play=n cls=rendered err=0 req=0
[119/551] contact play=Y cls=rendered err=0 req=0
[120/551] constellation-connect play=n cls=rendered err=0 req=0
[121/551] conveyor-sort play=Y cls=dom-only err=0 req=0
[122/551] contexto play=n cls=dom-ok err=0 req=0
[123/551] cookie-clicker play=Y cls=rendered err=0 req=0
[124/551] cookie-policy play=Y cls=dom-only err=0 req=0
[125/551] count-master play=Y cls=rendered err=0 req=0
[126/551] cover-orange play=Y cls=rendered err=0 req=0
[127/551] crankshaft-linkage play=Y cls=rendered err=0 req=0
[128/551] country-road play=n cls=dom-only err=0 req=0
[129/551] crazy-eights play=n cls=rendered err=0 req=0
[130/551] cribbage play=Y cls=rendered err=0 req=0
[131/551] cross-stitch play=Y cls=dom-only err=0 req=0
[132/551] creek play=n cls=dom-only err=0 req=0
[133/551] cross-the-streams play=Y cls=rendered err=0 req=0
[134/551] crossmath play=Y cls=dom-only err=0 req=0
[135/551] crossword play=Y cls=dom-ok err=0 req=0
[136/551] crucible-alloy play=n cls=rendered err=0 req=0
[137/551] cryptograms play=Y cls=dom-only err=0 req=0
[138/551] cube-pop play=Y cls=rendered err=0 req=0
[139/551] dessert-blast play=Y cls=rendered err=0 req=0
[140/551] cut-the-rope play=n cls=rendered err=0 req=0
[141/551] dice-merge play=Y cls=dom-only err=0 req=0
[142/551] domino-toppler play=n cls=rendered err=0 req=0
[143/551] domino-chain play=n cls=rendered err=0 req=0
[144/551] dominoes play=Y cls=rendered err=0 req=0
[145/551] dominosa play=Y cls=dom-only err=0 req=0
[146/551] doodle-jump play=Y cls=rendered err=0 req=0
[147/551] doppelblock play=Y cls=dom-only err=0 req=0
[148/551] dosun-fuwari play=Y cls=rendered err=0 req=0
[149/551] dotchi-loop play=n cls=rendered err=0 req=0
[150/551] dots-and-boxes play=Y cls=dom-only err=0 req=0
[151/551] draw-bridge play=Y cls=dom-only err=0 req=0
[152/551] double-choco play=n cls=dom-only err=0 req=0
[153/551] draw-one-part play=Y cls=dom-only err=0 req=0
[154/551] dreadrock play=Y cls=dom-only err=0 req=0
[155/551] drift-boss play=Y cls=rendered err=0 req=0
[156/551] drive-fury play=Y cls=rendered err=0 req=0
[157/551] draw-to-home play=Y cls=rendered err=0 req=0
[158/551] drive-mad play=Y cls=dom-only err=0 req=0
[159/551] duck-life play=Y cls=rendered err=0 req=0
[160/551] dunk-shot-3d play=Y cls=rendered err=0 req=0
[161/551] easy-as-abc play=n cls=dom-only err=0 req=0
[162/551] eco-reclaim play=Y cls=rendered err=0 req=0
[163/551] duck-merge play=Y cls=rendered err=0 req=0
[164/551] eggy-car play=Y cls=dom-only err=0 req=0
[165/551] einstein-riddle play=Y cls=rendered err=0 req=0
[166/551] electromagnet-field play=n cls=rendered err=0 req=0
[167/551] emoji-puzzle play=Y cls=rendered err=0 req=0
[168/551] escape-manor play=Y cls=rendered err=0 req=0
[169/551] euchre play=Y cls=rendered err=0 req=0
[170/551] emoji-merge play=n cls=rendered err=0 req=0
[171/551] evolomino play=Y cls=rendered err=0 req=0
[172/551] factory-balls play=Y cls=rendered err=0 req=0
[173/551] farkle play=Y cls=rendered err=0 req=0
[174/551] family-tree play=n cls=dom-only err=0 req=0
[175/551] fifteen play=Y cls=rendered err=0 req=0
[176/551] fill-a-pix play=n cls=dom-ok err=0 req=0
[177/551] fill-glass play=Y cls=rendered err=0 req=0
[178/551] fill-fridge play=n cls=dom-only err=0 req=0
[179/551] fillomino play=Y cls=dom-only err=0 req=0
[180/551] find-n-merge play=Y cls=dom-only err=0 req=0
[181/551] fireboy-watergirl play=Y cls=rendered err=0 req=0
[182/551] flag-paint play=Y cls=rendered err=0 req=0
[183/551] flappy-wings play=n cls=rendered err=0 req=0
[184/551] flood-fill play=Y cls=rendered err=0 req=0
[185/551] four-pics-one-word play=Y cls=dom-only err=0 req=0
[186/551] flow-connect play=n cls=rendered err=0 req=0
[187/551] flow-free-puzzle play=n cls=rendered err=0 req=0
[188/551] fruit-slash play=Y cls=rendered err=1 req=0 *
[189/551] fulcrum-balance play=Y cls=dom-only err=0 req=0
[190/551] freecell play=n cls=rendered err=0 req=0
[191/551] futoshiki play=Y cls=dom-only err=0 req=0
[192/551] fun-web-games play=Y cls=rendered err=0 req=0
[193/551] gear-chain play=Y cls=rendered err=0 req=0
[194/551] gecko-out play=Y cls=rendered err=0 req=0
[195/551] gem-paint play=Y cls=dom-only err=0 req=0
[196/551] geneva-drive play=Y cls=rendered err=0 req=0
[197/551] glass-rush-3d play=Y cls=dom-only err=0 req=0
[198/551] girandola-sudoku play=Y cls=dom-only err=0 req=0
[199/551] glyph-quest play=n cls=rendered err=0 req=0
[200/551] go play=Y cls=rendered err=0 req=0
[201/551] go-fish play=Y cls=dom-only err=1 req=0 *
[202/551] gobble play=Y cls=rendered err=0 req=0
[203/551] going-balls play=Y cls=rendered err=0 req=0
[204/551] gokigen-naname play=Y cls=dom-only err=0 req=0
[205/551] golf-solitaire play=n cls=dom-only err=0 req=0
[206/551] goods-sort play=Y cls=rendered err=0 req=0
[207/551] gravity-drop play=Y cls=dom-only err=0 req=0
[208/551] gomoku play=n cls=rendered err=0 req=0
[209/551] grass-master play=n cls=dom-only err=0 req=0
[210/551] gravity-orbit play=n cls=rendered err=0 req=0
[211/551] gravity-flip play=n cls=dom-only err=0 req=0
[212/551] gravity-run play=n cls=rendered err=0 req=0
[213/551] grow-worm play=Y cls=rendered err=0 req=0
[214/551] growmi play=Y cls=dom-only err=0 req=0
[215/551] guess-the-emoji play=Y cls=dom-ok err=0 req=0
[216/551] gyroscope-precession play=Y cls=rendered err=0 req=0
[217/551] greater-than-sudoku play=n cls=dom-only err=0 req=0
[218/551] hangman play=Y cls=rendered err=0 req=0
[219/551] happy-glass play=Y cls=rendered err=0 req=0
[220/551] hashiwokakero play=Y cls=dom-only err=0 req=0
[221/551] hearts play=Y cls=dom-only err=0 req=0
[222/551] herugolf play=Y cls=rendered err=0 req=0
[223/551] helix-jump play=Y cls=rendered err=0 req=0
[224/551] hex-block play=Y cls=rendered err=0 req=0
[225/551] hex-haven play=Y cls=rendered err=0 req=0
[226/551] hex-minesweeper play=Y cls=rendered err=0 req=0
[227/551] hex-path-spin play=Y cls=dom-only err=0 req=0
[228/551] hex-tessellation play=n cls=rendered err=0 req=0
[229/551] hexa-bridges play=Y cls=dom-only err=0 req=0
[230/551] hexa-2048 play=Y cls=dom-only err=0 req=0
[231/551] hexa-sort play=Y cls=rendered err=0 req=0
[232/551] hexxagon play=Y cls=rendered err=0 req=0
[233/551] hextris play=Y cls=rendered err=0 req=0
[234/551] hidato play=Y cls=rendered err=0 req=0
[235/551] hidden-object play=Y cls=dom-only err=0 req=0
[236/551] heyawake play=n cls=dom-only err=0 req=0
[237/551] hide-and-paint play=Y cls=rendered err=0 req=0
[238/551] hole-stars play=Y cls=dom-only err=0 req=0
[239/551] hitori play=n cls=dom-ok err=0 req=0
[240/551] hoop-stack play=n cls=rendered err=0 req=0
[241/551] hop-warp play=Y cls=rendered err=0 req=0
[242/551] hotaru-beam play=Y cls=dom-only err=0 req=0
[243/551] hospital-hero play=Y cls=rendered err=0 req=0
[244/551] hotel-rush play=Y cls=rendered err=0 req=0
[245/551] hourglass-swap play=Y cls=dom-only err=0 req=0
[246/551] hyper-sudoku play=Y cls=dom-only err=0 req=0
[247/551] ice-breaker play=Y cls=rendered err=0 req=0
[248/551] idle-clicker play=Y cls=rendered err=0 req=0
[249/551] impossible-quiz play=Y cls=rendered err=0 req=0
[250/551] inertia play=Y cls=rendered err=0 req=0
[251/551] infinity-loop play=Y cls=dom-only err=0 req=0
[252/551] interferometer-align play=Y cls=rendered err=0 req=0
[253/551] japanese-sums play=n cls=dom-only err=0 req=0
[254/551] jelly-dye play=Y cls=rendered err=0 req=0
[255/551] jewel-crush play=Y cls=rendered err=0 req=0
[256/551] jigpic-solitaire play=n cls=dom-only err=0 req=0
[257/551] jewel-coloring play=n cls=dom-only err=0 req=0
[258/551] jigsaw-puzzle play=Y cls=rendered err=0 req=0
[259/551] kakurasu play=Y cls=rendered err=0 req=0
[260/551] kazunori play=n cls=dom-only err=0 req=0
[261/551] kakuro play=Y cls=dom-only err=0 req=0
[262/551] jigsaw-sudoku play=n cls=dom-only err=0 req=0
[263/551] kenken play=Y cls=rendered err=0 req=0
[264/551] kitchen-rush play=Y cls=rendered err=0 req=0
[265/551] killer-sudoku play=Y cls=rendered err=0 req=0
[266/551] kitty-cafe play=Y cls=rendered err=0 req=0
[267/551] klotski play=Y cls=rendered err=0 req=0
[268/551] knit-off play=Y cls=rendered err=0 req=0
[269/551] kojun play=n cls=rendered err=0 req=0
[270/551] kropki-sudoku play=Y cls=rendered err=0 req=0
[271/551] knotwords play=Y cls=dom-only err=0 req=0
[272/551] kurodoko play=Y cls=dom-ok err=0 req=0
[273/551] labyrinth play=Y cls=dom-only err=0 req=0
[274/551] kuromasu play=n cls=dom-only err=0 req=0
[275/551] laser-maze play=Y cls=dom-only err=0 req=0
[276/551] lava-rising play=Y cls=rendered err=0 req=0
[277/551] link-a-pix play=Y cls=rendered err=0 req=0
[278/551] level-devil play=n cls=rendered err=0 req=0
[279/551] letter-boxed play=n cls=rendered err=0 req=0
[280/551] little-alchemy play=Y cls=rendered err=0 req=0
[281/551] liquid-connect play=n cls=rendered err=0 req=0
[282/551] lits play=n cls=dom-only err=0 req=0
[283/551] little-killer-sudoku play=Y cls=rendered err=0 req=0
[284/551] lockpick play=Y cls=rendered err=0 req=0
[285/551] logic-gates play=Y cls=rendered err=0 req=0
[286/551] love-balls play=Y cls=rendered err=0 req=0
[287/551] ludo play=Y cls=rendered err=0 req=0
[288/551] magic-square play=Y cls=rendered err=0 req=0
[289/551] magic-tiles play=Y cls=dom-only err=0 req=0
[290/551] magic-sort play=n cls=rendered err=0 req=0
[291/551] mahjong-connect play=Y cls=dom-only err=0 req=0
[292/551] mahjong-dimensions play=Y cls=dom-only err=0 req=0
[293/551] mahjong-solitaire play=Y cls=dom-ok err=0 req=0
[294/551] mancala play=n cls=rendered err=0 req=0
[295/551] marble-run play=n cls=rendered err=0 req=0
[296/551] marginal-sudoku play=n cls=dom-only err=0 req=0
[297/551] masyu play=Y cls=rendered err=0 req=0
[298/551] matchstick-puzzle play=Y cls=dom-only err=0 req=0
[299/551] mastermind play=n cls=rendered err=0 req=0
[300/551] maze-paint play=Y cls=dom-only err=0 req=0
[301/551] math-24 play=Y cls=rendered err=0 req=0
[302/551] maze-runner play=Y cls=dom-only err=0 req=0
[303/551] mekorama play=Y cls=dom-only err=0 req=0
[304/551] memory-match play=Y cls=rendered err=0 req=0
[305/551] meowdoku play=Y cls=dom-only err=0 req=0
[306/551] merge-sweets play=Y cls=rendered err=0 req=0
[307/551] merge-kingdom play=Y cls=rendered err=0 req=0
[308/551] metro-lines play=Y cls=rendered err=0 req=0
[309/551] mid-loop play=n cls=dom-only err=0 req=0
[310/551] minesweeper play=n cls=rendered err=0 req=0
[311/551] mini-golf play=Y cls=dom-ok err=0 req=0
[312/551] monkey-mart play=Y cls=rendered err=0 req=0
[313/551] monster-truck-madness play=Y cls=rendered err=0 req=0
[314/551] mo-yu-fayu play=n cls=rendered err=0 req=0
[315/551] mosaic-master play=Y cls=dom-only err=0 req=0
[316/551] mosaic-merge play=Y cls=rendered err=0 req=0
[317/551] moto-x3m play=Y cls=rendered err=0 req=0
[318/551] mr-bullet play=Y cls=rendered err=0 req=0
[319/551] nail-art play=Y cls=dom-only err=0 req=0
[320/551] neon-dash play=Y cls=rendered err=0 req=0
[321/551] neon-run play=Y cls=dom-only err=0 req=0
[322/551] nerdle play=Y cls=dom-ok err=0 req=0
[323/551] nonogram play=Y cls=dom-only err=0 req=0
[324/551] number-nexus play=Y cls=dom-only err=0 req=0
[325/551] number-match play=Y cls=rendered err=0 req=0
[326/551] number-slide play=Y cls=dom-only err=0 req=0
[327/551] numbrix play=Y cls=rendered err=0 req=0
[328/551] nurikabe play=n cls=dom-only err=0 req=0
[329/551] nurimaze play=n cls=rendered err=0 req=0
[330/551] numberlink play=n cls=rendered err=0 req=0
[331/551] nurimeizu play=Y cls=rendered err=0 req=0
[332/551] nuritwin play=n cls=dom-only err=0 req=0
[333/551] nut-sort play=n cls=rendered err=0 req=0
[334/551] ocean-gem-pop play=Y cls=dom-only err=0 req=0
[335/551] nyt-tiles play=n cls=dom-only err=0 req=0
[336/551] odd-even-sudoku play=n cls=dom-only err=0 req=0
[337/551] odd-one-out play=n cls=rendered err=0 req=0
[338/551] one-line-connect play=Y cls=dom-only err=0 req=0
[339/551] one-line-puzzle play=Y cls=dom-only err=0 req=0
[340/551] onet play=Y cls=dom-only err=0 req=0
[341/551] orrery-planetary-gear play=Y cls=rendered err=0 req=0
[342/551] paint-splash play=Y cls=dom-only err=0 req=0
[343/551] outside-sudoku play=n cls=dom-only err=0 req=0
[344/551] papas-freezeria play=Y cls=dom-only err=0 req=0
[345/551] palindrome-sudoku play=n cls=dom-only err=0 req=0
[346/551] paper-io play=Y cls=dom-only err=0 req=0
[347/551] parking-jam play=Y cls=rendered err=0 req=0
[348/551] peg-solitaire play=Y cls=rendered err=0 req=0
[349/551] penalty-shootout play=Y cls=rendered err=0 req=0
[350/551] pattern-matrix play=n cls=dom-ok err=0 req=0
[351/551] perler-beads play=Y cls=dom-only err=0 req=0
[352/551] petal-path play=Y cls=rendered err=0 req=0
[353/551] phantom-blade play=n cls=dom-only err=0 req=0
[354/551] physics-draw-puzzle play=Y cls=dom-only err=0 req=0
[355/551] pin-master play=Y cls=rendered err=0 req=0
[356/551] pinball play=Y cls=rendered err=0 req=0
[357/551] pin-pull-puzzle play=n cls=rendered err=0 req=0
[358/551] pips play=Y cls=rendered err=0 req=0
[359/551] pipe-connect play=n cls=rendered err=0 req=0
[360/551] pixel-logic play=Y cls=dom-only err=0 req=0
[361/551] plug-master play=Y cls=rendered err=0 req=0
[362/551] pocket-sort play=Y cls=rendered err=0 req=0
[363/551] plinko play=Y cls=dom-only err=0 req=0
[364/551] pool play=Y cls=rendered err=0 req=0
[365/551] poly-art-3d play=n cls=dom-only err=0 req=0
[366/551] pottery-master play=Y cls=rendered err=0 req=0
[367/551] pong play=n cls=rendered err=0 req=0
[368/551] power-wash play=Y cls=rendered err=0 req=0
[369/551] prism-path play=Y cls=dom-only err=0 req=0
[370/551] pulse-path play=Y cls=rendered err=0 req=0
[371/551] pull-the-pin play=n cls=rendered err=0 req=0
[372/551] punch-master play=Y cls=rendered err=0 req=0
[373/551] queens play=Y cls=dom-only err=0 req=0
[374/551] quordle play=Y cls=rendered err=0 req=0
[375/551] pyramid-solitaire play=n cls=rendered err=0 req=0
[376/551] quoridor play=Y cls=rendered err=0 req=0
[377/551] ragdoll-archers play=Y cls=rendered err=0 req=0
[378/551] reaction-time play=Y cls=dom-ok err=0 req=0
[379/551] qwirkle play=n cls=rendered err=0 req=0
[380/551] recoil play=Y cls=rendered err=0 req=0
[381/551] rekuto play=Y cls=rendered err=0 req=0
[382/551] renzoku play=Y cls=dom-only err=0 req=0
[383/551] resonance-lock play=Y cls=rendered err=0 req=0
[384/551] reversi play=Y cls=rendered err=0 req=0
[385/551] ricochet-robots play=Y cls=rendered err=0 req=0
[386/551] ring-toss play=Y cls=rendered err=0 req=0
[387/551] ripple-effect play=Y cls=dom-only err=0 req=0
[388/551] roll-rush play=Y cls=rendered err=0 req=0
[389/551] rope-rescue play=Y cls=rendered err=0 req=0
[390/551] rosette play=Y cls=dom-only err=0 req=0
[391/551] rubiks-cube play=Y cls=rendered err=0 req=0
[392/551] rullo play=Y cls=dom-ok err=0 req=0
[393/551] rule-rewrite play=n cls=rendered err=0 req=0
[394/551] rummy play=Y cls=rendered err=0 req=0
[395/551] samurai-sudoku play=Y cls=dom-only err=0 req=0
[396/551] sand-balls play=Y cls=rendered err=1 req=0 *
[397/551] same-game play=n cls=dom-only err=0 req=0
[398/551] sand-sort play=n cls=rendered err=0 req=0
[399/551] sandwich-sudoku play=Y cls=rendered err=0 req=0
[400/551] sandtrix play=n cls=rendered err=0 req=0
[401/551] schulte-table play=Y cls=dom-only err=0 req=0
[402/551] save-the-doge play=Y cls=rendered err=0 req=0
[403/551] screw-jam play=Y cls=dom-only err=0 req=0
[404/551] screw-master play=Y cls=dom-only err=0 req=0
[405/551] seating-puzzle play=Y cls=rendered err=0 req=0
[406/551] sextant-celestial play=Y cls=rendered err=0 req=0
[407/551] search-9-sudoku play=n cls=dom-only err=0 req=0
[408/551] shakashaka play=Y cls=dom-only err=0 req=0
[409/551] shape-fold play=Y cls=rendered err=0 req=0
[410/551] shikaku play=Y cls=dom-only err=0 req=0
[411/551] ships-finder play=Y cls=rendered err=0 req=0
[412/551] shirokuro play=n cls=rendered err=0 req=0
[413/551] shogi play=n cls=dom-ok err=0 req=0
[414/551] simon-says play=n cls=dom-only err=0 req=0
[415/551] slant play=Y cls=dom-only err=0 req=0
[416/551] skyscrapers play=n cls=dom-only err=0 req=0
[417/551] slice-master play=Y cls=rendered err=0 req=0
[418/551] slide-cat play=n cls=dom-only err=0 req=0
[419/551] sliding-puzzle play=Y cls=dom-only err=0 req=0
[420/551] sling-smash play=Y cls=dom-only err=0 req=0
[421/551] slitherlink play=Y cls=dom-only err=0 req=0
[422/551] snake play=n cls=rendered err=0 req=0
[423/551] slope play=n cls=rendered err=0 req=0
[424/551] snake-pit play=Y cls=dom-only err=0 req=0
[425/551] snake-vs-block play=Y cls=rendered err=0 req=0
[426/551] soap-slice play=Y cls=dom-only err=0 req=0
[427/551] snow-rider play=n cls=rendered err=0 req=0
[428/551] sohei-sudoku play=Y cls=dom-only err=0 req=0
[429/551] sokoban play=Y cls=dom-only err=0 req=0
[430/551] sokoban-switch play=Y cls=rendered err=0 req=0
[431/551] solitaire play=Y cls=dom-ok err=0 req=0
[432/551] soliten play=Y cls=dom-only err=0 req=0
[433/551] solitaire-roguelite play=n cls=dom-only err=0 req=0
[434/551] spades play=Y cls=rendered err=1 req=0 *
[435/551] spelling-bee play=Y cls=dom-only err=1 req=0 *
[436/551] spider-solitaire play=Y cls=rendered err=0 req=0
[437/551] spin-rings play=Y cls=rendered err=0 req=0
[438/551] spiral-galaxy play=Y cls=rendered err=0 req=0
[439/551] spot-the-difference play=Y cls=rendered err=0 req=0
[440/551] spiral-galaxies play=Y cls=rendered err=0 req=0
[441/551] stacklands play=Y cls=dom-only err=0 req=0
[442/551] stained-glass play=Y cls=dom-only err=0 req=0
[443/551] stacker play=Y cls=dom-only err=0 req=0
[444/551] star-battle play=Y cls=dom-only err=0 req=0
[445/551] stick-hero play=Y cls=rendered err=0 req=0
[446/551] sticker-book-puzzle play=Y cls=rendered err=0 req=0
[447/551] stickman-battle play=Y cls=dom-only err=0 req=0
[448/551] star-loom play=n cls=rendered err=0 req=0
[449/551] stickman-escape play=Y cls=rendered err=0 req=0
[450/551] stickman-swing play=Y cls=rendered err=0 req=0
[451/551] still-pond play=Y cls=dom-only err=0 req=0
[452/551] stostone play=Y cls=dom-only err=0 req=0
[453/551] str8ts play=Y cls=dom-only err=0 req=0
[454/551] strands play=Y cls=dom-only err=0 req=0
[455/551] string-art play=Y cls=dom-only err=0 req=0
[456/551] sudoku play=Y cls=dom-only err=0 req=0
[457/551] sugar-sugar play=Y cls=rendered err=0 req=0
[458/551] sukima play=Y cls=rendered err=1 req=0 *
[459/551] sukoro play=Y cls=rendered err=0 req=0
[460/551] sum-swipe play=Y cls=rendered err=0 req=0
[461/551] suguru play=n cls=dom-only err=0 req=0
[462/551] suraromu play=Y cls=dom-only err=0 req=0
[463/551] sushi-stack play=Y cls=rendered err=0 req=0
[464/551] t-rex play=Y cls=rendered err=0 req=0
[465/551] tangle-master play=Y cls=dom-only err=0 req=0
[466/551] tangled-yarn play=Y cls=dom-only err=0 req=0
[467/551] tangram play=Y cls=rendered err=0 req=0
[468/551] tangram-puzzle play=Y cls=rendered err=0 req=0
[469/551] tapa play=Y cls=dom-only err=0 req=0
[470/551] tap-away play=n cls=dom-only err=0 req=0
[471/551] teleport-jumper play=Y cls=dom-only err=0 req=0
[472/551] tateboo-yokoboo play=n cls=dom-only err=0 req=0
[473/551] tatamibari play=n cls=rendered err=0 req=0
[474/551] tentai-show play=Y cls=dom-only err=0 req=0
[475/551] tents play=Y cls=rendered err=0 req=0
[476/551] tens-game play=n cls=rendered err=0 req=0
[477/551] tents-and-trees play=Y cls=dom-only err=0 req=0
[478/551] terms play=Y cls=rendered err=0 req=0
[479/551] tetra-fit play=n cls=dom-ok err=0 req=0
[480/551] tetravex play=Y cls=dom-only err=0 req=0
[481/551] text-twist play=Y cls=dom-ok err=0 req=0
[482/551] there-is-no-game play=Y cls=rendered err=0 req=0
[483/551] thermo-sudoku play=Y cls=rendered err=0 req=0
[484/551] thief-puzzle play=Y cls=rendered err=0 req=0
[485/551] tetris play=n cls=dom-only err=0 req=0
[486/551] tic-tac-toe play=Y cls=dom-only err=0 req=0
[487/551] tidy-organize play=Y cls=dom-only err=0 req=0
[488/551] threes play=n cls=rendered err=0 req=0
[489/551] tidy-up-3d play=Y cls=dom-only err=0 req=0
[490/551] tile-dynasty play=Y cls=dom-ok err=0 req=0
[491/551] tile-master play=Y cls=dom-ok err=0 req=0
[492/551] tilepaint play=Y cls=dom-only err=0 req=0
[493/551] toichika play=Y cls=rendered err=0 req=0
[494/551] tiny-fishing play=n cls=rendered err=0 req=0
[495/551] time-rewind play=n cls=dom-only err=0 req=0
[496/551] tomb-of-the-mask play=Y cls=rendered err=0 req=0
[497/551] tower-defense play=Y cls=dom-only err=0 req=0
[498/551] tower-stacker-3d play=Y cls=rendered err=0 req=0
[499/551] traffic-escape play=Y cls=dom-only err=0 req=0
[500/551] tower-of-hanoi play=Y cls=dom-only err=0 req=0
[501/551] trebuchet-trajectory play=n cls=rendered err=0 req=0
[502/551] treasure-dig play=Y cls=dom-only err=0 req=0
[503/551] train-tracks play=n cls=dom-only err=0 req=0
[504/551] triplace play=n cls=rendered err=0 req=0
[505/551] tripeaks play=n cls=rendered err=0 req=0
[506/551] tripeaks-solitaire play=n cls=rendered err=0 req=0
[507/551] triple-match-3d play=Y cls=rendered err=0 req=0
[508/551] triple-tile play=Y cls=dom-ok err=0 req=0
[509/551] triple-town play=Y cls=rendered err=0 req=0
[510/551] two-dots play=Y cls=rendered err=0 req=0
[511/551] trivia-crack play=n cls=rendered err=0 req=0
[512/551] twiddle play=Y cls=rendered err=0 req=0
[513/551] type-racer play=Y cls=dom-only err=0 req=0
[514/551] twodoku play=Y cls=dom-only err=0 req=0
[515/551] typing-speed play=n cls=dom-only err=0 req=0
[516/551] unpacking play=Y cls=rendered err=0 req=0
[517/551] unpuzzle play=Y cls=dom-only err=0 req=0
[518/551] unblock-me play=Y cls=rendered err=0 req=0
[519/551] usotatami play=Y cls=rendered err=0 req=0
[520/551] valve-network play=Y cls=dom-only err=0 req=0
[521/551] vortex-valve play=Y cls=dom-only err=0 req=0
[522/551] veggie-merge play=n cls=rendered err=0 req=0
[523/551] virus-buster play=n cls=dom-only err=0 req=0
[524/551] waffle play=Y cls=dom-only err=0 req=0
[525/551] wagiri play=Y cls=rendered err=0 req=0
[526/551] wanrumuwandoa play=Y cls=dom-only err=0 req=0
[527/551] who-is play=Y cls=rendered err=0 req=0
[528/551] watermelon-merge play=n cls=rendered err=0 req=0
[529/551] whack-a-mole play=n cls=dom-ok err=0 req=0
[530/551] windmill-sudoku play=Y cls=dom-only err=0 req=0
[531/551] wood-block-puzzle play=n cls=dom-only err=0 req=0
[532/551] wood-turning play=Y cls=rendered err=0 req=0
[533/551] word-card-sort play=Y cls=dom-ok err=0 req=0
[534/551] wool-sort play=n cls=rendered err=0 req=0
[535/551] woodoku play=n cls=dom-only err=0 req=0
[536/551] word-cookies play=Y cls=dom-only err=0 req=0
[537/551] word-connections play=n cls=dom-ok err=0 req=0
[538/551] word-ladder play=Y cls=dom-ok err=0 req=0
[539/551] word-puzzle play=Y cls=dom-only err=0 req=0
[540/551] word-scramble play=Y cls=dom-only err=0 req=0
[541/551] word-search play=Y cls=rendered err=0 req=0
[542/551] wordle play=Y cls=dom-only err=0 req=0
[543/551] words-klondike play=Y cls=dom-ok err=0 req=0
[544/551] wordscapes play=Y cls=dom-only err=0 req=0
[545/551] yahtzee play=Y cls=dom-only err=0 req=0
[546/551] x-sudoku play=n cls=dom-only err=0 req=0
[547/551] zen-garden play=Y cls=dom-ok err=0 req=0
[548/551] zh play=n cls=dom-ok err=0 req=0
[549/551] yajilin play=n cls=dom-only err=0 req=0
[550/551] zuma play=Y cls=dom-only err=0 req=0
[551/551] zip-tie play=Y cls=rendered err=0 req=0
{"total":551,"flagged":10,"flaggedSlugs":["block-blast","bowling-master","codewords","compound-word","fruit-slash","go-fish","sand-balls","spades","spelling-bee","sukima"]}
