ok   data:30+daily-clue-consistent  [0 bad clues]
ok   data:no-zero-solution-cells  [0 whites unfilled]
ok   data:sizes-by-tier  [daily size 8]
ok   data:full-black-border  [0 border cells wrong]
ok   boot:clean
ok   tut:auto-open-first-visit
ok   tut:close+persist
ok   menu:opens
ok   grid:tier0-6-levels+back
ok   grid:locked-no-op
ok   L1:starts
ok   hud:timer-ticks  [00:01]
ok   t0L1:solve+win+3stars
ok   t0L2:solve+win+3stars
ok   t0L3:solve+win+3stars
ok   t0L4:solve+win+3stars
ok   t0L5:solve+win+3stars
ok   t0L6:solve+win+3stars
ok   t0L6:next-bounded-menu
ok   t1L1:entry
ok   t1L1:solve+win+3stars
ok   t1L2:solve+win+3stars
ok   t1L3:solve+win+3stars
ok   t1L4:solve+win+3stars
ok   t1L5:solve+win+3stars
ok   t1L6:solve+win+3stars
ok   t1L6:next-bounded-menu
ok   t2L1:entry
ok   t2L1:solve+win+3stars
ok   t2L2:solve+win+3stars
ok   t2L3:solve+win+3stars
ok   t2L4:solve+win+3stars
ok   t2L5:solve+win+3stars
ok   t2L6:solve+win+3stars
ok   t2L6:next-bounded-menu
ok   t3L1:entry
ok   t3L1:solve+win+3stars
ok   t3L2:solve+win+3stars
ok   t3L3:solve+win+3stars
ok   t3L4:solve+win+3stars
ok   t3L5:solve+win+3stars
ok   t3L6:solve+win+3stars
ok   t3L6:next-bounded-menu
ok   t4L1:entry
ok   t4L1:solve+win+3stars
ok   t4L2:solve+win+3stars
ok   t4L3:solve+win+3stars
ok   t4L4:solve+win+3stars
ok   t4L5:solve+win+3stars
ok   t4L6:solve+win+3stars
ok   t4L6:next-bounded-menu
ok   save:30-completed-3stars  [30 done]
ok   grid:tier0-all-done
ok   replay:incomplete-no-win
ok   replay:notes-toggle+no-place
ok   replay:notes-off
ok   replay:wrong-full-no-win  [constraint checkWin rejects]
ok   replay:undo-empties
ok   replay:win-after-undo-fix
ok   replay:best-stars-stay-3
ok   replay:menu-escape
ok   replay2:wrong-no-win
ok   replay2:erase+keyboard-win
ok   replay3:hint-counter+2star-win  [counter=2 left earned=2]
ok   replay3:best-stars-stay-3
ok   flow:visibilitychange-pauses-timer  [00:02 -> 00:04]
ok   flow:post-pause-solvable
ok   daily:label
ok   daily:solvable+saved  [28 placed]
ok   daily:always-1-star-quirk  [TIER_PAR[-1] undefined -> 1 star (documented P3)]
ok   daily:next-goes-menu
ok   tut:manual-reopen
ok   settings:overlay
ok   settings:toggles-persist
ok   cleanup:beforeunload-saves
ok   runtime:no-errors
{"pass":76,"fail":0,"total":76,"verdict":"PASS","fails":[],"extra":{"levels":30,"engineBugsFixed":["P0 generator maxSum: 9*len overcounted the max run sum (genCombos emits distinct increasing digits, len-7 caps at 42 not 63) -> empty combo list -> all 20 seeded iterations failed on 4 levels -> broken fallback puzzle with 2..11 solution values (unwinnable). Fixed to (10-len)..9.","P0 isolated whites: white cells whose horizontal segment is length 1 belong to no hRun, so fillGridBacktrack never assigned them -> solution 0, unplaceable by the player -> 22 of 30 levels permanently unwinnable. repairPattern blacks them out (one pass = fixpoint).","P1 checkWin exact-match: generator does not prove uniqueness, so a valid alternate kakuro completion was rejected as a loss. Now validates the real win condition (all whites 1-9, every run sums to its clue, distinct digits per run).","P2 btn-next phantom levels: tiers 0-3 advanced past level 6 unconditionally, creating save keys the grid never shows. Bounded like tier 4.","P3 (documented): generateFallbackPuzzle 1+(i+j)%9+1 produced 2..10 — fixed to 1..9 even though the path is now unreachable; daily win reads TIER_PAR[-1]=undefined so the daily always awards exactly 1 star."],"tiers":{"BEGINNER":6,"EASY":6,"MEDIUM":6,"HARD":6,"EXPERT":6},"dataIntegrity":{"clueErr":0,"zeroErr":0,"sizeErr":0,"borderErr":0},"daily":{"key":"-1_0","stars":1,"size":8},"notes":[],"runtimeErrors":[]}}
