ok boot:no-runtime-errors
ok boot:title-screen
ok data:level-count | n=33
ok data:all-levels-valid-layout
ok data:sol-L1-replays-legal | 116 moves
ok data:sol-L2-replays-legal | 117 moves
ok data:sol-L3-replays-legal | 112 moves
ok data:sol-L4-replays-legal | 99 moves
ok data:sol-L5-replays-legal | 78 moves
ok data:sol-L6-replays-legal | 67 moves
ok data:sol-L7-replays-legal | 117 moves
ok data:sol-L8-replays-legal | 34 moves
ok data:sol-L9-replays-legal | 118 moves
ok data:sol-L10-replays-legal | 68 moves
ok data:sol-L11-replays-legal | 111 moves
ok data:sol-L12-replays-legal | 33 moves
ok data:sol-L13-replays-legal | 117 moves
ok data:sol-L14-replays-legal | 79 moves
ok data:sol-L15-replays-legal | 117 moves
ok data:sol-L16-replays-legal | 82 moves
ok data:sol-L17-replays-legal | 99 moves
ok data:sol-L18-replays-legal | 79 moves
ok data:sol-L19-replays-legal | 116 moves
ok data:sol-L20-replays-legal | 76 moves
ok data:sol-L21-replays-legal | 116 moves
ok data:sol-L22-replays-legal | 116 moves
ok data:sol-L23-replays-legal | 83 moves
ok data:sol-L24-replays-legal | 116 moves
ok data:sol-L25-replays-legal | 99 moves
ok data:sol-L26-replays-legal | 117 moves
ok data:sol-L27-replays-legal | 67 moves
ok data:sol-L28-replays-legal | 51 moves
ok data:sol-L29-replays-legal | 65 moves
ok data:sol-L30-replays-legal | 117 moves
ok data:sol-L31-replays-legal | 63 moves
ok data:sol-L32-replays-legal | 111 moves
ok data:sol-L33-replays-legal | 75 moves
ok nav:level-select
ok grid:33-buttons | n=33
ok grid:L1-unlocked
ok grid:L2-locked
ok grid:L33-locked
ok grid:none-completed
ok nav:game-screen
ok hud:level-1-name | Level 1: 横刀立马
ok hud:moves-0 | 0
ok timer:ticks | 0:03
ok input:half-solution-moves | 58
ok input:no-desync-half
ok no-win-at-half
ok undo:counter | 56
ok undo:board-rolls-back
ok win:L1-modal | "flex"
ok win:L1-moves | 116
ok win:L1-3stars | ★★★ (par 116, optimal 116)
ok save:L1-unlocked-2 | {"unlocked":2,"stars":[3,0,0,0,0,0,0,0,0,0,0,0,0,0,0,0,0,0,0,0,0,0,0,0,0,0,0,0,0,0,0,0,0],"soundOn":true,"musicOn":false}
ok save:L1-stars-3 | [3,0,0,0,0,0,0,0,0,0,0,0,0,0,0,0,0,0,0,0,0,0,0,0,0,0,0,0,0,0,0,0,0]
ok win:timer-frozen | 0:03 -> 0:03
ok replay:reset-moves-0
ok hint:makes-legal-move | s3
ok hint:counter+1 | 1
ok hint:decremented | 3->2
ok hint:exhausted-no-move | 3 -> 3
ok reset:moves-0
ok reset:board-start
ok reset:undo-stack-cleared
ok chain:L1 | 116 moves, saved
ok chain:L2 | 117 moves, saved
ok chain:L3 | 112 moves, saved
ok chain:L4 | 99 moves, saved
ok chain:L5 | 78 moves, saved
ok chain:L6 | 67 moves, saved
ok chain:L7 | 117 moves, saved
ok chain:L8 | 34 moves, saved
ok chain:L9 | 118 moves, saved
ok chain:L10 | 68 moves, saved
ok chain:L11 | 111 moves, saved
ok chain:L12 | 33 moves, saved
ok chain:L13 | 117 moves, saved
ok chain:L14 | 79 moves, saved
ok chain:L15 | 117 moves, saved
ok chain:L16 | 82 moves, saved
ok chain:L17 | 99 moves, saved
ok chain:L18 | 79 moves, saved
ok chain:L19 | 116 moves, saved
ok chain:L20 | 76 moves, saved
ok chain:L21 | 116 moves, saved
ok chain:L22 | 116 moves, saved
ok chain:L23 | 83 moves, saved
ok chain:L24 | 116 moves, saved
ok chain:L25 | 99 moves, saved
ok chain:L26 | 117 moves, saved
ok chain:L27 | 67 moves, saved
ok chain:L28 | 51 moves, saved
ok chain:L29 | 65 moves, saved
ok chain:L30 | 117 moves, saved
ok chain:L31 | 63 moves, saved
ok chain:L32 | 111 moves, saved
ok chain:L33 | 75 moves, saved
ok chain:L1-L33-real-input
ok chain:all-33-completed
ok chain:all-33-unlocked
ok chain:save-unlocked-33
ok chain:no-errors
ok boot2:no-errors
ok boot2:progress-loaded
ok boot2:grid-all-completed
ok boot2:L33-loads | Level 33: 瞒天过海
ok boot2:L1-replay-win
ok boot2:stars-kept-3 | [3,3,3,3,3,3,3,3,3,3,3,3,3,3,3,3,3,3,3,3,3,3,3,3,3,3,3,3,3,3,3,3,3]
ok settings:overlay
ok settings:sound-on
ok settings:music-off
ok settings:sound-toggled-off
ok settings:music-toggled-on
ok settings:save-reflects-toggles | {"unlocked":33,"stars":[3,3,3,3,3,3,3,3,3,3,3,3,3,3,3,3,3,3,3,3,3,3,3,3,3,3,3,3,3,3,3,3,3],"soundOn":false,"musicOn":true}
ok settings:reset-progress | {"unlocked":1,"stars":[0,0,0,0,0,0,0,0,0,0,0,0,0,0,0,0,0,0,0,0,0,0,0,0,0,0,0,0,0,0,0,0,0],"soundOn":false,"musicOn":true}
ok settings:grid-relocked
ok boot2:beforeunload-no-crash
ok final:no-runtime-errors
{"pass":120,"fail":0,"total":120,"verdict":"PASS","fails":[],"extra":{"levels":33,"engineBugsFixed":["P0 win condition cc@(1,1)=board CENTER -> (3,1) bottom-center exit per FINAL_REPORT.md + page copy/FAQ (14/33 levels started pre-won, rest solvable in <=2 moves)","P0 level data: 29/33 levels had OVERLAPPING blocks; L11/L13/L22/L27(+L21) filled 19-20/20 cells (<=1 empty: 2x2 can never move) -> all repaired, BFS-verified solvable to (3,1), names/tiers kept","P2 [0]*30 (=== 0 in JS, no array-repeat) -> state.stars never persisted; now Array(LEVELS.length).fill(0)","P2 hint bfs step cap 100 < par 200 -> hint silently dead on most levels; raised to 400","P2 unlock/next hardcoded 30 vs 33 levels -> L31-33 permanently locked; now LEVELS.length","P2 par values (multi-square-slide counts) below single-slide optimum -> 3 stars unattainable; pars raised to BFS optimum where needed"]}}
