ok levels-sane-30
ok levels-bg-list
ok boot-a-no-errors
ok menu-stats-init
ok howto-open
ok howto-close
ok settings-open
ok settings-toggles-ok
ok settings-close
ok lsel-cells-30
ok lsel-l1-unlocked
ok lsel-l2-locked
ok lsel-locked-click-noop
ok controls-wired-4
ok start-l1
ok start-l1-hud
ok l1-placed-all
ok l1-win-modal
ok l1-win-title
ok l1-win-3stars
ok l1-win-time
ok l1-ls-saved
ok l2-name
ok l2-2stars
ok l3-1star
ok l4-name
ok l4-hint
ok l4-undo-empty
ok l4-wrong-drop
ok l4-win-2stars-hint
ok l5-name
ok l5-race-undo-nowin
ok l5-win-after-race
ok l6-rotate-noselect
ok l6-win
ok l7-name
ok l7-back-modal
ok l7-back-stay
ok l7-menu
ok l7-menu-stats
ok lsel-l7-click
ok l7-win
ok l8-name
ok l8-rot-fail
ok l8-rot-snap
ok l8-win
ok sweep-l9-l30
ok l30-title
ok vis-pause-ingame
ok vis-resume-ingame
ok vis-no-errors
ok l30-next-menu
ok vis-continue-restarts
ok final-ls-complete
ok final-ls-stars
ok runtime-errors-a
ok boot-b-no-errors
ok resume-stats
ok resume-l30
ok resume-lsel-all-unlocked
ok resume-lsel-stars
ok runtime-errors-b

{"pass":62,"fail":0,"total":62,"verdict":"PASS","fails":[],"extra":{"levels":30,"engineFixes":["P1 visibilitychange gameState-undefined freeze","P2 win-race undo in 400ms window","P3 nextLevel-after-L30 replayed-L29","P3 stars-val HUD never updated"]}}
