ok   boot-clean
ok   render-loop-alive-p0
ok   choices-ui
ok   choice-select
ok   choice-reselect
ok   tutorial-autoshow
ok   tutorial-close
ok   place-first-tile
ok   place-first-settles
ok   wait-complement
ok   complement-staged
ok   pair-clears-and-scores
ok   undo-disabled-after-clear-p2
ok   corrupt-setup-ok
ok   gravity-invariant
ok   undo-no-corruption-p2
ok   double-pair-bonus-score
ok   undo-place
ok   undo-btn-enabled
ok   undo-restores-cell
ok   hint-cell-valid
ok   score-display-sync
ok   gameover-reached
ok   gameover-modal
ok   best-saved
ok   play-again-resets
ok   sfx-off
ok   music-off
ok   toggles-restore
ok   tutorial-reopen
ok   tutorial-reclose
ok   seeded-boot
ok   seeded-no-tutorial
ok   seeded-playable
{"pass":34,"fail":0,"total":34,"verdict":"PASS","fails":[],"extra":{"boots":2,"realTaps":true}}
