exit=0
--- stdout tail ---
✅ L1 (Beginner) 5x5 3 segs — in-engine VALID
✅ L2 (Beginner) 5x5 3 segs — in-engine VALID
✅ L3 (Beginner) 5x5 3 segs — in-engine VALID
✅ L4 (Beginner) 5x5 3 segs — in-engine VALID
✅ L5 (Beginner) 5x5 3 segs — in-engine VALID
✅ L6 (Beginner) 5x5 3 segs — in-engine VALID
✅ L7 (Easy) 6x6 4 segs — in-engine VALID
✅ L8 (Easy) 6x6 4 segs — in-engine VALID
✅ L9 (Easy) 6x6 4 segs — in-engine VALID
✅ L10 (Easy) 6x6 4 segs — in-engine VALID
✅ L11 (Easy) 6x6 4 segs — in-engine VALID
✅ L12 (Easy) 6x6 4 segs — in-engine VALID
✅ L13 (Medium) 7x7 5 segs — in-engine VALID
✅ L14 (Medium) 7x7 5 segs — in-engine VALID
✅ L15 (Medium) 7x7 5 segs — in-engine VALID
✅ L16 (Medium) 7x7 5 segs — in-engine VALID
✅ L17 (Medium) 7x7 5 segs — in-engine VALID
✅ L18 (Medium) 7x7 5 segs — in-engine VALID
✅ L19 (Hard) 8x7 6 segs — in-engine VALID
✅ L20 (Hard) 8x7 6 segs — in-engine VALID
✅ L21 (Hard) 8x7 6 segs — in-engine VALID
✅ L22 (Hard) 8x7 6 segs — in-engine VALID
✅ L23 (Hard) 8x7 6 segs — in-engine VALID
✅ L24 (Hard) 8x7 6 segs — in-engine VALID
✅ L25 (Expert) 8x8 7 segs — in-engine VALID
✅ L26 (Expert) 8x8 7 segs — in-engine VALID
✅ L27 (Expert) 8x8 7 segs — in-engine VALID
✅ L28 (Expert) 8x8 7 segs — in-engine VALID
✅ L29 (Expert) 8x8 7 segs — in-engine VALID
✅ L30 (Expert) 8x8 7 segs — in-engine VALID

=== In-Engine Node.js Verifier Results ===
PASS: 30/30
FAIL: 0/30

--- stderr tail ---

