ok   data:65-levels-present
ok   data:cages-partition
ok   data:cages-connected
ok   data:cage-ops-valid
ok   data:cage-targets-correct
ok   data:solutions-latin
ok   data:all-puzzles-unique
ok   win:4x4-all-30
ok   win:5x5-all-20
ok   win:6x6-all-10
ok   win:7x7-all-5
ok   win:modal-content
ok   save:all-completed-keys  [65 keys]
ok   save:streak-counts  [streak=65]
ok   win:daily  [n=5 level=1]
ok   save:daily-key
ok   nav:replay-restarts
ok   fix:latin-gate-bounces+winpath
ok   flow:undo-redo-ctrl
ok   flow:undo-button+erase-clear
ok   flow:pencil-notes-inert
ok   flow:hint-counted+penalty  [Score: 150]
ok   nav:menu-screen
ok   nav:level-select-marks-done
ok   ui:stats-modal
ok   ui:settings-toggle-persists
ok   ui:tutorial-walkthrough
ok   flow:visibility-pause+resume  [00:02->00:02->00:04]
ok   save:beforeunload  [keys=65 wins=72]
ok   resume:progress-reloads  [Progress: 65 puzzles completed | Streak: 72 | 30]
ok   resume:no-load-errors-2
ok   cleanup:no-crash
ok   runtime:no-load-errors
ok   runtime:no-async-errors
{"pass":34,"fail":0,"total":34,"verdict":"PASS","fails":[],"extra":{"levels":65,"engineBugsFixed":["P0 placeNumber blocked EVERY numpad/keypad placement: the guard `state.solution[r][c]!==0` is always true (solution is a complete Latin square), so playError() fired on every entry and the game was 100% unwinnable. Entries now gate on the Latin constraint (row/col duplicate) with a live mistakes counter; checkWin still validates cages + full board + Latin.","P2 visibilitychange: stopTimer() left timerRunning=true, so the resume guard never fired after a tab-away — the interval was cleared but the flag said running and the clock stayed dead. stopTimer now clears the flag, and resume re-arms the interval in place (old code called startTimer(), which reset the elapsed time to 00:00).","P1 interval leak: startTimer overwrote timerInterval without stopping a live one — every game abandoned mid-run leaked a 1s interval that kept incrementing state.timer (N abandonments = N-times-fast clock + N zombie callbacks). startTimer stops first.","P1 tutorial: renderTutorialCanvas only illustrated steps 0-2 of 4 — step 4 threw on undefined ex.text and left the tutorial overlay stuck with Start Game unreachable. Added the step-4 illustration.","P2 stale win modal: the modal kept its show class across Win -> Menu -> new level and reappeared covering the fresh game (its Next/Replay then acted on the new game). startGame now hides it."],"notes":[],"dataIntegrity":{"partitionErr":0,"connectErr":0,"opErr":0,"targetErr":0,"latinErr":0,"nonUnique":[]},"perSize":{"4x4":30,"5x5":20,"6x6":10,"7x7":5},"timerTrace":["00:02","00:02","00:04"],"runtimeErrors":[]}}
