exit=0
--- stdout tail ---
Extracted 30 levels from index.html
  Level 1 (Beginner 5x5 1★): checkWin=TRUE ✓ stars=5/5 ✓
  Level 2 (Beginner 5x5 1★): checkWin=TRUE ✓ stars=5/5 ✓
  Level 3 (Beginner 5x5 1★): checkWin=TRUE ✓ stars=5/5 ✓
  Level 4 (Beginner 5x5 1★): checkWin=TRUE ✓ stars=5/5 ✓
  Level 5 (Beginner 5x5 1★): checkWin=TRUE ✓ stars=5/5 ✓
  Level 6 (Beginner 5x5 1★): checkWin=TRUE ✓ stars=5/5 ✓
  Level 7 (Easy 6x6 1★): checkWin=TRUE ✓ stars=6/6 ✓
  Level 8 (Easy 6x6 1★): checkWin=TRUE ✓ stars=6/6 ✓
  Level 9 (Easy 6x6 1★): checkWin=TRUE ✓ stars=6/6 ✓
  Level 10 (Easy 6x6 1★): checkWin=TRUE ✓ stars=6/6 ✓
  Level 11 (Easy 6x6 1★): checkWin=TRUE ✓ stars=6/6 ✓
  Level 12 (Easy 6x6 1★): checkWin=TRUE ✓ stars=6/6 ✓
  Level 13 (Medium 7x7 1★): checkWin=TRUE ✓ stars=7/7 ✓
  Level 14 (Medium 7x7 1★): checkWin=TRUE ✓ stars=7/7 ✓
  Level 15 (Medium 7x7 1★): checkWin=TRUE ✓ stars=7/7 ✓
  Level 16 (Medium 7x7 1★): checkWin=TRUE ✓ stars=7/7 ✓
  Level 17 (Medium 7x7 1★): checkWin=TRUE ✓ stars=7/7 ✓
  Level 18 (Medium 7x7 1★): checkWin=TRUE ✓ stars=7/7 ✓
  Level 19 (Hard 9x9 2★): checkWin=TRUE ✓ stars=18/18 ✓
  Level 20 (Hard 9x9 2★): checkWin=TRUE ✓ stars=18/18 ✓
  Level 21 (Hard 9x9 2★): checkWin=TRUE ✓ stars=18/18 ✓
  Level 22 (Hard 9x9 2★): checkWin=TRUE ✓ stars=18/18 ✓
  Level 23 (Hard 9x9 2★): checkWin=TRUE ✓ stars=18/18 ✓
  Level 24 (Hard 9x9 2★): checkWin=TRUE ✓ stars=18/18 ✓
  Level 25 (Expert 9x9 2★): checkWin=TRUE ✓ stars=18/18 ✓
  Level 26 (Expert 9x9 2★): checkWin=TRUE ✓ stars=18/18 ✓
  Level 27 (Expert 9x9 2★): checkWin=TRUE ✓ stars=18/18 ✓
  Level 28 (Expert 9x9 2★): checkWin=TRUE ✓ stars=18/18 ✓
  Level 29 (Expert 9x9 2★): checkWin=TRUE ✓ stars=18/18 ✓
  Level 30 (Expert 9x9 2★): checkWin=TRUE ✓ stars=18/18 ✓

=== In-Engine Verification: 30/30 PASS, 0 FAIL ===

--- stderr tail ---

