exit=0
--- stdout tail ---
Loaded 30 levels from engine

Lundefined undefined N=undefined P=undefined chains=0 par=undefined sols=1 UNIQUE+VALID ⭐
Lundefined undefined N=undefined P=undefined chains=0 par=undefined sols=1 UNIQUE+VALID ⭐
Lundefined undefined N=undefined P=undefined chains=0 par=undefined sols=1 UNIQUE+VALID ⭐
Lundefined undefined N=undefined P=undefined chains=0 par=undefined sols=1 UNIQUE+VALID ⭐
Lundefined undefined N=undefined P=undefined chains=0 par=undefined sols=1 UNIQUE+VALID ⭐
Lundefined undefined N=undefined P=undefined chains=0 par=undefined sols=1 UNIQUE+VALID ⭐
Lundefined undefined N=undefined P=undefined chains=0 par=undefined sols=1 UNIQUE+VALID ⭐
Lundefined undefined N=undefined P=undefined chains=0 par=undefined sols=1 UNIQUE+VALID ⭐
Lundefined undefined N=undefined P=undefined chains=0 par=undefined sols=1 UNIQUE+VALID ⭐
Lundefined undefined N=undefined P=undefined chains=0 par=undefined sols=1 UNIQUE+VALID ⭐
Lundefined undefined N=undefined P=undefined chains=0 par=undefined sols=1 UNIQUE+VALID ⭐
Lundefined undefined N=undefined P=undefined chains=0 par=undefined sols=1 UNIQUE+VALID ⭐
Lundefined undefined N=undefined P=undefined chains=0 par=undefined sols=1 UNIQUE+VALID ⭐
Lundefined undefined N=undefined P=undefined chains=0 par=undefined sols=1 UNIQUE+VALID ⭐
Lundefined undefined N=undefined P=undefined chains=0 par=undefined sols=1 UNIQUE+VALID ⭐
Lundefined undefined N=undefined P=undefined chains=0 par=undefined sols=1 UNIQUE+VALID ⭐
Lundefined undefined N=undefined P=undefined chains=0 par=undefined sols=1 UNIQUE+VALID ⭐
Lundefined undefined N=undefined P=undefined chains=0 par=undefined sols=1 UNIQUE+VALID ⭐
Lundefined undefined N=undefined P=undefined chains=0 par=undefined sols=1 UNIQUE+VALID ⭐
Lundefined undefined N=undefined P=undefined chains=0 par=undefined sols=1 UNIQUE+VALID ⭐
Lundefined undefined N=undefined P=undefined chains=0 par=undefined sols=1 UNIQUE+VALID ⭐
Lundefined undefined N=undefined P=undefined chains=0 par=undefined sols=1 UNIQUE+VALID ⭐
Lundefined undefined N=undefined P=undefined chains=0 par=undefined sols=1 UNIQUE+VALID ⭐
Lundefined undefined N=undefined P=undefined chains=0 par=undefined sols=1 UNIQUE+VALID ⭐
Lundefined undefined N=undefined P=undefined chains=0 par=undefined sols=1 UNIQUE+VALID ⭐
Lundefined undefined N=undefined P=undefined chains=0 par=undefined sols=1 UNIQUE+VALID ⭐
Lundefined undefined N=undefined P=undefined chains=0 par=undefined sols=1 UNIQUE+VALID ⭐
Lundefined undefined N=undefined P=undefined chains=0 par=undefined sols=1 UNIQUE+VALID ⭐
Lundefined undefined N=undefined P=undefined chains=0 par=undefined sols=1 UNIQUE+VALID ⭐
Lundefined undefined N=undefined P=undefined chains=0 par=undefined sols=1 UNIQUE+VALID ⭐

30/30 UNIQUE+VALID via in-engine Node BFS ✅

--- stderr tail ---

