ok   offline-51-boards-valid
ok   offline-deterministic
ok   a-boot-clean
ok   a-menu-labels
ok   a-chapter-cards
ok   a-locked-card-inert
ok   a-level-list
ok   a-start-l1
ok   a-tutorial-shows
ok   a-tutorial-step2
ok   a-tutorial-done-persisted
ok   a-geometry
ok   a-bad-taps-rejected
ok   a-solve-l1-by-taps
ok   a-timer-format
ok   a-l1-won
ok   a-l1-win-modal
ok   a-next-goes-l2
ok   a-hint-highlights-sol-cell
ok   a-undo-restores
ok   a-pause-freezes-input
ok   a-resume-keeps-elapsed
ok   a-clear-resets-to-givens
ok   a-l2-won-3star
ok   a-l2-menu-return
ok   a-daily-start
ok   a-daily-won
ok   a-daily-no-next-btn
ok   a-stats-modal
ok   a-stats-close
ok   a-sound-toggle
ok   a-game-back-to-levels
ok   a-level-back-to-chapters
ok   a-chapter-back-to-menu
ok   a-save-shape
ok   b-boot-clean
ok   b-chapter-unlocks
ok   b-easy-level-locks
ok   b-l11-start
ok   b-l11-won
ok   b-l11-next-unlocks-l12
ok   b-l12-now-unlocked
ok   c-boot-clean-daily-badge
ok   c-all-chapters-unlocked
ok   c-expert-levels
ok   c-l50-start
ok   c-l50-won
ok   c-retry-fresh-board
ok   c-last-level-next-wraps
{"pass":49,"fail":0,"total":49,"verdict":"PASS","fails":[],"extra":{"boots":3,"boardsOffline":51,"tapsReal":true}}
