ok levels-30
ok economy-all-30-solvable
ok boot-no-errors
ok menu-shown
ok tutorial-open
ok tutorial-back-menu
ok settings-open
ok sound-off
ok sound-on
ok music-still-on
ok levels-screen
ok grid-30-locked
ok l1-start
ok l1-objects
ok l1-timer
ok l1-won
ok l1-3stars
ok l1-breakdown
ok l1-score-sane
ok l1-saved
ok l2-start
ok l2-hint
ok l2-timer-runs
ok l2-tray-merge
ok l2-tray-count
ok l2-distractor-collects
ok l2-exit
ok l2-unlocked-after-win
ok total-stars-3
ok runtime-errors-a
ok boot-b-no-errors
ok boot-b-sound-off-persisted
ok boot-b-total-stars
ok boot-b-l2
ok boot-b-bgm-running
ok timeout-fail-screen
ok timeout-no-save
ok replay-restarts
ok reset-wipes
ok runtime-errors-b

{"pass":40,"fail":0,"total":40,"verdict":"PASS","fails":[],"extra":{"levels":30,"economySimulated":30,"realWins":["L1 (3 stars, full tap play)"],"engineFixes":["P2 timer expiry called levelComplete() unconditionally -> idling the clock completed the level, saved 1 star and unlocked the next one; now TIME'S UP! fail screen, nothing saved","P3 bgmOsc was never assigned so playChord() bailed on the first chord — BGM never played; startBGM now tracks running state","P3 win setTimeout vs timer-expiry race could double-fire levelComplete and re-save progress; guarded by gameActive"]}}
