exit=1
--- stdout tail ---
Total: 30, Production-solver solved: 0, Standard-orthogonal solved: 0
FAIL: 30/30 levels unsolvable under BOTH rules
   {"diff":"easy","idx":1,"prodSolved":false,"orthoSolved":false,"givens":11,"regions":9}
   {"diff":"easy","idx":2,"prodSolved":false,"orthoSolved":false,"givens":11,"regions":8}
   {"diff":"easy","idx":3,"prodSolved":false,"orthoSolved":false,"givens":10,"regions":8}
   {"diff":"easy","idx":4,"prodSolved":false,"orthoSolved":false,"givens":12,"regions":9}
   {"diff":"easy","idx":5,"prodSolved":false,"orthoSolved":false,"givens":11,"regions":8}
   {"diff":"easy","idx":6,"prodSolved":false,"orthoSolved":false,"givens":11,"regions":9}
   {"diff":"easy","idx":7,"prodSolved":false,"orthoSolved":false,"givens":10,"regions":9}
   {"diff":"easy","idx":8,"prodSolved":false,"orthoSolved":false,"givens":10,"regions":8}
   {"diff":"easy","idx":9,"prodSolved":false,"orthoSolved":false,"givens":10,"regions":9}
   {"diff":"easy","idx":10,"prodSolved":false,"orthoSolved":false,"givens":11,"regions":9}
  ... and 20 more

DIAGNOSIS: every level appears broken at the data layer.
  - Givens may conflict with regions, OR
  - Regions partition is incorrect, OR
  - Some level is missing required uniqueness constraints.
RECOMMENDATION: regenerate the LEVELS catalog from scratch using a
  working generator (see game-design/ for templates), then re-run this
  verifier. The in-game init validate only console.warn's and silently
  proceeds, so no production check catches this defect.

--- stderr tail ---

