ok   off-solve24-battery
ok   off-genpuzzle-easy-1-9-solvable
ok   off-genpuzzle-hard-1-13-solvable
ok   a-boot-clean
ok   a-firstvisit-tutorial
ok   a-tutorial-start-menu
ok   a-menu-stats-open
ok   a-stats-zeros
ok   a-stats-close-menu
ok   a-settings-sfx-off
ok   a-settings-bgm-off
ok   a-settings-restore
ok   a-menu-classic-open
ok   a-classic-start
ok   a-geometry
ok   a-ops-cells-parens-alive
ok   a-eq-invalid-no-modal
ok   a-clear-works
ok   a-subset-no-cheat
ok   a-full-wrong-no-cheat
ok   a-clear-before-solve
ok   a-timer-ticks-classic
ok   a-solve-classic-win
ok   a-result-modal-content
ok   a-save-after-win
ok   a-next-btn-click
ok   a-next-puzzle
ok   a-hint-writes-display-glyph
ok   a-hint-exhaust-guard
ok   a-clear-after-hints
ok   a-skip-penalty
ok   a-menu-freeze
ok   a-classic-restart-open
ok   a-classic-restart
ok   a-visibility-resume
ok   a-speed-start
ok   a-speed-facecard-deal
ok   a-speed-facecard-solve-win
ok   a-speed-gameover-60s
ok   a-speed-play-again
ok   a-speed-menu-exit
ok   a-daily-start-deal
ok   a-daily-solve-win
ok   a-daily-next-back-to-menu
ok   a-daily-restreak-guard
ok   a-save-shape
ok   a-stats-populated
ok   b-boot-straight-menu
ok   b-muted-loaded
ok   b-classic-play-muted
ok   b-bgm-toggle-on
{"pass":51,"fail":0,"total":51,"verdict":"PASS","fails":[],"extra":{"boots":2,"fixes":6,"tapsReal":true,"skips":0}}
