exit=0
--- stdout tail ---
Loaded 30 levels from index.html
✅ Level 1 (Beginner): VALID — 6 cells, 3 clues
✅ Level 2 (Beginner): VALID — 6 cells, 3 clues
✅ Level 3 (Beginner): VALID — 8 cells, 3 clues
✅ Level 4 (Beginner): VALID — 6 cells, 3 clues
✅ Level 5 (Beginner): VALID — 8 cells, 4 clues
✅ Level 6 (Beginner): VALID — 10 cells, 3 clues
✅ Level 7 (Easy): VALID — 8 cells, 4 clues
✅ Level 8 (Easy): VALID — 10 cells, 4 clues
✅ Level 9 (Easy): VALID — 8 cells, 4 clues
✅ Level 10 (Easy): VALID — 14 cells, 4 clues
✅ Level 11 (Easy): VALID — 8 cells, 4 clues
✅ Level 12 (Easy): VALID — 16 cells, 5 clues
✅ Level 13 (Medium): VALID — 10 cells, 5 clues
✅ Level 14 (Medium): VALID — 18 cells, 6 clues
✅ Level 15 (Medium): VALID — 14 cells, 5 clues
✅ Level 16 (Medium): VALID — 14 cells, 5 clues
✅ Level 17 (Medium): VALID — 14 cells, 6 clues
✅ Level 18 (Medium): VALID — 16 cells, 8 clues
✅ Level 19 (Hard): VALID — 12 cells, 5 clues
✅ Level 20 (Hard): VALID — 16 cells, 5 clues
✅ Level 21 (Hard): VALID — 12 cells, 5 clues
✅ Level 22 (Hard): VALID — 12 cells, 6 clues
✅ Level 23 (Hard): VALID — 20 cells, 6 clues
✅ Level 24 (Hard): VALID — 14 cells, 7 clues
✅ Level 25 (Expert): VALID — 18 cells, 10 clues
✅ Level 26 (Expert): VALID — 22 cells, 8 clues
✅ Level 27 (Expert): VALID — 22 cells, 8 clues
✅ Level 28 (Expert): VALID — 24 cells, 10 clues
✅ Level 29 (Expert): VALID — 14 cells, 10 clues
✅ Level 30 (Expert): VALID — 16 cells, 7 clues
Production checkWin accepted all 30 canonical loops and rejected injected extra edges.

==================================================
In-engine verification: ALL 30 PASS ✅

--- stderr tail ---

