exit=0
--- stdout tail ---
Vortex Valve — In-Engine BFS Verification
==========================================
L01 T1 K=2 N=6 links=0 par=3 bfs=3 states=35 PASS
L02 T1 K=2 N=6 links=0 par=2 bfs=2 states=35 PASS
L03 T1 K=2 N=6 links=0 par=3 bfs=3 states=35 PASS
L04 T1 K=2 N=6 links=0 par=5 bfs=5 states=35 PASS
L05 T1 K=2 N=6 links=0 par=4 bfs=4 states=35 PASS
L06 T2 K=3 N=8 links=0 par=5 bfs=5 states=511 PASS
L07 T2 K=3 N=8 links=0 par=8 bfs=8 states=511 PASS
L08 T2 K=3 N=8 links=0 par=9 bfs=9 states=511 PASS
L09 T2 K=3 N=8 links=0 par=6 bfs=6 states=511 PASS
L10 T2 K=3 N=8 links=0 par=8 bfs=8 states=511 PASS
L11 T3 K=3 N=8 links=1 par=6 bfs=6 states=511 PASS
L12 T3 K=3 N=8 links=1 par=7 bfs=7 states=511 PASS
L13 T3 K=3 N=8 links=1 par=5 bfs=5 states=511 PASS
L14 T3 K=3 N=8 links=1 par=3 bfs=3 states=511 PASS
L15 T3 K=3 N=8 links=1 par=7 bfs=7 states=511 PASS
L16 T4 K=4 N=10 links=2 par=11 bfs=11 states=9999 PASS
L17 T4 K=4 N=10 links=2 par=15 bfs=15 states=undefined PASS
L18 T4 K=4 N=10 links=2 par=8 bfs=8 states=9999 PASS
L19 T4 K=4 N=10 links=2 par=5 bfs=5 states=9999 PASS
L20 T4 K=4 N=10 links=2 par=12 bfs=12 states=9999 PASS
L21 T5 K=4 N=12 links=2 par=11 bfs=11 states=20735 PASS
L22 T5 K=4 N=12 links=2 par=16 bfs=16 states=20735 PASS
L23 T5 K=4 N=12 links=2 par=14 bfs=14 states=20735 PASS
L24 T5 K=4 N=12 links=2 par=11 bfs=11 states=20735 PASS
L25 T5 K=4 N=12 links=2 par=9 bfs=9 states=20735 PASS
L26 T6 K=5 N=12 links=3 par=9 bfs=9 states=100000 PASS
L27 T6 K=5 N=12 links=3 par=10 bfs=10 states=100000 PASS
L28 T6 K=5 N=12 links=3 par=10 bfs=10 states=100000 PASS
L29 T6 K=5 N=12 links=3 par=9 bfs=9 states=100000 PASS
L30 T6 K=5 N=12 links=3 par=8 bfs=8 states=100000 PASS

ALL 30/30 SOLVABLE, PAR VERIFIED
Independent validator:
L01 T1 K=2 N=6 links=0 offsets=[4,5] par=3 sol=3 UNIQUE
L02 T1 K=2 N=6 links=0 offsets=[5,5] par=2 sol=2 UNIQUE
L03 T1 K=2 N=6 links=0 offsets=[2,5] par=3 sol=3 UNIQUE
L04 T1 K=2 N=6 links=0 offsets=[2,3] par=5 sol=5 UNIQUE
L05 T1 K=2 N=6 links=0 offsets=[3,5] par=4 sol=4 UNIQUE
L06 T2 K=3 N=8 links=0 offsets=[1,5,1] par=5 sol=5 UNIQUE
L07 T2 K=3 N=8 links=0 offsets=[5,2,3] par=8 sol=8 UNIQUE
L08 T2 K=3 N=8 links=0 offsets=[5,3,3] par=9 sol=9 UNIQUE
L09 T2 K=3 N=8 links=0 offsets=[2,5,7] par=6 sol=6 UNIQUE
L10 T2 K=3 N=8 links=0 offsets=[2,3,3] par=8 sol=8 UNIQUE
L11 T3 K=3 N=8 links=1 offsets=[1,6,7] par=6 sol=6 UNIQUE
L12 T3 K=3 N=8 links=1 offsets=[5,2,3] par=7 sol=7 UNIQUE
L13 T3 K=3 N=8 links=1 offsets=[7,6,4] par=5 sol=5 UNIQUE
L14 T3 K=3 N=8 links=1 offsets=[6,6,7] par=3 sol=3 UNIQUE
L15 T3 K=3 N=8 links=1 offsets=[6,5,3] par=7 sol=7 UNIQUE
L16 T4 K=4 N=10 links=2 offsets=[7,2,4,4] par=11 sol=11 UNIQUE
L17 T4 K=4 N=10 links=2 offsets=[4,1,6,5] par=15 sol=15 UNIQUE
L18 T4 K=4 N=10 links=2 offsets=[1,8,3,4] par=8 sol=8 UNIQUE
L19 T4 K=4 N=10 links=2 offsets=[7,9,1,3] par=5 sol=5 UNIQUE
L20 T4 K=4 N=10 links=2 offsets=[6,3,9,8] par=12 sol=12 UNIQUE
L21 T5 K=4 N=12 links=2 offsets=[7,11,1,1] par=11 sol=11 UNIQUE
L22 T5 K=4 N=12 links=2 offsets=[11,5,2,5] par=16 sol=16 UNIQUE
L23 T5 K=4 N=12 links=2 offsets=[2,10,6,6] par=14 sol=14 UNIQUE
L24 T5 K=4 N=12 links=2 offsets=[8,8,6,1] par=11 sol=11 UNIQUE
L25 T5 K=4 N=12 links=2 offsets=[6,2,11,2] par=9 sol=9 UNIQUE
L26 T6 K=5 N=12 links=3 offsets=[7,7,1,2,1] par=9 sol=9 UNIQUE
L27 T6 K=5 N=12 links=3 offsets=[2,5,2,9,1] par=10 sol=10 UNIQUE
L28 T6 K=5 N=12 links=3 offsets=[10,5,1,9,3] par=10 sol=10 UNIQUE
L29 T6 K=5 N=12 links=3 offsets=[1,2,11,9,7] par=9 sol=9 UNIQUE
L30 T6 K=5 N=12 links=3 offsets=[8,2,10,11,3] par=8 sol=8 UNIQUE

30/30 UNIQUE solutions
VERDICT: ALL UNIQUE+VALID

--- stderr tail ---

