exit=0
--- stdout tail ---
compound-word in-engine verification: 20/20 items (18 categories played to completion + global 180-solved + daily), verdict=PASS
  data: 180 puzzles, all keys unique
  Nature: 10 accepted
  Home: 10 accepted
  Food: 10 accepted
  Body: 10 accepted
  Animals: 10 accepted
  Time: 10 accepted
  Work: 10 accepted
  Sports: 10 accepted
  Music: 10 accepted
  Travel: 10 accepted
  Weather: 10 accepted
  School: 10 accepted
  Money: 10 accepted
  Water: 10 accepted
  Sky: 10 accepted
  Tools: 10 accepted
  Clothing: 10 accepted
  Emotions: 10 accepted
  all 180 puzzles solved + persisted, coins=10900
{"pass":20,"fail":0,"total":20,"failIdx":[],"verdict":"PASS"}

--- stderr tail ---

